Microchip MPLAB XC8 Compiler V1.33 ()

Linker command line:

--edf=C:\Program Files (x86)\Microchip\xc8\v1.33\dat\en_msgs.txt -cs \
  -h+Display.sym --cmf=Display.cmf -z -Q18F452 \
  -oC:\Users\AMIEian\AppData\Local\Temp\s614.6 -MDisplay.map -E1 -ver=XC8 \
  -ASTACK=080h-05ffh -pstack=STACK -ACODE=00h-03FFFhx2 -ACONST=00h-07FFFh \
  -ASMALLCONST=0600h-06FFhx122 -AMEDIUMCONST=0600h-07FFFh -ACOMRAM=01h-07Fh \
  -AABS1=00h-05FFh -ABIGRAM=01h-05FFh -ARAM=080h-0FFh,0100h-01FFhx5 \
  -ABANK0=080h-0FFh -ABANK1=0100h-01FFh -ABANK2=0200h-02FFh \
  -ABANK3=0300h-03FFh -ABANK4=0400h-04FFh -ABANK5=0500h-05FFh \
  -ASFR=0F80h-0FFFh \
  -preset_vec=00h,intcode=08h,intcodelo,powerup,init,end_init \
  -pramtop=0600h -psmallconst=SMALLCONST -pmediumconst=MEDIUMCONST \
  -pconst=CONST -AFARRAM=00h-00h -ACONFIG=0300000h-030000Dh -pconfig=CONFIG \
  -AIDLOC=0200000h-0200007h -pidloc=IDLOC -AEEDATA=0F00000h-0F000FFh \
  -peeprom_data=EEDATA \
  -prdata=COMRAM,nvrram=COMRAM,nvbit=COMRAM,rbss=COMRAM,rbit=COMRAM \
  -pfarbss=FARRAM,fardata=FARRAM,nvFARRAM=FARRAM \
  -pintsave_regs=BIGRAM,bigbss=BIGRAM,bigdata=BIGRAM -pbss=RAM \
  -pidata=CODE,irdata=CODE,ibigdata=CODE,ifardata=CODE startup.obj \
  Display.obj 

Object code version is 3.11

Machine type is 18F452

Call graph: (short form)




                Name                               Link     Load   Length Selector   Space Scale
startup.obj     end_init                             CC       CC        4        4       0
                text                                468      468        2        4       0
                reset_vec                             0        0        6        0       0
Display.obj     intcode                               8        8       C4        4       0
                text3                               430      430       2A        4       0
                text2                               2C4      2C4       A8        4       0
                text1                               36C      36C       94        4       0
                text0                                D0       D0      1F4        4       0
                cstackCOMRAM                          1        1       1C        1       1
                dataCOMRAM                           1D       1D        E        1       1
                bssCOMRAM                            2B       2B        3        1       1
                cinit                               400      400       30        4       0
                idataCOMRAM                         45A      45A        E        4       0

TOTAL           Name                               Link     Load   Length     Space
        CLASS   STACK          

        CLASS   CODE           
                end_init                             CC       CC        4         0
                text                                468      468        2         0
                intcode                               8        8       C4         0
                reset_vec                             0        0        6         0
                text3                               430      430       2A         0
                text2                               2C4      2C4       A8         0
                text1                               36C      36C       94         0
                text0                                D0       D0      1F4         0
                cinit                               400      400       30         0
                idataCOMRAM                         45A      45A        E         0

        CLASS   CONST          

        CLASS   SMALLCONST     

        CLASS   MEDIUMCONST    

        CLASS   COMRAM         
                cstackCOMRAM                          1        1       1C         1
                dataCOMRAM                           1D       1D        E         1
                bssCOMRAM                            2B       2B        3         1

        CLASS   ABS1           

        CLASS   BIGRAM         

        CLASS   RAM            

        CLASS   BANK0          

        CLASS   BANK1          

        CLASS   BANK2          

        CLASS   BANK3          

        CLASS   BANK4          

        CLASS   BANK5          

        CLASS   SFR            

        CLASS   FARRAM         

        CLASS   CONFIG         

        CLASS   IDLOC          

        CLASS   EEDATA         



SEGMENTS        Name                           Load    Length   Top    Selector   Space  Class

                reset_vec                      000000  000006  000006         0       0  CODE    
                cstackCOMRAM                   000001  00002D  00002E         1       1  COMRAM  
                intcode                        000008  000462  00046A         4       0  CODE    


UNUSED ADDRESS RANGES

        Name                Unused          Largest block    Delta
        BANK0            0080-00FF             80
        BANK1            0100-01FF            100
        BANK2            0200-02FF            100
        BANK3            0300-03FF            100
        BANK4            0400-04FF            100
        BANK5            0500-05FF            100
        BIGRAM           002E-05FF            5D2
        CODE             0006-0007              2
                         046A-7FFF           3B96
        COMRAM           002E-007F             52
        CONFIG           300000-30000D              E
        CONST            0006-0007              2
                         046A-7FFF           7B96
        EEDATA           F00000-F000FF            100
        IDLOC            200000-200007              8
        MEDIUMCONST      0600-7FFF           7A00
        RAM              0080-05FF            100
        SFR              0F80-0FFF             80
        SMALLCONST       0600-7FFF            100
        STACK            0080-05FF            580

                                  Symbol Table

?___awdiv                  cstackCOMRAM 000F
?___awmod                  cstackCOMRAM 000F
MY_DELAY@Count             cstackCOMRAM 0010
MY_DELAY@sec               cstackCOMRAM 000F
_ADCON1                    (abs)        0FC1
_INTCON                    (abs)        0FF2
_MY_DELAY                  text3        0430
_PORTB                     (abs)        0F81
_PORTC                     (abs)        0F82
_PORTD                     (abs)        0F83
_PORTE                     (abs)        0F84
_RB0                       (abs)        7C08
_RB1                       (abs)        7C09
_RCON                      (abs)        0FD0
_T0CON                     (abs)        0FD5
_T0IF                      (abs)        7F92
_T1CON                     (abs)        0FCD
_TMR0                      (abs)        0FD6
_TMR1IF                    (abs)        7CF0
_TRISB                     (abs)        0F93
_TRISC                     (abs)        0F94
_TRISD                     (abs)        0F95
_TRISE                     (abs)        0F96
__HRAM                     (abs)        0000
__Habs1                    abs1         0000
__Hbank0                   bank0        0000
__Hbank1                   bank1        0000
__Hbank2                   bank2        0000
__Hbank3                   bank3        0000
__Hbank4                   bank4        0000
__Hbank5                   bank5        0000
__Hbigbss                  bigbss       0000
__Hbigdata                 bigdata      0000
__Hbigram                  bigram       0000
__Hbss                     bss          0000
__HbssCOMRAM               bssCOMRAM    0000
__Hcinit                   cinit        0000
__Hclrtext                 clrtext      0000
__Hcomram                  comram       0000
__Hconfig                  config       0000
__Hconst                   const        0000
__HcstackCOMRAM            cstackCOMRAM 0000
__Hdata                    data         0000
__HdataCOMRAM              dataCOMRAM   0000
__Heeprom_data             eeprom_data  0000
__Hend_init                end_init     00D0
__Hfarbss                  farbss       0000
__Hfardata                 fardata      0000
__Hibigdata                ibigdata     0000
__Hidata                   idata        0000
__HidataCOMRAM             idataCOMRAM  0000
__Hidloc                   idloc        0000
__Hifardata                ifardata     0000
__Hinit                    init         00CC
__Hintcode                 intcode      00CC
__Hintcode_body            intcode_body 0000
__Hintcodelo               intcodelo    00CC
__Hintentry                intentry     0000
__Hintret                  intret       0000
__Hintsave_regs            intsave_regs 0000
__Hirdata                  irdata       0000
__Hmediumconst             mediumconst  0000
__HnvFARRAM                nvFARRAM     0000
__Hnvbit                   nvbit        0000
__Hnvrram                  nvrram       0000
__Hparam                   rparam       0000
__Hpowerup                 powerup      00CC
__Hram                     ram          0000
__Hramtop                  ramtop       0600
__Hrbit                    rbit         0000
__Hrbss                    rbss         0000
__Hrdata                   rdata        0000
__Hreset_vec               reset_vec    0006
__Hrparam                  rparam       0000
__Hsfr                     sfr          0000
__Hsmallconst              smallconst   0000
__Hspace_0                 (abs)        0600
__Hspace_1                 (abs)        002E
__Hspace_2                 (abs)        0000
__Hstack                   stack        0000
__Hstruct                  struct       0000
__Htemp                    temp         0000
__Htext                    text         0000
__Htext0                   text0        0000
__Htext1                   text1        0000
__Htext2                   text2        0000
__Htext3                   text3        0000
__LRAM                     (abs)        0001
__Labs1                    abs1         0000
__Lbank0                   bank0        0000
__Lbank1                   bank1        0000
__Lbank2                   bank2        0000
__Lbank3                   bank3        0000
__Lbank4                   bank4        0000
__Lbank5                   bank5        0000
__Lbigbss                  bigbss       0000
__Lbigdata                 bigdata      0000
__Lbigram                  bigram       0000
__Lbss                     bss          0000
__LbssCOMRAM               bssCOMRAM    0000
__Lcinit                   cinit        0000
__Lclrtext                 clrtext      0000
__Lcomram                  comram       0000
__Lconfig                  config       0000
__Lconst                   const        0000
__LcstackCOMRAM            cstackCOMRAM 0000
__Ldata                    data         0000
__LdataCOMRAM              dataCOMRAM   0000
__Leeprom_data             eeprom_data  0000
__Lend_init                end_init     00CC
__Lfarbss                  farbss       0000
__Lfardata                 fardata      0000
__Libigdata                ibigdata     0000
__Lidata                   idata        0000
__LidataCOMRAM             idataCOMRAM  0000
__Lidloc                   idloc        0000
__Lifardata                ifardata     0000
__Linit                    init         00CC
__Lintcode                 intcode      0008
__Lintcode_body            intcode_body 0000
__Lintcodelo               intcodelo    00CC
__Lintentry                intentry     0000
__Lintret                  intret       0000
__Lintsave_regs            intsave_regs 0000
__Lirdata                  irdata       0000
__Lmediumconst             mediumconst  0000
__LnvFARRAM                nvFARRAM     0000
__Lnvbit                   nvbit        0000
__Lnvrram                  nvrram       0000
__Lparam                   rparam       0000
__Lpowerup                 powerup      00CC
__Lram                     ram          0000
__Lramtop                  ramtop       0600
__Lrbit                    rbit         0000
__Lrbss                    rbss         0000
__Lrdata                   rdata        0000
__Lreset_vec               reset_vec    0000
__Lrparam                  rparam       0000
__Lsfr                     sfr          0000
__Lsmallconst              smallconst   0000
__Lspace_0                 (abs)        0000
__Lspace_1                 (abs)        0000
__Lspace_2                 (abs)        0000
__Lstack                   stack        0000
__Lstruct                  struct       0000
__Ltemp                    temp         0000
__Ltext                    text         0000
__Ltext0                   text0        0000
__Ltext1                   text1        0000
__Ltext2                   text2        0000
__Ltext3                   text3        0000
__S0                       (abs)        046A
__S1                       (abs)        002E
__S2                       (abs)        0000
___awdiv                   text2        02C4
___awdiv@counter           cstackCOMRAM 0013
___awdiv@dividend          cstackCOMRAM 000F
___awdiv@divisor           cstackCOMRAM 0011
___awdiv@quotient          cstackCOMRAM 0015
___awdiv@sign              cstackCOMRAM 0014
___awmod                   text1        036C
___awmod@counter           cstackCOMRAM 0013
___awmod@dividend          cstackCOMRAM 000F
___awmod@divisor           cstackCOMRAM 0011
___awmod@sign              cstackCOMRAM 0014
___inthi_sp                stack        0000
___intlo_sp                stack        0000
___sp                      stack        0000
__accesstop                (abs)        0080
__activetblptr             (abs)        0002
__cntErrataNOP_Display.obj (abs)        000A
__cntErrataNOP_startup.obj (abs)        0001
__end_of_MY_DELAY          text3        045A
__end_of___awdiv           text2        036C
__end_of___awmod           text1        0400
__end_of__initialization   cinit        0426
__end_of_main              text0        02C4
__end_of_tmr_int           intcode      00CA
__initialization           cinit        0400
__mediumconst              mediumconst  0000
__pbssCOMRAM               bssCOMRAM    002B
__pcinit                   cinit        0400
__pcstackCOMRAM            cstackCOMRAM 0001
__pdataCOMRAM              dataCOMRAM   001D
__pidataCOMRAM             idataCOMRAM  045A
__pintcode                 intcode      0008
__ptext0                   text0        00D0
__ptext1                   text1        036C
__ptext2                   text2        02C4
__ptext3                   text3        0430
__ramtop                   ramtop       0600
__size_of_MY_DELAY         (abs)        0000
__size_of___awdiv          (abs)        0000
__size_of___awmod          (abs)        0000
__size_of_main             (abs)        0000
__size_of_tmr_int          (abs)        0000
__smallconst               smallconst   0000
_adr                       bssCOMRAM    002B
_blink                     bssCOMRAM    002C
_count                     bssCOMRAM    002D
_main                      text0        00D0
_tmr_int                   intcode      0008
_values                    dataCOMRAM   001D
end_of_initialization      cinit        0426
intlevel0                  text         0468
intlevel1                  text         0468
intlevel2                  text         0468
intlevel3                  text         0468
main@debounce              cstackCOMRAM 0018
main@portd_old_status      cstackCOMRAM 0017
main@set_flow              cstackCOMRAM 001A
main@set_pressure          cstackCOMRAM 0019
main@tens                  cstackCOMRAM 001C
main@units                 cstackCOMRAM 001B
stackhi                    (abs)        05FF
stacklo                    (abs)        0080
start                      init         00CC
start_initialization       cinit        0400


FUNCTION INFORMATION:

 *************** function _main *****************
 Defined at:
		line 10 in file "E:\Study Material\XC8 PROJECTS\CO2 Display\disp.c"
 Parameters:    Size  Location     Type
		None
 Auto vars:     Size  Location     Type
  tens            1   27[COMRAM] unsigned char 
  units           1   26[COMRAM] unsigned char 
  set_flow        1   25[COMRAM] unsigned char 
  set_pressure    1   24[COMRAM] unsigned char 
  debounce        1   23[COMRAM] unsigned char 
  portd_old_st    1   22[COMRAM] unsigned char 
 Return value:  Size  Location     Type
		None               void
 Registers used:
		wreg, status,2, status,0, prodl, cstack
 Tracked objects:
		On entry : 
		On exit  : 
		Unchanged: 
 Data sizes:     COMRAM   BANK0   BANK1   BANK2   BANK3   BANK4   BANK5
      Params:         0       0       0       0       0       0       0
      Locals:         6       0       0       0       0       0       0
      Temps:          0       0       0       0       0       0       0
      Totals:         6       0       0       0       0       0       0
Total ram usage:        6 bytes
 Hardware stack levels required when called:    2
 This function calls:
		_MY_DELAY
		___awdiv
		___awmod
 This function is called by:
		Startup code after reset
 This function uses a non-reentrant model


 *************** function ___awmod *****************
 Defined at:
		line 8 in file "C:\Program Files (x86)\Microchip\xc8\v1.33\sources\common\awmod.c"
 Parameters:    Size  Location     Type
  dividend        2   14[COMRAM] int 
  divisor         2   16[COMRAM] int 
 Auto vars:     Size  Location     Type
  sign            1   19[COMRAM] unsigned char 
  counter         1   18[COMRAM] unsigned char 
 Return value:  Size  Location     Type
                  2   14[COMRAM] int 
 Registers used:
		wreg, status,2, status,0, prodl
 Tracked objects:
		On entry : 
		On exit  : 
		Unchanged: 
 Data sizes:     COMRAM   BANK0   BANK1   BANK2   BANK3   BANK4   BANK5
      Params:         4       0       0       0       0       0       0
      Locals:         2       0       0       0       0       0       0
      Temps:          0       0       0       0       0       0       0
      Totals:         6       0       0       0       0       0       0
Total ram usage:        6 bytes
 Hardware stack levels used:    1
 Hardware stack levels required when called:    1
 This function calls:
		Nothing
 This function is called by:
		_main
 This function uses a non-reentrant model


 *************** function ___awdiv *****************
 Defined at:
		line 8 in file "C:\Program Files (x86)\Microchip\xc8\v1.33\sources\common\awdiv.c"
 Parameters:    Size  Location     Type
  dividend        2   14[COMRAM] int 
  divisor         2   16[COMRAM] int 
 Auto vars:     Size  Location     Type
  quotient        2   20[COMRAM] int 
  sign            1   19[COMRAM] unsigned char 
  counter         1   18[COMRAM] unsigned char 
 Return value:  Size  Location     Type
                  2   14[COMRAM] int 
 Registers used:
		wreg, status,2, status,0, prodl
 Tracked objects:
		On entry : 
		On exit  : 
		Unchanged: 
 Data sizes:     COMRAM   BANK0   BANK1   BANK2   BANK3   BANK4   BANK5
      Params:         4       0       0       0       0       0       0
      Locals:         4       0       0       0       0       0       0
      Temps:          0       0       0       0       0       0       0
      Totals:         8       0       0       0       0       0       0
Total ram usage:        8 bytes
 Hardware stack levels used:    1
 Hardware stack levels required when called:    1
 This function calls:
		Nothing
 This function is called by:
		_main
 This function uses a non-reentrant model


 *************** function _MY_DELAY *****************
 Defined at:
		line 157 in file "E:\Study Material\XC8 PROJECTS\CO2 Display\disp.c"
 Parameters:    Size  Location     Type
  sec             1    wreg     unsigned char 
 Auto vars:     Size  Location     Type
  sec             1   14[COMRAM] unsigned char 
  Count           1   15[COMRAM] unsigned char 
 Return value:  Size  Location     Type
		None               void
 Registers used:
		wreg, status,2, status,0
 Tracked objects:
		On entry : 
		On exit  : 
		Unchanged: 
 Data sizes:     COMRAM   BANK0   BANK1   BANK2   BANK3   BANK4   BANK5
      Params:         0       0       0       0       0       0       0
      Locals:         2       0       0       0       0       0       0
      Temps:          0       0       0       0       0       0       0
      Totals:         2       0       0       0       0       0       0
Total ram usage:        2 bytes
 Hardware stack levels used:    1
 Hardware stack levels required when called:    1
 This function calls:
		Nothing
 This function is called by:
		_main
 This function uses a non-reentrant model


 *************** function _tmr_int *****************
 Defined at:
		line 136 in file "E:\Study Material\XC8 PROJECTS\CO2 Display\disp.c"
 Parameters:    Size  Location     Type
		None
 Auto vars:     Size  Location     Type
		None
 Return value:  Size  Location     Type
		None               void
 Registers used:
		wreg, fsr2l, fsr2h, status,2, status,0, prodl, prodh
 Tracked objects:
		On entry : 
		On exit  : 
		Unchanged: 
 Data sizes:     COMRAM   BANK0   BANK1   BANK2   BANK3   BANK4   BANK5
      Params:         0       0       0       0       0       0       0
      Locals:         0       0       0       0       0       0       0
      Temps:         14       0       0       0       0       0       0
      Totals:        14       0       0       0       0       0       0
Total ram usage:       14 bytes
 Hardware stack levels used:    1
 This function calls:
		Nothing
 This function is called by:
		Interrupt level 2
 This function uses a non-reentrant model



MODULE INFORMATION

Module		Function		Class		Link	Load	Size
C:\Program Files (x86)\Microchip\xc8\v1.33\sources\common\awmod.c
		___awmod       		CODE           	036C	0000	148

C:\Program Files (x86)\Microchip\xc8\v1.33\sources\common\awmod.c estimated size: 148

E:\Study Material\XC8 PROJECTS\CO2 Display\disp.c
		_main          		CODE           	00D0	0000	500
		_tmr_int       		CODE           	0008	0000	194
		_MY_DELAY      		CODE           	0430	0000	42

E:\Study Material\XC8 PROJECTS\CO2 Display\disp.c estimated size: 736

C:\Program Files (x86)\Microchip\xc8\v1.33\sources\common\awdiv.c
		___awdiv       		CODE           	02C4	0000	168

C:\Program Files (x86)\Microchip\xc8\v1.33\sources\common\awdiv.c estimated size: 168

shared
		__initializatio		CODE           	0400	0000	38

shared estimated size: 38

