Microchip MPLAB XC8 Compiler V1.12 ()

Linker command line:

--edf=D:\Program Files\Microchip\xc8\v1.12\dat\en_msgs.txt -cs \
  -h+dist/default/production\Thermometer.X.production.sym -z -Q16F877A \
  -ol.obj -Mdist/default/production/Thermometer.X.production.map -E1 \
  -ver=XC8 -ACONST=00h-0FFhx32 -ACODE=00h-07FFhx4 -ASTRCODE=00h-01FFFh \
  -AENTRY=00h-0FFhx32 -ASTRING=00h-0FFhx32 -ACOMMON=070h-07Fh \
  -ABANK0=020h-06Fh -ABANK1=0A0h-0EFh -ABANK2=0110h-016Fh \
  -ABANK3=0190h-01EFh -ARAM=020h-06Fh,0A0h-0EFh,0110h-016Fh,0190h-01EFh \
  -AABS1=020h-07Fh,0A0h-0EFh,0110h-016Fh,0190h-01EFh -ASFR0=00h-01Fh \
  -ASFR1=080h-09Fh -ASFR2=0100h-010Fh -ASFR3=0180h-018Fh \
  -preset_vec=00h,intentry,init,end_init -ppowerup=CODE -pfunctab=CODE \
  -ACONFIG=02007h-02007h -pconfig=CONFIG -DCONFIG=2 -AIDLOC=02000h-02003h \
  -pidloc=IDLOC -DIDLOC=2 -AEEDATA=00h-0FFh/02100h -peeprom_data=EEDATA \
  -DEEDATA=2 -DCODE=2 -DSTRCODE=2 -DSTRING=2 -DCONST=2 -DENTRY=2 -k \
  C:\DOCUME~1\AVINAS~1\LOCALS~1\Temp\s5jo.obj \
  dist/default/production\Thermometer.X.production.obj 

Object code version is 3.10

Machine type is 16F877A



                Name                               Link     Load   Length Selector   Space Scale
C:\DOCUME~1\AVINAS~1\LOCALS~1\Temp\s5jo.obj
                end_init                              0        0        3        0       0
                config                             2007     2007        1     400E       0
dist/default/production\Thermometer.X.production.obj
                text365                             3C5      3C5       7B      78A       0
                text364                             FD2      FD2       17     1FA4       0
                text363                             1A9      1A9       64      352       0
                text362                             2E0      2E0       72      5C0       0
                text361                             4D3      4D3       A4      9A6       0
                text360                             712      712       EE      E24       0
                text359                             577      577       C8      AEE       0
                text358                              B6       B6       4D      16C       0
                text357                              16       16       2F       2C       0
                text356                             150      150       59      2A0       0
                text355                             103      103       4D      206       0
                text354                             63F      63F       D3      C7E       0
                text353                              45       45       31       8A       0
                text352                             440      440       93      880       0
                text351                             352      352       73      6A4       0
                text350                             FC0      FC0       12     1F80       0
                text349                             273      273       6D      4E6       0
                maintext                            20D      20D       66      41A       0
                cstackBANK0                          20       20       2E       20       1
                cstackCOMMON                         70       70        E       70       1
                inittext                              3        3       13        0       0
                dataBANK1                            A0       A0       40       A0       1
                bssBANK0                             4E       4E        5       20       1
                cinit                               FE9      FE9       17     1FD2       0
                strings                             800      800       16     1000       0
                idataBANK1                           76       76       40       EC       0

TOTAL           Name                               Link     Load   Length     Space
        CLASS   CONST          

        CLASS   CODE           
                end_init                              0        0        3         0
                text365                             3C5      3C5       7B         0
                text364                             FD2      FD2       17         0
                text363                             1A9      1A9       64         0
                text362                             2E0      2E0       72         0
                text361                             4D3      4D3       A4         0
                text360                             712      712       EE         0
                text359                             577      577       C8         0
                text358                              B6       B6       4D         0
                text357                              16       16       2F         0
                text356                             150      150       59         0
                text355                             103      103       4D         0
                text354                             63F      63F       D3         0
                text353                              45       45       31         0
                text352                             440      440       93         0
                text351                             352      352       73         0
                text350                             FC0      FC0       12         0
                text349                             273      273       6D         0
                maintext                            20D      20D       66         0
                inittext                              3        3       13         0
                cinit                               FE9      FE9       17         0
                idataBANK1                           76       76       40         0

        CLASS   STRCODE        

        CLASS   ENTRY          

        CLASS   STRING         
                strings                             800      800       16         0

        CLASS   COMMON         
                cstackCOMMON                         70       70        E         1

        CLASS   BANK0          
                cstackBANK0                          20       20       2E         1
                bssBANK0                             4E       4E        5         1

        CLASS   BANK1          
                dataBANK1                            A0       A0       40         1

        CLASS   BANK2          

        CLASS   BANK3          

        CLASS   RAM            

        CLASS   ABS1           
                abs_s1                               7E       7E        2         1

        CLASS   SFR0           

        CLASS   SFR1           

        CLASS   SFR2           

        CLASS   SFR3           

        CLASS   CONFIG         
                config                             2007     2007        1         0

        CLASS   IDLOC          

        CLASS   EEDATA         



SEGMENTS        Name                           Load    Length   Top    Selector   Space  Class     Delta

                reset_vec                      000000  000016  000016         0       0  CODE        2
                cstackBANK0                    000020  000033  000053        20       1  BANK0       1
                text357                        000016  00002F  000045        2C       0  CODE        2
                cstackCOMMON                   000070  00000E  00007E        70       1  COMMON      1
                text353                        000045  000031  000076        8A       0  CODE        2
                dataBANK1                      0000A0  000040  0000E0        A0       1  BANK1       1
                idataBANK1                     000076  000040  0000B6        EC       0  CODE        2
                text358                        0000B6  00004D  000103       16C       0  CODE        2
                text355                        000103  00004D  000150       206       0  CODE        2
                text356                        000150  000059  0001A9       2A0       0  CODE        2
                text363                        0001A9  000064  00020D       352       0  CODE        2
                maintext                       00020D  000066  000273       41A       0  CODE        2
                text349                        000273  00006D  0002E0       4E6       0  CODE        2
                text362                        0002E0  000072  000352       5C0       0  CODE        2
                text351                        000352  000073  0003C5       6A4       0  CODE        2
                text365                        0003C5  00007B  000440       78A       0  CODE        2
                text352                        000440  000093  0004D3       880       0  CODE        2
                text361                        0004D3  0000A4  000577       9A6       0  CODE        2
                text359                        000577  0000C8  00063F       AEE       0  CODE        2
                text354                        00063F  0000D3  000712       C7E       0  CODE        2
                text360                        000712  0000EE  000800       E24       0  CODE        2
                strings                        000800  000016  000816      1000       0  STRING      2
                text350                        000FC0  000012  000FD2      1F80       0  CODE        2
                text364                        000FD2  000017  000FE9      1FA4       0  CODE        2
                cinit                          000FE9  000017  001000      1FD2       0  CODE        2
                config                         002007  000001  002008      400E       0  CONFIG      2


UNUSED ADDRESS RANGES

        Name                Unused          Largest block    Delta
        BANK0            0053-006F             1D           1
        BANK1            00E0-00EF             10           1
        BANK2            0110-016F             60           1
        BANK3            0190-01EF             60           1
        CODE             0816-0FBF            7AA           2
                         1000-1FFF            800
        CONST            0816-0FBF            100           2
                         1000-1FFF            100
        EEDATA           2100-21FF            100           2
        ENTRY            0816-0FBF            100           2
                         1000-1FFF            100
        IDLOC            2000-2003              4           2
        RAM              0053-006F             1D           1
                         00E0-00EF             10
                         0110-016F             60
                         0190-01EF             60
        SFR0             0000-001F             20           1
        SFR1             0080-009F             20           1
        SFR2             0100-010F             10           1
        SFR3             0180-018F             10           1
        STRCODE          0816-0FBF            7AA           2
                         1000-1FFF           1000
        STRING           0816-0FBF            100           2
                         1000-1FFF            100

                                  Symbol Table

?_LCDByte                cstackCOMMON 0075
?_LCDGotoXY              cstackCOMMON 007C
?_LCDWriteInt            cstackBANK0  0020
?_LM35ReadTemp           cstackBANK0  0040
?_ReadADC                cstackCOMMON 0070
?___awdiv                cstackCOMMON 0070
?___awmod                cstackCOMMON 0070
?___ftdiv                cstackBANK0  0020
?___ftmul                cstackBANK0  0030
?___ftpack               cstackCOMMON 0070
?___fttol                cstackCOMMON 0070
?___lwdiv                cstackCOMMON 0070
?___lwtoft               cstackCOMMON 0078
LCDBusyLoop@busy         cstackCOMMON 0072
LCDBusyLoop@status       cstackCOMMON 0074
LCDBusyLoop@temp         cstackCOMMON 0073
LCDByte@c                cstackCOMMON 007A
LCDByte@hn               cstackCOMMON 0078
LCDByte@isdata           cstackCOMMON 0075
LCDByte@ln               cstackCOMMON 0079
LCDByte@temp             cstackCOMMON 007B
LCDGotoXY@x              cstackBANK0  0020
LCDGotoXY@y              cstackCOMMON 007C
LCDInit@__i              cstackBANK0  0021
LCDInit@style            cstackBANK0  0020
LCDWriteInt@F1160        bssBANK0     004E
LCDWriteInt@field_length cstackBANK0  0022
LCDWriteInt@i            cstackBANK0  002C
LCDWriteInt@j            cstackBANK0  002A
LCDWriteInt@str          cstackBANK0  0025
LCDWriteInt@val          cstackBANK0  0020
LCDWriteString@cc        cstackBANK0  0020
LCDWriteString@msg       cstackBANK0  0021
LM35ReadTemp@adc_value   cstackBANK0  0046
LM35ReadTemp@t           cstackBANK0  0043
ReadADC@ch               cstackCOMMON 0073
_ADCInit                 text350      0FC0
_ADCON0bits              (abs)        001F
_ADCON1bits              (abs)        009F
_ADRESH                  (abs)        001E
_ADRESL                  (abs)        009E
_LCDBusyLoop             text356      0150
_LCDByte                 text355      0103
_LCDGotoXY               text353      0045
_LCDInit                 text349      0273
_LCDWriteInt             text354      063F
_LCDWriteString          text351      0352
_LM35ReadTemp            text352      0440
_PORTD                   (abs)        0008
_RB1                     (abs)        0031
_RB2                     (abs)        0032
_RD4                     (abs)        0044
_ReadADC                 text357      0016
_TRISBbits               (abs)        0086
_TRISD                   (abs)        0088
_TRISDbits               (abs)        0088
__CFG_BOREN$ON           (abs)        0000
__CFG_CP$OFF             (abs)        0000
__CFG_CPD$OFF            (abs)        0000
__CFG_FOSC$HS            (abs)        0000
__CFG_LVP$ON             (abs)        0000
__CFG_PWRTE$OFF          (abs)        0000
__CFG_WDTE$OFF           (abs)        0000
__CFG_WRT$OFF            (abs)        0000
__Habs1                  abs1         0000
__Hbank0                 bank0        0000
__Hbank1                 bank1        0000
__Hbank2                 bank2        0000
__Hbank3                 bank3        0000
__HbssBANK0              bssBANK0     0000
__Hcinit                 cinit        0000
__Hclrtext               clrtext      0000
__Hcode                  code         0000
__Hcommon                common       0000
__Hconfig                config       2008
__HcstackBANK0           cstackBANK0  0000
__HcstackCOMMON          cstackCOMMON 0000
__HdataBANK1             dataBANK1    0000
__Heeprom_data           eeprom_data  0000
__Hend_init              end_init     0003
__Hfunctab               functab      0000
__HidataBANK1            idataBANK1   0000
__Hidloc                 idloc        0000
__Hinit                  init         0000
__Hinittext              inittext     0000
__Hintentry              intentry     0000
__Hmaintext              maintext     0000
__Hpowerup               powerup      0000
__Hram                   ram          0000
__Hreset_vec             reset_vec    0000
__Hsfr0                  sfr0         0000
__Hsfr1                  sfr1         0000
__Hsfr2                  sfr2         0000
__Hsfr3                  sfr3         0000
__Hstrings               strings      0000
__Htext                  text         0000
__Labs1                  abs1         0000
__Lbank0                 bank0        0000
__Lbank1                 bank1        0000
__Lbank2                 bank2        0000
__Lbank3                 bank3        0000
__LbssBANK0              bssBANK0     0000
__Lcinit                 cinit        0000
__Lclrtext               clrtext      0000
__Lcode                  code         0000
__Lcommon                common       0000
__Lconfig                config       2007
__LcstackBANK0           cstackBANK0  0000
__LcstackCOMMON          cstackCOMMON 0000
__LdataBANK1             dataBANK1    0000
__Leeprom_data           eeprom_data  0000
__Lend_init              end_init     0000
__Lfunctab               functab      0000
__LidataBANK1            idataBANK1   0000
__Lidloc                 idloc        0000
__Linit                  init         0000
__Linittext              inittext     0000
__Lintentry              intentry     0000
__Lmaintext              maintext     0000
__Lpowerup               powerup      0000
__Lram                   ram          0000
__Lreset_vec             reset_vec    0000
__Lsfr0                  sfr0         0000
__Lsfr1                  sfr1         0000
__Lsfr2                  sfr2         0000
__Lsfr3                  sfr3         0000
__Lstrings               strings      0000
__Ltext                  text         0000
__S0                     (abs)        2008
__S1                     (abs)        00E0
__S2                     (abs)        0000
___awdiv                 text362      02E0
___awdiv@counter         cstackCOMMON 0075
___awdiv@dividend        cstackCOMMON 0072
___awdiv@divisor         cstackCOMMON 0070
___awdiv@quotient        cstackCOMMON 0077
___awdiv@sign            cstackCOMMON 0076
___awmod                 text363      01A9
___awmod@counter         cstackCOMMON 0075
___awmod@dividend        cstackCOMMON 0072
___awmod@divisor         cstackCOMMON 0070
___awmod@sign            cstackCOMMON 0076
___cgram                 dataBANK1    00A0
___ftdiv                 text359      0577
___ftdiv@cntr            cstackBANK0  002A
___ftdiv@exp             cstackBANK0  002E
___ftdiv@f1              cstackBANK0  0023
___ftdiv@f2              cstackBANK0  0020
___ftdiv@f3              cstackBANK0  002B
___ftdiv@sign            cstackBANK0  002F
___ftmul                 text360      0712
___ftmul@cntr            cstackBANK0  003E
___ftmul@exp             cstackBANK0  003A
___ftmul@f1              cstackBANK0  0030
___ftmul@f2              cstackBANK0  0033
___ftmul@f3_as_product   cstackBANK0  003B
___ftmul@sign            cstackBANK0  003F
___ftpack                text365      03C5
___ftpack@arg            cstackCOMMON 0070
___ftpack@exp            cstackCOMMON 0073
___ftpack@sign           cstackCOMMON 0074
___fttol                 text361      04D3
___fttol@exp1            cstackCOMMON 007D
___fttol@f1              cstackCOMMON 0070
___fttol@lval            cstackCOMMON 0079
___fttol@sign1           cstackCOMMON 0078
___lwdiv                 text358      00B6
___lwdiv@counter         cstackCOMMON 0077
___lwdiv@dividend        cstackCOMMON 0072
___lwdiv@divisor         cstackCOMMON 0070
___lwdiv@quotient        cstackCOMMON 0075
___lwtoft                text364      0FD2
___lwtoft@c              cstackCOMMON 0078
__end_of_ADCInit         text350      0FD2
__end_of_LCDBusyLoop     text356      01A9
__end_of_LCDByte         text355      0150
__end_of_LCDGotoXY       text353      0076
__end_of_LCDInit         text349      02E0
__end_of_LCDWriteInt     text354      0712
__end_of_LCDWriteString  text351      03C5
__end_of_LM35ReadTemp    text352      04D3
__end_of_ReadADC         text357      0045
__end_of___awdiv         text362      0352
__end_of___awmod         text363      020D
__end_of___ftdiv         text359      063F
__end_of___ftmul         text360      0800
__end_of___ftpack        text365      0440
__end_of___fttol         text361      0577
__end_of___lwdiv         text358      0103
__end_of___lwtoft        text364      0FE9
__end_of__initialization cinit        0FFC
__end_of__stringdata     strings      0816
__end_of__stringtab      strings      0806
__end_of_main            maintext     0273
__initialization         cinit        0FE9
__pbssBANK0              bssBANK0     004E
__pcstackBANK0           cstackBANK0  0020
__pcstackCOMMON          cstackCOMMON 0070
__pdataBANK1             dataBANK1    00A0
__pidataBANK1            idataBANK1   0076
__pmaintext              maintext     020D
__pstrings               strings      0800
__ptext349               text349      0273
__ptext350               text350      0FC0
__ptext351               text351      0352
__ptext352               text352      0440
__ptext353               text353      0045
__ptext354               text354      063F
__ptext355               text355      0103
__ptext356               text356      0150
__ptext357               text357      0016
__ptext358               text358      00B6
__ptext359               text359      0577
__ptext360               text360      0712
__ptext361               text361      04D3
__ptext362               text362      02E0
__ptext363               text363      01A9
__ptext364               text364      0FD2
__ptext365               text365      03C5
__ptext366               text366      0000
__size_of_ADCInit        (abs)        0000
__size_of_LCDBusyLoop    (abs)        0000
__size_of_LCDByte        (abs)        0000
__size_of_LCDGotoXY      (abs)        0000
__size_of_LCDInit        (abs)        0000
__size_of_LCDWriteInt    (abs)        0000
__size_of_LCDWriteString (abs)        0000
__size_of_LM35ReadTemp   (abs)        0000
__size_of_ReadADC        (abs)        0000
__size_of___awdiv        (abs)        0000
__size_of___awmod        (abs)        0000
__size_of___ftdiv        (abs)        0000
__size_of___ftmul        (abs)        0000
__size_of___ftpack       (abs)        0000
__size_of___fttol        (abs)        0000
__size_of___lwdiv        (abs)        0000
__size_of___lwtoft       (abs)        0000
__size_of_main           (abs)        0000
__stringdata             strings      0806
__stringtab              strings      0800
_main                    maintext     020D
btemp                    (abs)        007E
end_of_initialization    cinit        0FFC
init_fetch               inittext     0003
init_ram                 inittext     0007
intlevel0                functab      0000
intlevel1                functab      0000
intlevel2                functab      0000
intlevel3                functab      0000
intlevel4                functab      0000
intlevel5                functab      0000
main@t                   cstackBANK0  004B
reset_vec                reset_vec    0000
start                    init         0000
start_initialization     cinit        0FE9
wtemp0                   (abs)        007E


FUNCTION INFORMATION:

 *************** function _main *****************
 Defined at:
		line 50 in file "thermometer.c"
 Parameters:    Size  Location     Type
		None
 Auto vars:     Size  Location     Type
  t               3   43[BANK0 ] float 
 Return value:  Size  Location     Type
		None               void
 Registers used:
		wreg, fsr0l, fsr0h, status,2, status,0, btemp+1, pclath, cstack
 Tracked objects:
		On entry : 
		On exit  : 
		Unchanged: 
 Data sizes:     COMMON   BANK0   BANK1   BANK3   BANK2
      Params:         0       0       0       0       0
      Locals:         0       3       0       0       0
      Temps:          0       3       0       0       0
      Totals:         0       6       0       0       0
Total ram usage:        6 bytes
 Hardware stack levels required when called:    3
 This function calls:
		_LCDInit
		_ADCInit
		_LCDByte
		_LCDWriteString
		_LM35ReadTemp
		_LCDGotoXY
		___fttol
		_LCDWriteInt
 This function is called by:
		Startup code after reset
 This function uses a non-reentrant model


 *************** function _LCDInit *****************
 Defined at:
		line 194 in file "lcd_hd44780_pic16.c"
 Parameters:    Size  Location     Type
  style           1    wreg     unsigned char 
 Auto vars:     Size  Location     Type
  style           1    0[BANK0 ] unsigned char 
  __i             1    1[BANK0 ] unsigned char 
 Return value:  Size  Location     Type
		None               void
 Registers used:
		wreg, fsr0l, fsr0h, status,2, status,0, pclath, cstack
 Tracked objects:
		On entry : 
		On exit  : 
		Unchanged: 
 Data sizes:     COMMON   BANK0   BANK1   BANK3   BANK2
      Params:         0       0       0       0       0
      Locals:         0       2       0       0       0
      Temps:          2       0       0       0       0
      Totals:         2       2       0       0       0
Total ram usage:        4 bytes
 Hardware stack levels used:    1
 Hardware stack levels required when called:    2
 This function calls:
		_LCDBusyLoop
		_LCDByte
 This function is called by:
		_main
 This function uses a non-reentrant model


 *************** function _ADCInit *****************
 Defined at:
		line 8 in file "adc_pic16.c"
 Parameters:    Size  Location     Type
		None
 Auto vars:     Size  Location     Type
		None
 Return value:  Size  Location     Type
		None               void
 Registers used:
		wreg, status,2, status,0
 Tracked objects:
		On entry : 
		On exit  : 
		Unchanged: 
 Data sizes:     COMMON   BANK0   BANK1   BANK3   BANK2
      Params:         0       0       0       0       0
      Locals:         0       0       0       0       0
      Temps:          0       0       0       0       0
      Totals:         0       0       0       0       0
Total ram usage:        0 bytes
 Hardware stack levels used:    1
 This function calls:
		Nothing
 This function is called by:
		_main
 This function uses a non-reentrant model


 *************** function _LCDWriteString *****************
 Defined at:
		line 252 in file "lcd_hd44780_pic16.c"
 Parameters:    Size  Location     Type
  msg             1    wreg     PTR const unsigned char 
		 -> STR_2(4), STR_1(12), 
 Auto vars:     Size  Location     Type
  msg             1    1[BANK0 ] PTR const unsigned char 
		 -> STR_2(4), STR_1(12), 
  cc              1    0[BANK0 ] char 
 Return value:  Size  Location     Type
		None               void
 Registers used:
		wreg, fsr0l, fsr0h, status,2, status,0, pclath, cstack
 Tracked objects:
		On entry : 
		On exit  : 
		Unchanged: 
 Data sizes:     COMMON   BANK0   BANK1   BANK3   BANK2
      Params:         0       0       0       0       0
      Locals:         0       2       0       0       0
      Temps:          1       0       0       0       0
      Totals:         1       2       0       0       0
Total ram usage:        3 bytes
 Hardware stack levels used:    1
 Hardware stack levels required when called:    2
 This function calls:
		_LCDByte
 This function is called by:
		_main
 This function uses a non-reentrant model


 *************** function _LM35ReadTemp *****************
 Defined at:
		line 9 in file "lm35_pic16.c"
 Parameters:    Size  Location     Type
		None
 Auto vars:     Size  Location     Type
  t               3   35[BANK0 ] float 
  adc_value       2   38[BANK0 ] unsigned int 
 Return value:  Size  Location     Type
                  3   32[BANK0 ] float 
 Registers used:
		wreg, status,2, status,0, pclath, cstack
 Tracked objects:
		On entry : 
		On exit  : 
		Unchanged: 
 Data sizes:     COMMON   BANK0   BANK1   BANK3   BANK2
      Params:         0       3       0       0       0
      Locals:         0       5       0       0       0
      Temps:          1       0       0       0       0
      Totals:         1       8       0       0       0
Total ram usage:        9 bytes
 Hardware stack levels used:    1
 Hardware stack levels required when called:    2
 This function calls:
		_ReadADC
		___lwdiv
		___lwtoft
		___ftdiv
		___ftmul
 This function is called by:
		_main
 This function uses a non-reentrant model


 *************** function _LCDGotoXY *****************
 Defined at:
		line 353 in file "lcd_hd44780_pic16.c"
 Parameters:    Size  Location     Type
  x               1    wreg     unsigned char 
  y               1   12[COMMON] unsigned char 
 Auto vars:     Size  Location     Type
  x               1    0[BANK0 ] unsigned char 
 Return value:  Size  Location     Type
		None               void
 Registers used:
		wreg, fsr0l, fsr0h, status,2, status,0, pclath, cstack
 Tracked objects:
		On entry : 
		On exit  : 
		Unchanged: 
 Data sizes:     COMMON   BANK0   BANK1   BANK3   BANK2
      Params:         1       0       0       0       0
      Locals:         0       1       0       0       0
      Temps:          1       0       0       0       0
      Totals:         2       1       0       0       0
Total ram usage:        3 bytes
 Hardware stack levels used:    1
 Hardware stack levels required when called:    2
 This function calls:
		_LCDByte
 This function is called by:
		_main
 This function uses a non-reentrant model


 *************** function _LCDWriteInt *****************
 Defined at:
		line 308 in file "lcd_hd44780_pic16.c"
 Parameters:    Size  Location     Type
  val             2    0[BANK0 ] int 
  field_length    1    2[BANK0 ] char 
 Auto vars:     Size  Location     Type
  str             5    5[BANK0 ] unsigned char [5]
  i               2   12[BANK0 ] int 
  j               2   10[BANK0 ] int 
 Return value:  Size  Location     Type
		None               void
 Registers used:
		wreg, fsr0l, fsr0h, status,2, status,0, btemp+1, pclath, cstack
 Tracked objects:
		On entry : 
		On exit  : 
		Unchanged: 
 Data sizes:     COMMON   BANK0   BANK1   BANK3   BANK2
      Params:         0       3       0       0       0
      Locals:         0       9       0       0       0
      Temps:          0       2       0       0       0
      Totals:         0      14       0       0       0
Total ram usage:       14 bytes
 Hardware stack levels used:    1
 Hardware stack levels required when called:    2
 This function calls:
		_LCDByte
		___awmod
		___awdiv
 This function is called by:
		_main
 This function uses a non-reentrant model


 *************** function _LCDByte *****************
 Defined at:
		line 81 in file "lcd_hd44780_pic16.c"
 Parameters:    Size  Location     Type
  c               1    wreg     unsigned char 
  isdata          1    5[COMMON] unsigned char 
 Auto vars:     Size  Location     Type
  c               1   10[COMMON] unsigned char 
  temp            1   11[COMMON] unsigned char 
  ln              1    9[COMMON] unsigned char 
  hn              1    8[COMMON] unsigned char 
 Return value:  Size  Location     Type
		None               void
 Registers used:
		wreg, status,2, status,0, pclath, cstack
 Tracked objects:
		On entry : 
		On exit  : 
		Unchanged: 
 Data sizes:     COMMON   BANK0   BANK1   BANK3   BANK2
      Params:         1       0       0       0       0
      Locals:         4       0       0       0       0
      Temps:          2       0       0       0       0
      Totals:         7       0       0       0       0
Total ram usage:        7 bytes
 Hardware stack levels used:    1
 Hardware stack levels required when called:    1
 This function calls:
		_LCDBusyLoop
 This function is called by:
		_main
		_LCDInit
		_LCDWriteString
		_LCDWriteInt
		_LCDGotoXY
 This function uses a non-reentrant model


 *************** function _LCDBusyLoop *****************
 Defined at:
		line 136 in file "lcd_hd44780_pic16.c"
 Parameters:    Size  Location     Type
		None
 Auto vars:     Size  Location     Type
  status          1    4[COMMON] unsigned char 
  temp            1    3[COMMON] unsigned char 
  busy            1    2[COMMON] unsigned char 
 Return value:  Size  Location     Type
		None               void
 Registers used:
		wreg, status,2, status,0
 Tracked objects:
		On entry : 
		On exit  : 
		Unchanged: 
 Data sizes:     COMMON   BANK0   BANK1   BANK3   BANK2
      Params:         0       0       0       0       0
      Locals:         3       0       0       0       0
      Temps:          2       0       0       0       0
      Totals:         5       0       0       0       0
Total ram usage:        5 bytes
 Hardware stack levels used:    1
 This function calls:
		Nothing
 This function is called by:
		_LCDByte
		_LCDInit
 This function uses a non-reentrant model


 *************** function _ReadADC *****************
 Defined at:
		line 25 in file "adc_pic16.c"
 Parameters:    Size  Location     Type
  ch              1    wreg     unsigned char 
 Auto vars:     Size  Location     Type
  ch              1    3[COMMON] unsigned char 
 Return value:  Size  Location     Type
                  2    0[COMMON] unsigned int 
 Registers used:
		wreg, status,2, status,0
 Tracked objects:
		On entry : 
		On exit  : 
		Unchanged: 
 Data sizes:     COMMON   BANK0   BANK1   BANK3   BANK2
      Params:         2       0       0       0       0
      Locals:         1       0       0       0       0
      Temps:          1       0       0       0       0
      Totals:         4       0       0       0       0
Total ram usage:        4 bytes
 Hardware stack levels used:    1
 This function calls:
		Nothing
 This function is called by:
		_LM35ReadTemp
 This function uses a non-reentrant model


 *************** function ___lwdiv *****************
 Defined at:
		line 5 in file "D:\Program Files\Microchip\xc8\v1.12\sources\lwdiv.c"
 Parameters:    Size  Location     Type
  divisor         2    0[COMMON] unsigned int 
  dividend        2    2[COMMON] unsigned int 
 Auto vars:     Size  Location     Type
  quotient        2    5[COMMON] unsigned int 
  counter         1    7[COMMON] unsigned char 
 Return value:  Size  Location     Type
                  2    0[COMMON] unsigned int 
 Registers used:
		wreg, status,2, status,0
 Tracked objects:
		On entry : 
		On exit  : 
		Unchanged: 
 Data sizes:     COMMON   BANK0   BANK1   BANK3   BANK2
      Params:         4       0       0       0       0
      Locals:         3       0       0       0       0
      Temps:          1       0       0       0       0
      Totals:         8       0       0       0       0
Total ram usage:        8 bytes
 Hardware stack levels used:    1
 This function calls:
		Nothing
 This function is called by:
		_LM35ReadTemp
 This function uses a non-reentrant model


 *************** function ___ftdiv *****************
 Defined at:
		line 50 in file "D:\Program Files\Microchip\xc8\v1.12\sources\ftdiv.c"
 Parameters:    Size  Location     Type
  f2              3    0[BANK0 ] float 
  f1              3    3[BANK0 ] float 
 Auto vars:     Size  Location     Type
  f3              3   11[BANK0 ] float 
  sign            1   15[BANK0 ] unsigned char 
  exp             1   14[BANK0 ] unsigned char 
  cntr            1   10[BANK0 ] unsigned char 
 Return value:  Size  Location     Type
                  3    0[BANK0 ] float 
 Registers used:
		wreg, status,2, status,0, pclath, cstack
 Tracked objects:
		On entry : 
		On exit  : 
		Unchanged: 
 Data sizes:     COMMON   BANK0   BANK1   BANK3   BANK2
      Params:         0       6       0       0       0
      Locals:         0       6       0       0       0
      Temps:          0       4       0       0       0
      Totals:         0      16       0       0       0
Total ram usage:       16 bytes
 Hardware stack levels used:    1
 Hardware stack levels required when called:    1
 This function calls:
		___ftpack
 This function is called by:
		_LM35ReadTemp
 This function uses a non-reentrant model


 *************** function ___ftmul *****************
 Defined at:
		line 52 in file "D:\Program Files\Microchip\xc8\v1.12\sources\ftmul.c"
 Parameters:    Size  Location     Type
  f1              3   16[BANK0 ] float 
  f2              3   19[BANK0 ] float 
 Auto vars:     Size  Location     Type
  f3_as_produc    3   27[BANK0 ] unsigned um
  sign            1   31[BANK0 ] unsigned char 
  cntr            1   30[BANK0 ] unsigned char 
  exp             1   26[BANK0 ] unsigned char 
 Return value:  Size  Location     Type
                  3   16[BANK0 ] float 
 Registers used:
		wreg, status,2, status,0, pclath, cstack
 Tracked objects:
		On entry : 
		On exit  : 
		Unchanged: 
 Data sizes:     COMMON   BANK0   BANK1   BANK3   BANK2
      Params:         0       6       0       0       0
      Locals:         0       6       0       0       0
      Temps:          0       4       0       0       0
      Totals:         0      16       0       0       0
Total ram usage:       16 bytes
 Hardware stack levels used:    1
 Hardware stack levels required when called:    1
 This function calls:
		___ftpack
 This function is called by:
		_LM35ReadTemp
 This function uses a non-reentrant model


 *************** function ___fttol *****************
 Defined at:
		line 45 in file "D:\Program Files\Microchip\xc8\v1.12\sources\fttol.c"
 Parameters:    Size  Location     Type
  f1              3    0[COMMON] float 
 Auto vars:     Size  Location     Type
  lval            4    9[COMMON] unsigned long 
  exp1            1   13[COMMON] unsigned char 
  sign1           1    8[COMMON] unsigned char 
 Return value:  Size  Location     Type
                  4    0[COMMON] long 
 Registers used:
		wreg, status,2, status,0
 Tracked objects:
		On entry : 
		On exit  : 
		Unchanged: 
 Data sizes:     COMMON   BANK0   BANK1   BANK3   BANK2
      Params:         4       0       0       0       0
      Locals:         6       0       0       0       0
      Temps:          4       0       0       0       0
      Totals:        14       0       0       0       0
Total ram usage:       14 bytes
 Hardware stack levels used:    1
 This function calls:
		Nothing
 This function is called by:
		_main
 This function uses a non-reentrant model


 *************** function ___awdiv *****************
 Defined at:
		line 5 in file "D:\Program Files\Microchip\xc8\v1.12\sources\awdiv.c"
 Parameters:    Size  Location     Type
  divisor         2    0[COMMON] int 
  dividend        2    2[COMMON] int 
 Auto vars:     Size  Location     Type
  quotient        2    7[COMMON] int 
  sign            1    6[COMMON] unsigned char 
  counter         1    5[COMMON] unsigned char 
 Return value:  Size  Location     Type
                  2    0[COMMON] int 
 Registers used:
		wreg, status,2, status,0
 Tracked objects:
		On entry : 
		On exit  : 
		Unchanged: 
 Data sizes:     COMMON   BANK0   BANK1   BANK3   BANK2
      Params:         4       0       0       0       0
      Locals:         4       0       0       0       0
      Temps:          1       0       0       0       0
      Totals:         9       0       0       0       0
Total ram usage:        9 bytes
 Hardware stack levels used:    1
 This function calls:
		Nothing
 This function is called by:
		_LCDWriteInt
 This function uses a non-reentrant model


 *************** function ___awmod *****************
 Defined at:
		line 5 in file "D:\Program Files\Microchip\xc8\v1.12\sources\awmod.c"
 Parameters:    Size  Location     Type
  divisor         2    0[COMMON] int 
  dividend        2    2[COMMON] int 
 Auto vars:     Size  Location     Type
  sign            1    6[COMMON] unsigned char 
  counter         1    5[COMMON] unsigned char 
 Return value:  Size  Location     Type
                  2    0[COMMON] int 
 Registers used:
		wreg, status,2, status,0
 Tracked objects:
		On entry : 
		On exit  : 
		Unchanged: 
 Data sizes:     COMMON   BANK0   BANK1   BANK3   BANK2
      Params:         4       0       0       0       0
      Locals:         2       0       0       0       0
      Temps:          1       0       0       0       0
      Totals:         7       0       0       0       0
Total ram usage:        7 bytes
 Hardware stack levels used:    1
 This function calls:
		Nothing
 This function is called by:
		_LCDWriteInt
 This function uses a non-reentrant model


 *************** function ___lwtoft *****************
 Defined at:
		line 29 in file "D:\Program Files\Microchip\xc8\v1.12\sources\lwtoft.c"
 Parameters:    Size  Location     Type
  c               2    8[COMMON] unsigned int 
 Auto vars:     Size  Location     Type
		None
 Return value:  Size  Location     Type
                  3    8[COMMON] float 
 Registers used:
		wreg, status,2, status,0, pclath, cstack
 Tracked objects:
		On entry : 
		On exit  : 
		Unchanged: 
 Data sizes:     COMMON   BANK0   BANK1   BANK3   BANK2
      Params:         3       0       0       0       0
      Locals:         0       0       0       0       0
      Temps:          1       0       0       0       0
      Totals:         4       0       0       0       0
Total ram usage:        4 bytes
 Hardware stack levels used:    1
 Hardware stack levels required when called:    1
 This function calls:
		___ftpack
 This function is called by:
		_LM35ReadTemp
 This function uses a non-reentrant model


 *************** function ___ftpack *****************
 Defined at:
		line 63 in file "D:\Program Files\Microchip\xc8\v1.12\sources\float.c"
 Parameters:    Size  Location     Type
  arg             3    0[COMMON] unsigned um
  exp             1    3[COMMON] unsigned char 
  sign            1    4[COMMON] unsigned char 
 Auto vars:     Size  Location     Type
		None
 Return value:  Size  Location     Type
                  3    0[COMMON] float 
 Registers used:
		wreg, status,2, status,0
 Tracked objects:
		On entry : 
		On exit  : 
		Unchanged: 
 Data sizes:     COMMON   BANK0   BANK1   BANK3   BANK2
      Params:         5       0       0       0       0
      Locals:         0       0       0       0       0
      Temps:          3       0       0       0       0
      Totals:         8       0       0       0       0
Total ram usage:        8 bytes
 Hardware stack levels used:    1
 This function calls:
		Nothing
 This function is called by:
		___ftdiv
		___ftmul
		___lwtoft
 This function uses a non-reentrant model



MODULE INFORMATION

Module		Function		Class		Link	Load	Size
D:\Program Files\Microchip\xc8\v1.12\sources\ftdiv.c
		___ftdiv       		CODE           	0577	0000	200

D:\Program Files\Microchip\xc8\v1.12\sources\ftdiv.c estimated size: 200

shared
		__stringtab    		STRING         	0800	0000	6
		__stringdata   		STRING         	0806	0000	16
		__initializatio		CODE           	0FE9	0000	19

shared estimated size: 41

D:\Program Files\Microchip\xc8\v1.12\sources\ftmul.c
		___ftmul       		CODE           	0712	0000	238

D:\Program Files\Microchip\xc8\v1.12\sources\ftmul.c estimated size: 238

D:\Program Files\Microchip\xc8\v1.12\sources\fttol.c
		___fttol       		CODE           	04D3	0000	164

D:\Program Files\Microchip\xc8\v1.12\sources\fttol.c estimated size: 164

adc_pic16.c
		_ADCInit       		CODE           	0FC0	0000	18
		_ReadADC       		CODE           	0016	0000	47

adc_pic16.c estimated size: 65

D:\Program Files\Microchip\xc8\v1.12\sources\lwtoft.c
		___lwtoft      		CODE           	0FD2	0000	23

D:\Program Files\Microchip\xc8\v1.12\sources\lwtoft.c estimated size: 23

lcd_hd44780_pic16.c
		_LCDByte       		CODE           	0103	0000	77
		_LCDWriteInt   		CODE           	063F	0000	211
		_LCDInit       		CODE           	0273	0000	109
		_LCDWriteString		CODE           	0352	0000	115
		_LCDGotoXY     		CODE           	0045	0000	49
		_LCDBusyLoop   		CODE           	0150	0000	89

lcd_hd44780_pic16.c estimated size: 650

D:\Program Files\Microchip\xc8\v1.12\sources\awmod.c
		___awmod       		CODE           	01A9	0000	100

D:\Program Files\Microchip\xc8\v1.12\sources\awmod.c estimated size: 100

thermometer.c
		_main          		CODE           	020D	0000	102

thermometer.c estimated size: 102

lm35_pic16.c
		_LM35ReadTemp  		CODE           	0440	0000	147

lm35_pic16.c estimated size: 147

D:\Program Files\Microchip\xc8\v1.12\sources\awdiv.c
		___awdiv       		CODE           	02E0	0000	114

D:\Program Files\Microchip\xc8\v1.12\sources\awdiv.c estimated size: 114

D:\Program Files\Microchip\xc8\v1.12\sources\lwdiv.c
		___lwdiv       		CODE           	00B6	0000	77

D:\Program Files\Microchip\xc8\v1.12\sources\lwdiv.c estimated size: 77

D:\Program Files\Microchip\xc8\v1.12\sources\float.c
		___ftpack      		CODE           	03C5	0000	123

D:\Program Files\Microchip\xc8\v1.12\sources\float.c estimated size: 123

