Microchip MPLAB XC8 Compiler V1.33 ()

Linker command line:

--edf=C:\Program Files (x86)\Microchip\xc8\v1.33\dat\en_msgs.txt -cs \
  -h+EEPROM.sym --cmf=EEPROM.cmf -z -Q18F452 \
  -oC:\Users\AMIEian\AppData\Local\Temp\s4ic.6 -MEEPROM.map -E1 -ver=XC8 \
  -ASTACK=0180h-05ffh -pstack=STACK -ACODE=00h-03FFFhx2 -ACONST=00h-07FFFh \
  -ASMALLCONST=0600h-06FFhx122 -AMEDIUMCONST=0600h-07FFFh -ACOMRAM=01h-07Fh \
  -AABS1=00h-05FFh -ABIGRAM=01h-05FFh -ARAM=080h-0FFh,0100h-01FFhx5 \
  -ABANK0=080h-0FFh -ABANK1=0100h-01FFh -ABANK2=0200h-02FFh \
  -ABANK3=0300h-03FFh -ABANK4=0400h-04FFh -ABANK5=0500h-05FFh \
  -ASFR=0F80h-0FFFh -preset_vec=00h,intcode,intcodelo,powerup,init,end_init \
  -pramtop=0600h -psmallconst=SMALLCONST -pmediumconst=MEDIUMCONST \
  -pconst=CONST -AFARRAM=00h-00h -ACONFIG=0300000h-030000Dh -pconfig=CONFIG \
  -AIDLOC=0200000h-0200007h -pidloc=IDLOC -AEEDATA=0F00000h-0F000FFh \
  -peeprom_data=EEDATA \
  -prdata=COMRAM,nvrram=COMRAM,nvbit=COMRAM,rbss=COMRAM,rbit=COMRAM \
  -pfarbss=FARRAM,fardata=FARRAM,nvFARRAM=FARRAM \
  -pintsave_regs=BIGRAM,bigbss=BIGRAM,bigdata=BIGRAM -pbss=RAM \
  -pidata=CODE,irdata=CODE,ibigdata=CODE,ifardata=CODE \
  C:\Users\AMIEian\AppData\Local\Temp\s4ic.obj EEPROM.obj 

Object code version is 3.11

Machine type is 18F452

Call graph: (short form)




                Name                               Link     Load   Length Selector   Space Scale
C:\Users\AMIEian\AppData\Local\Temp\s4ic.obj
                end_init                              2        2        4        0       0
                text                                F30      F30        2      308       0
                reset_vec                             0        0        2        0       0
                config                           300000   300000        8   300000       0
EEPROM.obj      smallconst                          600      600       10      300       0
                text17                              DA8      DA8       54      308       0
                text16                              D48      D48       60      308       0
                text15                              E48      E48       44      308       0
                text14                              B6E      B6E       84      308       0
                text13                              864      864       A8      308       0
                text12                              A54      A54       94      308       0
                text11                              752      752      112      308       0
                text10                              9B0      9B0       A4      308       0
                text9                               E8C      E8C       32      308       0
                text8                               EEA      EEA       22      308       0
                text7                               F0C      F0C       14      308       0
                text6                               CE0      CE0       68      308       0
                text5                               BF2      BF2       7E      308       0
                text4                               EBE      EBE       2C      308       0
                text3                               C70      C70       70      308       0
                text2                               90C      90C       A4      308       0
                text1                               AE8      AE8       86      308       0
                text0                               610      610      142      308       0
                cstackCOMRAM                          1        1       1A        1       1
                bssBANK1                            100      100       80      100       1
                bssBANK0                             80       80       80       80       1
                dataCOMRAM                           1B       1B       10        1       1
                bssCOMRAM                            2B       2B        5        1       1
                cinit                               DFC      DFC       4C      308       0
                idataCOMRAM                         F20      F20       10      308       0

TOTAL           Name                               Link     Load   Length     Space
        CLASS   STACK          

        CLASS   CODE           
                end_init                              2        2        4         0
                text                                F30      F30        2         0
                reset_vec                             0        0        2         0
                text17                              DA8      DA8       54         0
                text16                              D48      D48       60         0
                text15                              E48      E48       44         0
                text14                              B6E      B6E       84         0
                text13                              864      864       A8         0
                text12                              A54      A54       94         0
                text11                              752      752      112         0
                text10                              9B0      9B0       A4         0
                text9                               E8C      E8C       32         0
                text8                               EEA      EEA       22         0
                text7                               F0C      F0C       14         0
                text6                               CE0      CE0       68         0
                text5                               BF2      BF2       7E         0
                text4                               EBE      EBE       2C         0
                text3                               C70      C70       70         0
                text2                               90C      90C       A4         0
                text1                               AE8      AE8       86         0
                text0                               610      610      142         0
                cinit                               DFC      DFC       4C         0
                idataCOMRAM                         F20      F20       10         0

        CLASS   CONST          

        CLASS   SMALLCONST     
                smallconst                          600      600       10         0

        CLASS   MEDIUMCONST    

        CLASS   COMRAM         
                cstackCOMRAM                          1        1       1A         1
                dataCOMRAM                           1B       1B       10         1
                bssCOMRAM                            2B       2B        5         1

        CLASS   ABS1           

        CLASS   BIGRAM         

        CLASS   RAM            

        CLASS   BANK0          
                bssBANK0                             80       80       80         1

        CLASS   BANK1          
                bssBANK1                            100      100       80         1

        CLASS   BANK2          

        CLASS   BANK3          

        CLASS   BANK4          

        CLASS   BANK5          

        CLASS   SFR            

        CLASS   FARRAM         

        CLASS   CONFIG         
                config                           300000   300000        8         0

        CLASS   IDLOC          

        CLASS   EEDATA         



SEGMENTS        Name                           Load    Length   Top    Selector   Space  Class

                reset_vec                      000000  000006  000006         0       0  CODE    
                cstackCOMRAM                   000001  00002F  000030         1       1  COMRAM  
                bssBANK0                       000080  000080  000100        80       1  BANK0   
                bssBANK1                       000100  000080  000180       100       1  BANK1   
                smallconst                     000600  000010  000610       300       0  SMALLCON
                text0                          000610  000922  000F32       308       0  CODE    
                config                         300000  000008  300008    300000       0  CONFIG  


UNUSED ADDRESS RANGES

        Name                Unused          Largest block    Delta
        BANK1            000180-0001FF               80
        BANK2            000200-0002FF              100
        BANK3            000300-0003FF              100
        BANK4            000400-0004FF              100
        BANK5            000500-0005FF              100
        BIGRAM           000030-00007F               50
                         000180-0005FF              480
        CODE             000006-0005FF              5FA
                         000F32-007FFF             30CE
        COMRAM           000030-00007F               50
        CONFIG           300008-30000D                6
        CONST            000006-0005FF              5FA
                         000F32-007FFF             70CE
        EEDATA           F00000-F000FF              100
        IDLOC            200000-200007                8
        MEDIUMCONST      000F32-007FFF             70CE
        RAM              000180-0005FF              100
        SFR              000F80-000FFF               80
        SMALLCONST       000F32-007FFF              100
        STACK            000180-0005FF              480

                                  Symbol Table

?___awdiv                                                   cstackCOMRAM 000001
?___awmod                                                   cstackCOMRAM 000001
LCDBusyLoop@busy                                            cstackCOMRAM 000001
LCDBusyLoop@status                                          cstackCOMRAM 000003
LCDBusyLoop@temp                                            cstackCOMRAM 000002
LCDByte@c                                                   cstackCOMRAM 000008
LCDByte@hn                                                  cstackCOMRAM 000006
LCDByte@isdata                                              cstackCOMRAM 000004
LCDByte@ln                                                  cstackCOMRAM 000007
LCDByte@temp                                                cstackCOMRAM 000009
LCDGotoXY@x                                                 cstackCOMRAM 00000B
LCDGotoXY@y                                                 cstackCOMRAM 00000A
LCDInit@__i                                                 cstackCOMRAM 00000C
LCDInit@style                                               cstackCOMRAM 00000B
LCDWriteInt@F3701                                           bssCOMRAM    00002B
LCDWriteInt@field_length                                    cstackCOMRAM 00000C
LCDWriteInt@i                                               cstackCOMRAM 000016
LCDWriteInt@j                                               cstackCOMRAM 000014
LCDWriteInt@str                                             cstackCOMRAM 00000F
LCDWriteInt@val                                             cstackCOMRAM 00000A
LCDWriteString@cc                                           cstackCOMRAM 00000D
LCDWriteString@msg                                          cstackCOMRAM 00000A
MY_DELAY@ms                                                 cstackCOMRAM 000001
OpenI2C@slew                                                cstackCOMRAM 000001
OpenI2C@sync_mode                                           cstackCOMRAM 000002
WriteI2C@data_out                                           cstackCOMRAM 000003
_IdleI2C                                                    text7        000F0C
_LCDBusyLoop                                                text17       000DA8
_LCDByte                                                    text16       000D48
_LCDGotoXY                                                  text15       000E48
_LCDInit                                                    text14       000B6E
_LCDWriteInt                                                text11       000752
_LCDWriteString                                             text10       0009B0
_MY_DELAY                                                   text9        000E8C
_OpenI2C                                                    text8        000EEA
_PIR1bits                                                   (abs)        000F9E
_PORTB                                                      (abs)        000F81
_RB1                                                        (abs)        007C09
_RB2                                                        (abs)        007C0A
_RB3                                                        (abs)        007C0B
_ReadI2C                                                    text4        000EBE
_SSPADD                                                     (abs)        000FC8
_SSPBUF                                                     (abs)        000FC9
_SSPCON1                                                    (abs)        000FC6
_SSPCON1bits                                                (abs)        000FC6
_SSPCON2                                                    (abs)        000FC5
_SSPCON2bits                                                (abs)        000FC5
_SSPSTAT                                                    (abs)        000FC7
_SSPSTATbits                                                (abs)        000FC7
_TRISB                                                      (abs)        000F93
_TRISBbits                                                  (abs)        000F93
_TRISCbits                                                  (abs)        000F94
_WriteI2C                                                   text6        000CE0
__CFG_BOR$OFF                                               (abs)        000000
__CFG_LVP$OFF                                               (abs)        000000
__CFG_OSC$HS                                                (abs)        000000
__CFG_OSCS$OFF                                              (abs)        000000
__CFG_PWRT$OFF                                              (abs)        000000
__CFG_WDT$OFF                                               (abs)        000000
__HRAM                                                      (abs)        000000
__Habs1                                                     abs1         000000
__Hbank0                                                    bank0        000000
__Hbank1                                                    bank1        000000
__Hbank2                                                    bank2        000000
__Hbank3                                                    bank3        000000
__Hbank4                                                    bank4        000000
__Hbank5                                                    bank5        000000
__Hbigbss                                                   bigbss       000000
__Hbigdata                                                  bigdata      000000
__Hbigram                                                   bigram       000000
__Hbss                                                      bss          000000
__HbssBANK0                                                 bssBANK0     000000
__HbssBANK1                                                 bssBANK1     000000
__HbssCOMRAM                                                bssCOMRAM    000000
__Hcinit                                                    cinit        000000
__Hclrtext                                                  clrtext      000000
__Hcomram                                                   comram       000000
__Hconfig                                                   config       300008
__Hconst                                                    const        000000
__HcstackCOMRAM                                             cstackCOMRAM 000000
__Hdata                                                     data         000000
__HdataCOMRAM                                               dataCOMRAM   000000
__Heeprom_data                                              eeprom_data  000000
__Hend_init                                                 end_init     000006
__Hfarbss                                                   farbss       000000
__Hfardata                                                  fardata      000000
__Hibigdata                                                 ibigdata     000000
__Hidata                                                    idata        000000
__HidataCOMRAM                                              idataCOMRAM  000000
__Hidloc                                                    idloc        000000
__Hifardata                                                 ifardata     000000
__Hinit                                                     init         000002
__Hintcode                                                  intcode      000002
__Hintcode_body                                             intcode_body 000000
__Hintcodelo                                                intcodelo    000002
__Hintentry                                                 intentry     000000
__Hintret                                                   intret       000000
__Hintsave_regs                                             intsave_regs 000000
__Hirdata                                                   irdata       000000
__Hmediumconst                                              mediumconst  000000
__HnvFARRAM                                                 nvFARRAM     000000
__Hnvbit                                                    nvbit        000000
__Hnvrram                                                   nvrram       000000
__Hparam                                                    rparam       000000
__Hpowerup                                                  powerup      000002
__Hram                                                      ram          000000
__Hramtop                                                   ramtop       000600
__Hrbit                                                     rbit         000000
__Hrbss                                                     rbss         000000
__Hrdata                                                    rdata        000000
__Hreset_vec                                                reset_vec    000002
__Hrparam                                                   rparam       000000
__Hsfr                                                      sfr          000000
__Hsmallconst                                               smallconst   000610
__Hspace_0                                                  (abs)        300008
__Hspace_1                                                  (abs)        000180
__Hspace_2                                                  (abs)        000000
__Hstack                                                    stack        000000
__Hstruct                                                   struct       000000
__Htemp                                                     temp         000000
__Htext                                                     text         000000
__Htext0                                                    text0        000000
__Htext1                                                    text1        000000
__Htext10                                                   text10       000000
__Htext11                                                   text11       000000
__Htext12                                                   text12       000000
__Htext13                                                   text13       000000
__Htext14                                                   text14       000000
__Htext15                                                   text15       000000
__Htext16                                                   text16       000000
__Htext17                                                   text17       000000
__Htext2                                                    text2        000000
__Htext3                                                    text3        000000
__Htext4                                                    text4        000000
__Htext5                                                    text5        000000
__Htext6                                                    text6        000000
__Htext7                                                    text7        000000
__Htext8                                                    text8        000000
__Htext9                                                    text9        000000
__LRAM                                                      (abs)        000001
__Labs1                                                     abs1         000000
__Lbank0                                                    bank0        000000
__Lbank1                                                    bank1        000000
__Lbank2                                                    bank2        000000
__Lbank3                                                    bank3        000000
__Lbank4                                                    bank4        000000
__Lbank5                                                    bank5        000000
__Lbigbss                                                   bigbss       000000
__Lbigdata                                                  bigdata      000000
__Lbigram                                                   bigram       000000
__Lbss                                                      bss          000000
__LbssBANK0                                                 bssBANK0     000000
__LbssBANK1                                                 bssBANK1     000000
__LbssCOMRAM                                                bssCOMRAM    000000
__Lcinit                                                    cinit        000000
__Lclrtext                                                  clrtext      000000
__Lcomram                                                   comram       000000
__Lconfig                                                   config       300000
__Lconst                                                    const        000000
__LcstackCOMRAM                                             cstackCOMRAM 000000
__Ldata                                                     data         000000
__LdataCOMRAM                                               dataCOMRAM   000000
__Leeprom_data                                              eeprom_data  000000
__Lend_init                                                 end_init     000002
__Lfarbss                                                   farbss       000000
__Lfardata                                                  fardata      000000
__Libigdata                                                 ibigdata     000000
__Lidata                                                    idata        000000
__LidataCOMRAM                                              idataCOMRAM  000000
__Lidloc                                                    idloc        000000
__Lifardata                                                 ifardata     000000
__Linit                                                     init         000002
__Lintcode                                                  intcode      000002
__Lintcode_body                                             intcode_body 000000
__Lintcodelo                                                intcodelo    000002
__Lintentry                                                 intentry     000000
__Lintret                                                   intret       000000
__Lintsave_regs                                             intsave_regs 000000
__Lirdata                                                   irdata       000000
__Lmediumconst                                              mediumconst  000000
__LnvFARRAM                                                 nvFARRAM     000000
__Lnvbit                                                    nvbit        000000
__Lnvrram                                                   nvrram       000000
__Lparam                                                    rparam       000000
__Lpowerup                                                  powerup      000002
__Lram                                                      ram          000000
__Lramtop                                                   ramtop       000600
__Lrbit                                                     rbit         000000
__Lrbss                                                     rbss         000000
__Lrdata                                                    rdata        000000
__Lreset_vec                                                reset_vec    000000
__Lrparam                                                   rparam       000000
__Lsfr                                                      sfr          000000
__Lsmallconst                                               smallconst   000600
__Lspace_0                                                  (abs)        000000
__Lspace_1                                                  (abs)        000000
__Lspace_2                                                  (abs)        000000
__Lstack                                                    stack        000000
__Lstruct                                                   struct       000000
__Ltemp                                                     temp         000000
__Ltext                                                     text         000000
__Ltext0                                                    text0        000000
__Ltext1                                                    text1        000000
__Ltext10                                                   text10       000000
__Ltext11                                                   text11       000000
__Ltext12                                                   text12       000000
__Ltext13                                                   text13       000000
__Ltext14                                                   text14       000000
__Ltext15                                                   text15       000000
__Ltext16                                                   text16       000000
__Ltext17                                                   text17       000000
__Ltext2                                                    text2        000000
__Ltext3                                                    text3        000000
__Ltext4                                                    text4        000000
__Ltext5                                                    text5        000000
__Ltext6                                                    text6        000000
__Ltext7                                                    text7        000000
__Ltext8                                                    text8        000000
__Ltext9                                                    text9        000000
__S0                                                        (abs)        300008
__S1                                                        (abs)        000180
__S2                                                        (abs)        000000
___awdiv                                                    text13       000864
___awdiv@counter                                            cstackCOMRAM 000005
___awdiv@dividend                                           cstackCOMRAM 000001
___awdiv@divisor                                            cstackCOMRAM 000003
___awdiv@quotient                                           cstackCOMRAM 000007
___awdiv@sign                                               cstackCOMRAM 000006
___awmod                                                    text12       000A54
___awmod@counter                                            cstackCOMRAM 000005
___awmod@dividend                                           cstackCOMRAM 000001
___awmod@divisor                                            cstackCOMRAM 000003
___awmod@sign                                               cstackCOMRAM 000006
___cgram                                                    dataCOMRAM   00001B
___inthi_sp                                                 stack        000000
___intlo_sp                                                 stack        000000
___sp                                                       stack        000000
__accesstop                                                 (abs)        000080
__activetblptr                                              (abs)        000002
__cntErrataNOP_C:\Users\AMIEian\AppData\Local\Temp\s4ic.obj (abs)        000001
__cntErrataNOP_EEPROM.obj                                   (abs)        00002B
__end_of_IdleI2C                                            text7        000F20
__end_of_LCDBusyLoop                                        text17       000DFC
__end_of_LCDByte                                            text16       000DA8
__end_of_LCDGotoXY                                          text15       000E8C
__end_of_LCDInit                                            text14       000BF2
__end_of_LCDWriteInt                                        text11       000864
__end_of_LCDWriteString                                     text10       000A54
__end_of_MY_DELAY                                           text9        000EBE
__end_of_OpenI2C                                            text8        000F0C
__end_of_ReadI2C                                            text4        000EEA
__end_of_WriteI2C                                           text6        000D48
__end_of___awdiv                                            text13       00090C
__end_of___awmod                                            text12       000AE8
__end_of__initialization                                    cinit        000E3E
__end_of__stringdata                                        smallconst   00060F
__end_of_clear_rom                                          text5        000C70
__end_of_main                                               text0        000752
__end_of_rom_byte_read                                      text3        000CE0
__end_of_rom_page_read                                      text2        0009B0
__end_of_rom_page_write                                     text1        000B6E
__initialization                                            cinit        000DFC
__mediumconst                                               mediumconst  000000
__pbssBANK0                                                 bssBANK0     000080
__pbssBANK1                                                 bssBANK1     000100
__pbssCOMRAM                                                bssCOMRAM    00002B
__pcinit                                                    cinit        000DFC
__pcstackCOMRAM                                             cstackCOMRAM 000001
__pdataCOMRAM                                               dataCOMRAM   00001B
__pidataCOMRAM                                              idataCOMRAM  000F20
__psmallconst                                               smallconst   000600
__ptext0                                                    text0        000610
__ptext1                                                    text1        000AE8
__ptext10                                                   text10       0009B0
__ptext11                                                   text11       000752
__ptext12                                                   text12       000A54
__ptext13                                                   text13       000864
__ptext14                                                   text14       000B6E
__ptext15                                                   text15       000E48
__ptext16                                                   text16       000D48
__ptext17                                                   text17       000DA8
__ptext2                                                    text2        00090C
__ptext3                                                    text3        000C70
__ptext4                                                    text4        000EBE
__ptext5                                                    text5        000BF2
__ptext6                                                    text6        000CE0
__ptext7                                                    text7        000F0C
__ptext8                                                    text8        000EEA
__ptext9                                                    text9        000E8C
__ramtop                                                    ramtop       000600
__size_of_IdleI2C                                           (abs)        000000
__size_of_LCDBusyLoop                                       (abs)        000000
__size_of_LCDByte                                           (abs)        000000
__size_of_LCDGotoXY                                         (abs)        000000
__size_of_LCDInit                                           (abs)        000000
__size_of_LCDWriteInt                                       (abs)        000000
__size_of_LCDWriteString                                    (abs)        000000
__size_of_MY_DELAY                                          (abs)        000000
__size_of_OpenI2C                                           (abs)        000000
__size_of_ReadI2C                                           (abs)        000000
__size_of_WriteI2C                                          (abs)        000000
__size_of___awdiv                                           (abs)        000000
__size_of___awmod                                           (abs)        000000
__size_of_clear_rom                                         (abs)        000000
__size_of_main                                              (abs)        000000
__size_of_rom_byte_read                                     (abs)        000000
__size_of_rom_page_read                                     (abs)        000000
__size_of_rom_page_write                                    (abs)        000000
__smallconst                                                smallconst   000600
__stringdata                                                smallconst   000601
_clear_rom                                                  text5        000BF2
_main                                                       text0        000610
_read_buffer                                                bssBANK0     000080
_rom_byte_read                                              text3        000C70
_rom_page_read                                              text2        00090C
_rom_page_write                                             text1        000AE8
_write_buffer                                               bssBANK1     000100
clear_rom@device                                            cstackCOMRAM 000005
clear_rom@page                                              cstackCOMRAM 000006
clear_rom@word                                              cstackCOMRAM 000008
end_of_initialization                                       cinit        000E3E
intlevel0                                                   text         000F30
intlevel1                                                   text         000F30
intlevel2                                                   text         000F30
intlevel3                                                   text         000F30
main@count                                                  cstackCOMRAM 00001A
main@data                                                   cstackCOMRAM 000019
rom_byte_read@address                                       cstackCOMRAM 000004
rom_byte_read@data                                          cstackCOMRAM 00000A
rom_byte_read@device                                        cstackCOMRAM 00000B
rom_byte_read@lsb                                           cstackCOMRAM 000009
rom_byte_read@msb                                           cstackCOMRAM 000008
rom_page_read@address                                       cstackCOMRAM 000004
rom_page_read@array                                         cstackCOMRAM 000006
rom_page_read@count                                         cstackCOMRAM 00000F
rom_page_read@device                                        cstackCOMRAM 00000C
rom_page_read@lsb                                           cstackCOMRAM 00000B
rom_page_read@msb                                           cstackCOMRAM 00000A
rom_page_read@ptr                                           cstackCOMRAM 00000D
rom_page_write@address                                      cstackCOMRAM 000004
rom_page_write@array                                        cstackCOMRAM 000006
rom_page_write@count                                        cstackCOMRAM 00000F
rom_page_write@device                                       cstackCOMRAM 00000A
rom_page_write@lsb                                          cstackCOMRAM 00000E
rom_page_write@msb                                          cstackCOMRAM 00000D
rom_page_write@ptr                                          cstackCOMRAM 00000B
stackhi                                                     (abs)        0005FF
stacklo                                                     (abs)        000180
start                                                       init         000002
start_initialization                                        cinit        000DFC


FUNCTION INFORMATION:

 *************** function _main *****************
 Defined at:
		line 13 in file "E:\Study Material\XC8 PROJECTS\EEPROM Library\Test.c"
 Parameters:    Size  Location     Type
		None
 Auto vars:     Size  Location     Type
  count           1   25[COMRAM] unsigned char 
  data            1   24[COMRAM] unsigned char 
 Return value:  Size  Location     Type
		None               void
 Registers used:
		wreg, fsr1l, fsr1h, fsr2l, fsr2h, status,2, status,0, tblptrl, tblptrh, tblptru, prodl, prodh, cstack
 Tracked objects:
		On entry : 
		On exit  : 
		Unchanged: 
 Data sizes:     COMRAM   BANK0   BANK1   BANK2   BANK3   BANK4   BANK5
      Params:         0       0       0       0       0       0       0
      Locals:         2       0       0       0       0       0       0
      Temps:          1       0       0       0       0       0       0
      Totals:         3       0       0       0       0       0       0
Total ram usage:        3 bytes
 Hardware stack levels required when called:    3
 This function calls:
		_LCDByte
		_LCDGotoXY
		_LCDInit
		_LCDWriteInt
		_LCDWriteString
		_MY_DELAY
		_OpenI2C
		_clear_rom
		_rom_byte_read
		_rom_page_read
		_rom_page_write
 This function is called by:
		Startup code after reset
 This function uses a non-reentrant model


 *************** function _rom_page_write *****************
 Defined at:
		line 49 in file "E:\Study Material\XC8 PROJECTS\EEPROM Library\myeeprom.c"
 Parameters:    Size  Location     Type
  device          1    wreg     unsigned char 
  address         2    3[COMRAM] int 
  array           2    5[COMRAM] PTR unsigned char 
		 -> write_buffer(128), 
 Auto vars:     Size  Location     Type
  device          1    9[COMRAM] unsigned char 
  ptr             2   10[COMRAM] PTR unsigned char 
		 -> write_buffer(128), 
  count           1   14[COMRAM] unsigned char 
  lsb             1   13[COMRAM] unsigned char 
  msb             1   12[COMRAM] unsigned char 
 Return value:  Size  Location     Type
		None               void
 Registers used:
		wreg, fsr2l, fsr2h, status,2, status,0, cstack
 Tracked objects:
		On entry : 
		On exit  : 
		Unchanged: 
 Data sizes:     COMRAM   BANK0   BANK1   BANK2   BANK3   BANK4   BANK5
      Params:         4       0       0       0       0       0       0
      Locals:         6       0       0       0       0       0       0
      Temps:          2       0       0       0       0       0       0
      Totals:        12       0       0       0       0       0       0
Total ram usage:       12 bytes
 Hardware stack levels used:    1
 Hardware stack levels required when called:    2
 This function calls:
		_IdleI2C
		_WriteI2C
 This function is called by:
		_main
 This function uses a non-reentrant model


 *************** function _rom_page_read *****************
 Defined at:
		line 78 in file "E:\Study Material\XC8 PROJECTS\EEPROM Library\myeeprom.c"
 Parameters:    Size  Location     Type
  device          1    wreg     unsigned char 
  address         2    3[COMRAM] int 
  array           2    5[COMRAM] PTR unsigned char 
		 -> read_buffer(128), 
 Auto vars:     Size  Location     Type
  device          1   11[COMRAM] unsigned char 
  ptr             2   12[COMRAM] PTR unsigned char 
		 -> read_buffer(128), 
  count           1   14[COMRAM] unsigned char 
  lsb             1   10[COMRAM] unsigned char 
  msb             1    9[COMRAM] unsigned char 
 Return value:  Size  Location     Type
		None               void
 Registers used:
		wreg, fsr2l, fsr2h, status,2, status,0, cstack
 Tracked objects:
		On entry : 
		On exit  : 
		Unchanged: 
 Data sizes:     COMRAM   BANK0   BANK1   BANK2   BANK3   BANK4   BANK5
      Params:         4       0       0       0       0       0       0
      Locals:         6       0       0       0       0       0       0
      Temps:          2       0       0       0       0       0       0
      Totals:        12       0       0       0       0       0       0
Total ram usage:       12 bytes
 Hardware stack levels used:    1
 Hardware stack levels required when called:    2
 This function calls:
		_IdleI2C
		_ReadI2C
		_WriteI2C
 This function is called by:
		_main
 This function uses a non-reentrant model


 *************** function _rom_byte_read *****************
 Defined at:
		line 24 in file "E:\Study Material\XC8 PROJECTS\EEPROM Library\myeeprom.c"
 Parameters:    Size  Location     Type
  device          1    wreg     unsigned char 
  address         2    3[COMRAM] int 
 Auto vars:     Size  Location     Type
  device          1   10[COMRAM] unsigned char 
  data            1    9[COMRAM] unsigned char 
  lsb             1    8[COMRAM] unsigned char 
  msb             1    7[COMRAM] unsigned char 
 Return value:  Size  Location     Type
                  1    wreg      unsigned char 
 Registers used:
		wreg, status,2, status,0, cstack
 Tracked objects:
		On entry : 
		On exit  : 
		Unchanged: 
 Data sizes:     COMRAM   BANK0   BANK1   BANK2   BANK3   BANK4   BANK5
      Params:         2       0       0       0       0       0       0
      Locals:         4       0       0       0       0       0       0
      Temps:          2       0       0       0       0       0       0
      Totals:         8       0       0       0       0       0       0
Total ram usage:        8 bytes
 Hardware stack levels used:    1
 Hardware stack levels required when called:    2
 This function calls:
		_IdleI2C
		_ReadI2C
		_WriteI2C
 This function is called by:
		_main
 This function uses a non-reentrant model


 *************** function _ReadI2C *****************
 Defined at:
		line 11 in file "C:\Program Files (x86)\Microchip\xc8\v1.33\sources\pic18\plib\i2c\i2c_read.c"
 Parameters:    Size  Location     Type
		None
 Auto vars:     Size  Location     Type
		None
 Return value:  Size  Location     Type
                  1    wreg      unsigned char 
 Registers used:
		wreg, status,2, status,0
 Tracked objects:
		On entry : 
		On exit  : 
		Unchanged: 
 Data sizes:     COMRAM   BANK0   BANK1   BANK2   BANK3   BANK4   BANK5
      Params:         0       0       0       0       0       0       0
      Locals:         0       0       0       0       0       0       0
      Temps:          1       0       0       0       0       0       0
      Totals:         1       0       0       0       0       0       0
Total ram usage:        1 bytes
 Hardware stack levels used:    1
 This function calls:
		Nothing
 This function is called by:
		_rom_byte_read
		_rom_page_read
 This function uses a non-reentrant model


 *************** function _clear_rom *****************
 Defined at:
		line 112 in file "E:\Study Material\XC8 PROJECTS\EEPROM Library\myeeprom.c"
 Parameters:    Size  Location     Type
  device          1    wreg     unsigned char 
 Auto vars:     Size  Location     Type
  device          1    4[COMRAM] unsigned char 
  page            2    5[COMRAM] int 
  word            1    7[COMRAM] unsigned char 
 Return value:  Size  Location     Type
		None               void
 Registers used:
		wreg, status,2, status,0, cstack
 Tracked objects:
		On entry : 
		On exit  : 
		Unchanged: 
 Data sizes:     COMRAM   BANK0   BANK1   BANK2   BANK3   BANK4   BANK5
      Params:         0       0       0       0       0       0       0
      Locals:         4       0       0       0       0       0       0
      Temps:          1       0       0       0       0       0       0
      Totals:         5       0       0       0       0       0       0
Total ram usage:        5 bytes
 Hardware stack levels used:    1
 Hardware stack levels required when called:    2
 This function calls:
		_IdleI2C
		_WriteI2C
 This function is called by:
		_main
 This function uses a non-reentrant model


 *************** function _WriteI2C *****************
 Defined at:
		line 12 in file "C:\Program Files (x86)\Microchip\xc8\v1.33\sources\pic18\plib\i2c\i2c_writ.c"
 Parameters:    Size  Location     Type
  data_out        1    wreg     unsigned char 
 Auto vars:     Size  Location     Type
  data_out        1    2[COMRAM] unsigned char 
 Return value:  Size  Location     Type
                  1    wreg      char 
 Registers used:
		wreg, status,2, status,0, cstack
 Tracked objects:
		On entry : 
		On exit  : 
		Unchanged: 
 Data sizes:     COMRAM   BANK0   BANK1   BANK2   BANK3   BANK4   BANK5
      Params:         0       0       0       0       0       0       0
      Locals:         1       0       0       0       0       0       0
      Temps:          1       0       0       0       0       0       0
      Totals:         2       0       0       0       0       0       0
Total ram usage:        2 bytes
 Hardware stack levels used:    1
 Hardware stack levels required when called:    1
 This function calls:
		_IdleI2C
 This function is called by:
		_rom_byte_read
		_rom_page_write
		_rom_page_read
		_clear_rom
		_rom_byte_write
 This function uses a non-reentrant model


 *************** function _IdleI2C *****************
 Defined at:
		line 24 in file "C:\Program Files (x86)\Microchip\xc8\v1.33\sources\pic18\plib\i2c\i2c_idle.c"
 Parameters:    Size  Location     Type
		None
 Auto vars:     Size  Location     Type
		None
 Return value:  Size  Location     Type
		None               void
 Registers used:
		wreg, status,2, status,0
 Tracked objects:
		On entry : 
		On exit  : 
		Unchanged: 
 Data sizes:     COMRAM   BANK0   BANK1   BANK2   BANK3   BANK4   BANK5
      Params:         0       0       0       0       0       0       0
      Locals:         0       0       0       0       0       0       0
      Temps:          1       0       0       0       0       0       0
      Totals:         1       0       0       0       0       0       0
Total ram usage:        1 bytes
 Hardware stack levels used:    1
 This function calls:
		Nothing
 This function is called by:
		_rom_byte_read
		_rom_page_write
		_rom_page_read
		_clear_rom
		_WriteI2C
		_rom_byte_write
 This function uses a non-reentrant model


 *************** function _OpenI2C *****************
 Defined at:
		line 14 in file "C:\Program Files (x86)\Microchip\xc8\v1.33\sources\pic18\plib\i2c\i2c_open.c"
 Parameters:    Size  Location     Type
  sync_mode       1    wreg     unsigned char 
  slew            1    0[COMRAM] unsigned char 
 Auto vars:     Size  Location     Type
  sync_mode       1    1[COMRAM] unsigned char 
 Return value:  Size  Location     Type
		None               void
 Registers used:
		wreg, status,2, status,0
 Tracked objects:
		On entry : 
		On exit  : 
		Unchanged: 
 Data sizes:     COMRAM   BANK0   BANK1   BANK2   BANK3   BANK4   BANK5
      Params:         1       0       0       0       0       0       0
      Locals:         1       0       0       0       0       0       0
      Temps:          0       0       0       0       0       0       0
      Totals:         2       0       0       0       0       0       0
Total ram usage:        2 bytes
 Hardware stack levels used:    1
 This function calls:
		Nothing
 This function is called by:
		_main
 This function uses a non-reentrant model


 *************** function _MY_DELAY *****************
 Defined at:
		line 62 in file "E:\Study Material\XC8 PROJECTS\EEPROM Library\Test.c"
 Parameters:    Size  Location     Type
  ms              2    0[COMRAM] int 
 Auto vars:     Size  Location     Type
		None
 Return value:  Size  Location     Type
		None               void
 Registers used:
		wreg, status,2, status,0, prodl
 Tracked objects:
		On entry : 
		On exit  : 
		Unchanged: 
 Data sizes:     COMRAM   BANK0   BANK1   BANK2   BANK3   BANK4   BANK5
      Params:         2       0       0       0       0       0       0
      Locals:         0       0       0       0       0       0       0
      Temps:          1       0       0       0       0       0       0
      Totals:         3       0       0       0       0       0       0
Total ram usage:        3 bytes
 Hardware stack levels used:    1
 This function calls:
		Nothing
 This function is called by:
		_main
 This function uses a non-reentrant model


 *************** function _LCDWriteString *****************
 Defined at:
		line 252 in file "E:\Study Material\XC8 PROJECTS\EEPROM Library\lcd_hd44780_pic16.c"
 Parameters:    Size  Location     Type
  msg             2    9[COMRAM] PTR const unsigned char 
		 -> STR_1(14), 
 Auto vars:     Size  Location     Type
  cc              1   12[COMRAM] char 
 Return value:  Size  Location     Type
		None               void
 Registers used:
		wreg, status,2, status,0, tblptrl, tblptrh, tblptru, cstack
 Tracked objects:
		On entry : 
		On exit  : 
		Unchanged: 
 Data sizes:     COMRAM   BANK0   BANK1   BANK2   BANK3   BANK4   BANK5
      Params:         2       0       0       0       0       0       0
      Locals:         1       0       0       0       0       0       0
      Temps:          1       0       0       0       0       0       0
      Totals:         4       0       0       0       0       0       0
Total ram usage:        4 bytes
 Hardware stack levels used:    1
 Hardware stack levels required when called:    2
 This function calls:
		_LCDByte
 This function is called by:
		_main
 This function uses a non-reentrant model


 *************** function _LCDWriteInt *****************
 Defined at:
		line 308 in file "E:\Study Material\XC8 PROJECTS\EEPROM Library\lcd_hd44780_pic16.c"
 Parameters:    Size  Location     Type
  val             2    9[COMRAM] int 
  field_length    1   11[COMRAM] char 
 Auto vars:     Size  Location     Type
  str             5   14[COMRAM] unsigned char [5]
  i               2   21[COMRAM] int 
  j               2   19[COMRAM] int 
 Return value:  Size  Location     Type
		None               void
 Registers used:
		wreg, fsr1l, fsr1h, fsr2l, fsr2h, status,2, status,0, prodl, cstack
 Tracked objects:
		On entry : 
		On exit  : 
		Unchanged: 
 Data sizes:     COMRAM   BANK0   BANK1   BANK2   BANK3   BANK4   BANK5
      Params:         3       0       0       0       0       0       0
      Locals:         9       0       0       0       0       0       0
      Temps:          2       0       0       0       0       0       0
      Totals:        14       0       0       0       0       0       0
Total ram usage:       14 bytes
 Hardware stack levels used:    1
 Hardware stack levels required when called:    2
 This function calls:
		_LCDByte
		___awdiv
		___awmod
 This function is called by:
		_main
 This function uses a non-reentrant model


 *************** function ___awmod *****************
 Defined at:
		line 8 in file "C:\Program Files (x86)\Microchip\xc8\v1.33\sources\common\awmod.c"
 Parameters:    Size  Location     Type
  dividend        2    0[COMRAM] int 
  divisor         2    2[COMRAM] int 
 Auto vars:     Size  Location     Type
  sign            1    5[COMRAM] unsigned char 
  counter         1    4[COMRAM] unsigned char 
 Return value:  Size  Location     Type
                  2    0[COMRAM] int 
 Registers used:
		wreg, status,2, status,0, prodl
 Tracked objects:
		On entry : 
		On exit  : 
		Unchanged: 
 Data sizes:     COMRAM   BANK0   BANK1   BANK2   BANK3   BANK4   BANK5
      Params:         4       0       0       0       0       0       0
      Locals:         2       0       0       0       0       0       0
      Temps:          0       0       0       0       0       0       0
      Totals:         6       0       0       0       0       0       0
Total ram usage:        6 bytes
 Hardware stack levels used:    1
 This function calls:
		Nothing
 This function is called by:
		_LCDWriteInt
 This function uses a non-reentrant model


 *************** function ___awdiv *****************
 Defined at:
		line 8 in file "C:\Program Files (x86)\Microchip\xc8\v1.33\sources\common\awdiv.c"
 Parameters:    Size  Location     Type
  dividend        2    0[COMRAM] int 
  divisor         2    2[COMRAM] int 
 Auto vars:     Size  Location     Type
  quotient        2    6[COMRAM] int 
  sign            1    5[COMRAM] unsigned char 
  counter         1    4[COMRAM] unsigned char 
 Return value:  Size  Location     Type
                  2    0[COMRAM] int 
 Registers used:
		wreg, status,2, status,0, prodl
 Tracked objects:
		On entry : 
		On exit  : 
		Unchanged: 
 Data sizes:     COMRAM   BANK0   BANK1   BANK2   BANK3   BANK4   BANK5
      Params:         4       0       0       0       0       0       0
      Locals:         4       0       0       0       0       0       0
      Temps:          0       0       0       0       0       0       0
      Totals:         8       0       0       0       0       0       0
Total ram usage:        8 bytes
 Hardware stack levels used:    1
 This function calls:
		Nothing
 This function is called by:
		_LCDWriteInt
 This function uses a non-reentrant model


 *************** function _LCDInit *****************
 Defined at:
		line 194 in file "E:\Study Material\XC8 PROJECTS\EEPROM Library\lcd_hd44780_pic16.c"
 Parameters:    Size  Location     Type
  style           1    wreg     unsigned char 
 Auto vars:     Size  Location     Type
  style           1   10[COMRAM] unsigned char 
  __i             1   11[COMRAM] unsigned char 
 Return value:  Size  Location     Type
		None               void
 Registers used:
		wreg, fsr2l, fsr2h, status,2, status,0, prodl, prodh, cstack
 Tracked objects:
		On entry : 
		On exit  : 
		Unchanged: 
 Data sizes:     COMRAM   BANK0   BANK1   BANK2   BANK3   BANK4   BANK5
      Params:         0       0       0       0       0       0       0
      Locals:         2       0       0       0       0       0       0
      Temps:          1       0       0       0       0       0       0
      Totals:         3       0       0       0       0       0       0
Total ram usage:        3 bytes
 Hardware stack levels used:    1
 Hardware stack levels required when called:    2
 This function calls:
		_LCDBusyLoop
		_LCDByte
 This function is called by:
		_main
 This function uses a non-reentrant model


 *************** function _LCDGotoXY *****************
 Defined at:
		line 353 in file "E:\Study Material\XC8 PROJECTS\EEPROM Library\lcd_hd44780_pic16.c"
 Parameters:    Size  Location     Type
  x               1    wreg     unsigned char 
  y               1    9[COMRAM] unsigned char 
 Auto vars:     Size  Location     Type
  x               1   10[COMRAM] unsigned char 
 Return value:  Size  Location     Type
		None               void
 Registers used:
		wreg, status,2, status,0, cstack
 Tracked objects:
		On entry : 
		On exit  : 
		Unchanged: 
 Data sizes:     COMRAM   BANK0   BANK1   BANK2   BANK3   BANK4   BANK5
      Params:         1       0       0       0       0       0       0
      Locals:         1       0       0       0       0       0       0
      Temps:          0       0       0       0       0       0       0
      Totals:         2       0       0       0       0       0       0
Total ram usage:        2 bytes
 Hardware stack levels used:    1
 Hardware stack levels required when called:    2
 This function calls:
		_LCDByte
 This function is called by:
		_main
 This function uses a non-reentrant model


 *************** function _LCDByte *****************
 Defined at:
		line 81 in file "E:\Study Material\XC8 PROJECTS\EEPROM Library\lcd_hd44780_pic16.c"
 Parameters:    Size  Location     Type
  c               1    wreg     unsigned char 
  isdata          1    3[COMRAM] unsigned char 
 Auto vars:     Size  Location     Type
  c               1    7[COMRAM] unsigned char 
  temp            1    8[COMRAM] unsigned char 
  ln              1    6[COMRAM] unsigned char 
  hn              1    5[COMRAM] unsigned char 
 Return value:  Size  Location     Type
		None               void
 Registers used:
		wreg, status,2, status,0, cstack
 Tracked objects:
		On entry : 
		On exit  : 
		Unchanged: 
 Data sizes:     COMRAM   BANK0   BANK1   BANK2   BANK3   BANK4   BANK5
      Params:         1       0       0       0       0       0       0
      Locals:         4       0       0       0       0       0       0
      Temps:          1       0       0       0       0       0       0
      Totals:         6       0       0       0       0       0       0
Total ram usage:        6 bytes
 Hardware stack levels used:    1
 Hardware stack levels required when called:    1
 This function calls:
		_LCDBusyLoop
 This function is called by:
		_LCDInit
		_LCDWriteString
		_LCDWriteInt
		_LCDGotoXY
		_main
 This function uses a non-reentrant model


 *************** function _LCDBusyLoop *****************
 Defined at:
		line 136 in file "E:\Study Material\XC8 PROJECTS\EEPROM Library\lcd_hd44780_pic16.c"
 Parameters:    Size  Location     Type
		None
 Auto vars:     Size  Location     Type
  status          1    2[COMRAM] unsigned char 
  temp            1    1[COMRAM] unsigned char 
  busy            1    0[COMRAM] unsigned char 
 Return value:  Size  Location     Type
		None               void
 Registers used:
		wreg, status,2, status,0
 Tracked objects:
		On entry : 
		On exit  : 
		Unchanged: 
 Data sizes:     COMRAM   BANK0   BANK1   BANK2   BANK3   BANK4   BANK5
      Params:         0       0       0       0       0       0       0
      Locals:         3       0       0       0       0       0       0
      Temps:          0       0       0       0       0       0       0
      Totals:         3       0       0       0       0       0       0
Total ram usage:        3 bytes
 Hardware stack levels used:    1
 This function calls:
		Nothing
 This function is called by:
		_LCDByte
		_LCDInit
 This function uses a non-reentrant model



MODULE INFORMATION

Module		Function		Class		Link	Load	Size
E:\Study Material\XC8 PROJECTS\EEPROM Library\myeeprom.c
		_rom_page_read 		CODE           	090C	0000	164
		_rom_page_write		CODE           	0AE8	0000	134
		_clear_rom     		CODE           	0BF2	0000	126
		_rom_byte_read 		CODE           	0C70	0000	112

E:\Study Material\XC8 PROJECTS\EEPROM Library\myeeprom.c estimated size: 536

E:\Study Material\XC8 PROJECTS\EEPROM Library\lcd_hd44780_pic16.c
		_LCDByte       		CODE           	0D48	0000	96
		_LCDWriteInt   		CODE           	0752	0000	274
		_LCDInit       		CODE           	0B6E	0000	132
		_LCDWriteString		CODE           	09B0	0000	164
		_LCDGotoXY     		CODE           	0E48	0000	68
		_LCDBusyLoop   		CODE           	0DA8	0000	84

E:\Study Material\XC8 PROJECTS\EEPROM Library\lcd_hd44780_pic16.c estimated size: 818

E:\Study Material\XC8 PROJECTS\EEPROM Library\Test.c
		_main          		CODE           	0610	0000	322
		_MY_DELAY      		CODE           	0E8C	0000	50

E:\Study Material\XC8 PROJECTS\EEPROM Library\Test.c estimated size: 372

C:\Program Files (x86)\Microchip\xc8\v1.33\sources\common\awmod.c
		___awmod       		CODE           	0A54	0000	148

C:\Program Files (x86)\Microchip\xc8\v1.33\sources\common\awmod.c estimated size: 148

C:\Program Files (x86)\Microchip\xc8\v1.33\sources\pic18\plib\i2c\i2c_open.c
		_OpenI2C       		CODE           	0EEA	0000	34

C:\Program Files (x86)\Microchip\xc8\v1.33\sources\pic18\plib\i2c\i2c_open.c estimated size: 34

C:\Program Files (x86)\Microchip\xc8\v1.33\sources\common\awdiv.c
		___awdiv       		CODE           	0864	0000	168

C:\Program Files (x86)\Microchip\xc8\v1.33\sources\common\awdiv.c estimated size: 168

C:\Program Files (x86)\Microchip\xc8\v1.33\sources\pic18\plib\i2c\i2c_writ.c
		_WriteI2C      		CODE           	0CE0	0000	104

C:\Program Files (x86)\Microchip\xc8\v1.33\sources\pic18\plib\i2c\i2c_writ.c estimated size: 104

shared
		__stringdata   		SMALLCONST     	0601	0000	14
		__initializatio		CODE           	0DFC	0000	66

shared estimated size: 80

C:\Program Files (x86)\Microchip\xc8\v1.33\sources\pic18\plib\i2c\i2c_read.c
		_ReadI2C       		CODE           	0EBE	0000	44

C:\Program Files (x86)\Microchip\xc8\v1.33\sources\pic18\plib\i2c\i2c_read.c estimated size: 44

C:\Program Files (x86)\Microchip\xc8\v1.33\sources\pic18\plib\i2c\i2c_idle.c
		_IdleI2C       		CODE           	0F0C	0000	20

C:\Program Files (x86)\Microchip\xc8\v1.33\sources\pic18\plib\i2c\i2c_idle.c estimated size: 20

