Microchip MPLAB XC8 Compiler V1.33 ()

Linker command line:

--edf=C:\Program Files (x86)\Microchip\xc8\v1.33\dat\en_msgs.txt -cs \
  -h+Serial_Test_Txr.sym --cmf=Serial_Test_Txr.cmf -z -Q16F870 \
  -oC:\Users\AMIEian\AppData\Local\Temp\s5ig.6 -MSerial_Test_Txr.map -E1 \
  -ver=XC8 -ASTACK=0A0h-0bfh -pstack=STACK -ACONST=00h-0FFhx8 \
  -ACODE=00h-07FFh -ASTRCODE=00h-07FFh -AENTRY=00h-0FFhx8 \
  -ASTRING=00h-0FFhx8 -ACOMMON=070h-07Fh -ABANK0=020h-06Fh \
  -ABANK1=0A0h-0BFh -ARAM=020h-06Fh,0A0h-0BFh -AABS1=020h-07Fh,0A0h-0BFh \
  -ASFR0=00h-01Fh -ASFR1=080h-09Fh -ASFR2=0100h-016Fh -ASFR3=0180h-01EFh \
  -preset_vec=00h,intentry=04h,init,end_init -ppowerup=CODE -pcinit=CODE \
  -pfunctab=CODE -ACONFIG=02007h-02007h -pconfig=CONFIG -DCONFIG=2 \
  -AIDLOC=02000h-02003h -pidloc=IDLOC -DIDLOC=2 -AEEDATA=00h-03Fh/02100h \
  -peeprom_data=EEDATA -DEEDATA=2 -DCODE=2 -DSTRCODE=2 -DSTRING=2 -DCONST=2 \
  -DENTRY=2 -k startup.obj Serial_Test_Txr.obj 

Object code version is 3.11

Machine type is 16F870



                Name                               Link     Load   Length Selector   Space Scale
startup.obj     end_init                             10       10        1        8       0
                reset_vec                             0        0        1        0       0
Serial_Test_Txr.obj
                cinit                                11       11        9        8       0
                intentry                              4        4        C        8       0
                text6                                C1       C1       43        8       0
                text5                               14C      14C       16        8       0
                text4                               128      128       24        8       0
                text3                                79       79       48        8       0
                text2                               104      104       24        8       0
                text1                               16A      16A        8        8       0
                maintext                             1A       1A       5F        8       0
                cstackBANK0                          65       65        8       20       1
                cstackCOMMON                         70       70        9       70       1
                clrtext                             162      162        8        8       0
                bssBANK0                             20       20       45       20       1
                bssCOMMON                            79       79        2       70       1

TOTAL           Name                               Link     Load   Length     Space
        CLASS   STACK          

        CLASS   CONST          

        CLASS   CODE           
                end_init                             10       10        1         0
                cinit                                11       11        9         0
                intentry                              4        4        C         0
                reset_vec                             0        0        1         0
                text6                                C1       C1       43         0
                text5                               14C      14C       16         0
                text4                               128      128       24         0
                text3                                79       79       48         0
                text2                               104      104       24         0
                text1                               16A      16A        8         0
                maintext                             1A       1A       5F         0
                clrtext                             162      162        8         0

        CLASS   STRCODE        

        CLASS   ENTRY          

        CLASS   STRING         

        CLASS   COMMON         
                cstackCOMMON                         70       70        9         1
                bssCOMMON                            79       79        2         1

        CLASS   BANK0          
                cstackBANK0                          65       65        8         1
                bssBANK0                             20       20       45         1

        CLASS   BANK1          

        CLASS   RAM            

        CLASS   ABS1           
                abs_s1                               7E       7E        2         1

        CLASS   SFR0           

        CLASS   SFR1           

        CLASS   SFR2           

        CLASS   SFR3           

        CLASS   CONFIG         

        CLASS   IDLOC          

        CLASS   EEDATA         

        CLASS   BANK3          

        CLASS   BANK2          



SEGMENTS        Name                           Load    Length   Top    Selector   Space  Class     Delta

                reset_vec                      000000  000001  000001         0       0  CODE        2
                intentry                       000004  00016E  000172         8       0  CODE        2
                bssBANK0                       000020  00004D  00006D        20       1  BANK0       1
                cstackCOMMON                   000070  00000B  00007B        70       1  COMMON      1


UNUSED ADDRESS RANGES

        Name                Unused          Largest block    Delta
        BANK0            06D-06F             3           1
        BANK1            0A0-0BF            20           1
        CODE             001-003             3           2
                         172-7FF           68E
        COMMON           07B-07D             3           1
        CONFIG           2007-2007             1           2
        CONST            001-003             3           2
                         172-7FF           100
        EEDATA           2100-213F            40           2
        ENTRY            001-003             3           2
                         172-7FF           100
        IDLOC            2000-2003             4           2
        RAM              06D-06F             3           1
                         0A0-0BF            20
        SFR0             000-01F            20           1
        SFR1             080-09F            20           1
        SFR2             100-16F            70           1
        SFR3             180-1EF            70           1
        STACK            0A0-0BF            20           1
        STRCODE          001-003             3           2
                         172-7FF           68E
        STRING           001-003             3           2
                         172-7FF           100

                                  Symbol Table

USARTHandleRxInt@data        cstackCOMMON 074
USARTInit@baud_rate          cstackBANK0  065
USARTReadData@data           cstackBANK0  066
USARTWriteChar@ch            cstackBANK0  065
USARTWriteInt@F769           bssBANK0     060
_GIE                         (abs)        05F
_ISR                         text5        14C
_PEIE                        (abs)        05E
_PIR1bits                    (abs)        00C
_RB0                         (abs)        030
_RB1                         (abs)        031
_RCIE                        (abs)        465
_RCIF                        (abs)        065
_RCREG                       (abs)        01A
_RCSTAbits                   (abs)        018
_SPBRG                       (abs)        099
_TRISB                       (abs)        086
_TXREG                       (abs)        019
_TXSTAbits                   (abs)        098
_UQEnd                       bssCOMMON    079
_UQFront                     bssCOMMON    07A
_URBuff                      bssBANK0     020
_USARTDataAvailable          text4        128
_USARTHandleRxInt            text6        0C1
_USARTInit                   text3        079
_USARTReadData               text2        104
_USARTWriteChar              text1        16A
__Habs1                      abs1         000
__Hbank0                     bank0        000
__Hbank1                     bank1        000
__Hbank2                     bank2        000
__Hbank3                     bank3        000
__HbssBANK0                  bssBANK0     000
__HbssCOMMON                 bssCOMMON    000
__Hcinit                     cinit        01A
__Hclrtext                   clrtext      000
__Hcode                      code         000
__Hcommon                    common       000
__Hconfig                    config       000
__HcstackBANK0               cstackBANK0  000
__HcstackCOMMON              cstackCOMMON 000
__Heeprom_data               eeprom_data  000
__Hend_init                  end_init     011
__Hfunctab                   functab      000
__Hidloc                     idloc        000
__Hinit                      init         010
__Hintentry                  intentry     010
__Hmaintext                  maintext     000
__Hpowerup                   powerup      000
__Hram                       ram          000
__Hreset_vec                 reset_vec    001
__Hsfr0                      sfr0         000
__Hsfr1                      sfr1         000
__Hsfr2                      sfr2         000
__Hsfr3                      sfr3         000
__Hspace_0                   (abs)        172
__Hspace_1                   (abs)        07B
__Hspace_2                   (abs)        000
__Hspace_3                   (abs)        000
__Hstack                     stack        000
__Hstrings                   strings      000
__Htext                      text         000
__Labs1                      abs1         000
__Lbank0                     bank0        000
__Lbank1                     bank1        000
__Lbank2                     bank2        000
__Lbank3                     bank3        000
__LbssBANK0                  bssBANK0     000
__LbssCOMMON                 bssCOMMON    000
__Lcinit                     cinit        011
__Lclrtext                   clrtext      000
__Lcode                      code         000
__Lcommon                    common       000
__Lconfig                    config       000
__LcstackBANK0               cstackBANK0  000
__LcstackCOMMON              cstackCOMMON 000
__Leeprom_data               eeprom_data  000
__Lend_init                  end_init     010
__Lfunctab                   functab      000
__Lidloc                     idloc        000
__Linit                      init         010
__Lintentry                  intentry     004
__Lmaintext                  maintext     000
__Lpowerup                   powerup      000
__Lram                       ram          000
__Lreset_vec                 reset_vec    000
__Lsfr0                      sfr0         000
__Lsfr1                      sfr1         000
__Lsfr2                      sfr2         000
__Lsfr3                      sfr3         000
__Lspace_0                   (abs)        000
__Lspace_1                   (abs)        000
__Lspace_2                   (abs)        000
__Lspace_3                   (abs)        000
__Lstack                     stack        000
__Lstrings                   strings      000
__Ltext                      text         000
__S0                         (abs)        172
__S1                         (abs)        07B
__S2                         (abs)        000
__S3                         (abs)        000
___int_sp                    stack        000
___latbits                   (abs)        000
___sp                        stack        000
__end_of_ISR                 text5        162
__end_of_USARTDataAvailable  text4        14C
__end_of_USARTHandleRxInt    text6        104
__end_of_USARTInit           text3        0C1
__end_of_USARTReadData       text2        128
__end_of_USARTWriteChar      text1        172
__end_of__initialization     cinit        018
__end_of_main                maintext     079
__initialization             cinit        011
__pbssBANK0                  bssBANK0     020
__pbssCOMMON                 bssCOMMON    079
__pcstackBANK0               cstackBANK0  065
__pcstackCOMMON              cstackCOMMON 070
__pintentry                  intentry     004
__pmaintext                  maintext     01A
__ptext0                     text0        000
__ptext1                     text1        16A
__ptext2                     text2        104
__ptext3                     text3        079
__ptext4                     text4        128
__ptext5                     text5        14C
__ptext6                     text6        0C1
__size_of_ISR                (abs)        000
__size_of_USARTDataAvailable (abs)        000
__size_of_USARTHandleRxInt   (abs)        000
__size_of_USARTInit          (abs)        000
__size_of_USARTReadData      (abs)        000
__size_of_USARTWriteChar     (abs)        000
__size_of_main               (abs)        000
_main                        maintext     01A
btemp                        (abs)        07E
clear_ram0                   clrtext      162
end_of_initialization        cinit        018
interrupt_function           intentry     004
intlevel0                    functab      000
intlevel1                    functab      000
intlevel2                    functab      000
intlevel3                    functab      000
intlevel4                    functab      000
intlevel5                    functab      000
ltemp                        (abs)        07E
ltemp0                       (abs)        07E
ltemp1                       (abs)        082
ltemp2                       (abs)        086
ltemp3                       (abs)        080
main@count                   cstackBANK0  06B
main@data                    cstackBANK0  06C
reset_vec                    reset_vec    000
saved_w                      (abs)        07E
stackhi                      (abs)        000
stacklo                      (abs)        000
start                        init         010
start_initialization         cinit        011
ttemp                        (abs)        07E
ttemp0                       (abs)        07E
ttemp1                       (abs)        081
ttemp2                       (abs)        084
ttemp3                       (abs)        087
ttemp4                       (abs)        07F
wtemp                        (abs)        07E
wtemp0                       (abs)        07E
wtemp1                       (abs)        080
wtemp2                       (abs)        082
wtemp3                       (abs)        084
wtemp4                       (abs)        086
wtemp5                       (abs)        088
wtemp6                       (abs)        07F


FUNCTION INFORMATION:

 *************** function _main *****************
 Defined at:
		line 10 in file "E:\Study Material\XC8 PROJECTS\Serial Test Txr\SerTestTxr.c"
 Parameters:    Size  Location     Type
		None
 Auto vars:     Size  Location     Type
  data            1    7[BANK0 ] unsigned char 
  count           1    6[BANK0 ] unsigned char 
 Return value:  Size  Location     Type
		None               void
 Registers used:
		wreg, fsr0l, fsr0h, status,2, status,0, pclath, cstack
 Tracked objects:
		On entry : 
		On exit  : 
		Unchanged: 
 Data sizes:     COMMON   BANK0   BANK1
      Params:         0       0       0
      Locals:         0       2       0
      Temps:          0       3       0
      Totals:         0       5       0
Total ram usage:        5 bytes
 Hardware stack levels required when called:    3
 This function calls:
		_USARTDataAvailable
		_USARTInit
		_USARTReadData
		_USARTWriteChar
 This function is called by:
		Startup code after reset
 This function uses a non-reentrant model


 *************** function _USARTWriteChar *****************
 Defined at:
		line 71 in file "E:\Study Material\XC8 PROJECTS\Serial Test Txr\usart_pic16.c"
 Parameters:    Size  Location     Type
  ch              1    wreg     unsigned char 
 Auto vars:     Size  Location     Type
  ch              1    0[BANK0 ] unsigned char 
 Return value:  Size  Location     Type
		None               void
 Registers used:
		wreg
 Tracked objects:
		On entry : 
		On exit  : 
		Unchanged: 
 Data sizes:     COMMON   BANK0   BANK1
      Params:         0       0       0
      Locals:         0       1       0
      Temps:          0       0       0
      Totals:         0       1       0
Total ram usage:        1 bytes
 Hardware stack levels used:    1
 Hardware stack levels required when called:    2
 This function calls:
		Nothing
 This function is called by:
		_main
		_USARTWriteString
		_USARTWriteLine
		_USARTWriteInt
		_USARTGotoNewLine
 This function uses a non-reentrant model


 *************** function _USARTReadData *****************
 Defined at:
		line 119 in file "E:\Study Material\XC8 PROJECTS\Serial Test Txr\usart_pic16.c"
 Parameters:    Size  Location     Type
		None
 Auto vars:     Size  Location     Type
  data            1    1[BANK0 ] unsigned char 
 Return value:  Size  Location     Type
                  1    wreg      unsigned char 
 Registers used:
		wreg, fsr0l, fsr0h, status,2, status,0
 Tracked objects:
		On entry : 
		On exit  : 
		Unchanged: 
 Data sizes:     COMMON   BANK0   BANK1
      Params:         0       0       0
      Locals:         0       1       0
      Temps:          0       1       0
      Totals:         0       2       0
Total ram usage:        2 bytes
 Hardware stack levels used:    1
 Hardware stack levels required when called:    2
 This function calls:
		Nothing
 This function is called by:
		_main
		_USARTReadBuffer
		_USARTFlushBuffer
 This function uses a non-reentrant model


 *************** function _USARTInit *****************
 Defined at:
		line 31 in file "E:\Study Material\XC8 PROJECTS\Serial Test Txr\usart_pic16.c"
 Parameters:    Size  Location     Type
  baud_rate       2    0[BANK0 ] unsigned int 
 Auto vars:     Size  Location     Type
		None
 Return value:  Size  Location     Type
		None               void
 Registers used:
		wreg, fsr0l, fsr0h, status,2, status,0
 Tracked objects:
		On entry : 
		On exit  : 
		Unchanged: 
 Data sizes:     COMMON   BANK0   BANK1
      Params:         0       2       0
      Locals:         0       0       0
      Temps:          0       1       0
      Totals:         0       3       0
Total ram usage:        3 bytes
 Hardware stack levels used:    1
 Hardware stack levels required when called:    2
 This function calls:
		Nothing
 This function is called by:
		_main
 This function uses a non-reentrant model


 *************** function _USARTDataAvailable *****************
 Defined at:
		line 146 in file "E:\Study Material\XC8 PROJECTS\Serial Test Txr\usart_pic16.c"
 Parameters:    Size  Location     Type
		None
 Auto vars:     Size  Location     Type
		None
 Return value:  Size  Location     Type
                  1    wreg      unsigned char 
 Registers used:
		wreg, status,2, status,0
 Tracked objects:
		On entry : 
		On exit  : 
		Unchanged: 
 Data sizes:     COMMON   BANK0   BANK1
      Params:         0       0       0
      Locals:         0       0       0
      Temps:          0       1       0
      Totals:         0       1       0
Total ram usage:        1 bytes
 Hardware stack levels used:    1
 Hardware stack levels required when called:    2
 This function calls:
		Nothing
 This function is called by:
		_main
		_USARTFlushBuffer
 This function uses a non-reentrant model


 *************** function _ISR *****************
 Defined at:
		line 6 in file "E:\Study Material\XC8 PROJECTS\Serial Test Txr\isr.c"
 Parameters:    Size  Location     Type
		None
 Auto vars:     Size  Location     Type
		None
 Return value:  Size  Location     Type
		None               void
 Registers used:
		wreg, fsr0l, fsr0h, status,2, status,0, pclath, cstack
 Tracked objects:
		On entry : 
		On exit  : 
		Unchanged: 
 Data sizes:     COMMON   BANK0   BANK1
      Params:         0       0       0
      Locals:         0       0       0
      Temps:          4       0       0
      Totals:         4       0       0
Total ram usage:        4 bytes
 Hardware stack levels used:    1
 Hardware stack levels required when called:    1
 This function calls:
		_USARTHandleRxInt
 This function is called by:
		Interrupt level 1
 This function uses a non-reentrant model


 *************** function _USARTHandleRxInt *****************
 Defined at:
		line 95 in file "E:\Study Material\XC8 PROJECTS\Serial Test Txr\usart_pic16.c"
 Parameters:    Size  Location     Type
		None
 Auto vars:     Size  Location     Type
  data            1    4[COMMON] unsigned char 
 Return value:  Size  Location     Type
		None               void
 Registers used:
		wreg, fsr0l, fsr0h, status,2, status,0
 Tracked objects:
		On entry : 
		On exit  : 
		Unchanged: 
 Data sizes:     COMMON   BANK0   BANK1
      Params:         0       0       0
      Locals:         1       0       0
      Temps:          4       0       0
      Totals:         5       0       0
Total ram usage:        5 bytes
 Hardware stack levels used:    1
 This function calls:
		Nothing
 This function is called by:
		_ISR
 This function uses a non-reentrant model



MODULE INFORMATION

Module		Function		Class		Link	Load	Size
E:\Study Material\XC8 PROJECTS\Serial Test Txr\usart_pic16.c
		_USARTDataAvail		CODE           	0128	0000	36
		_USARTWriteChar		CODE           	016A	0000	8
		_USARTHandleRxI		CODE           	00C1	0000	67
		_USARTInit     		CODE           	0079	0000	72
		_USARTReadData 		CODE           	0104	0000	36

E:\Study Material\XC8 PROJECTS\Serial Test Txr\usart_pic16.c estimated size: 219

E:\Study Material\XC8 PROJECTS\Serial Test Txr\SerTestTxr.c
		_main          		CODE           	001A	0000	95

E:\Study Material\XC8 PROJECTS\Serial Test Txr\SerTestTxr.c estimated size: 95

shared
		__initializatio		CODE           	0011	0000	7

shared estimated size: 7

E:\Study Material\XC8 PROJECTS\Serial Test Txr\isr.c
		_ISR           		CODE           	014C	0000	22

E:\Study Material\XC8 PROJECTS\Serial Test Txr\isr.c estimated size: 22

