Microchip MPLAB XC8 Compiler V1.12 ()

Linker command line:

--edf=C:\Program Files\Microchip\xc8\v1.12\dat\en_msgs.txt -cs \
  -h+Analog.sym -z -Q18F452 -ol.obj -MAnalog.map -E1 -ver=XC8 \
  -ACODE=00h-03FFFhx2 -ACONST=00h-07FFFh -ASMALLCONST=0600h-06FFhx122 \
  -AMEDIUMCONST=0600h-07FFFh -ACOMRAM=01h-07Fh -AABS1=00h-05FFh \
  -ABIGRAM=01h-05FFh -ARAM=080h-0FFh,0100h-01FFhx5 -ABANK0=080h-0FFh \
  -ABANK1=0100h-01FFh -ABANK2=0200h-02FFh -ABANK3=0300h-03FFh \
  -ABANK4=0400h-04FFh -ABANK5=0500h-05FFh -ASFR=0F80h-0FFFh \
  -preset_vec=00h,intcode=08h,intcodelo,powerup,init,end_init \
  -pramtop=0600h -psmallconst=SMALLCONST -pmediumconst=MEDIUMCONST \
  -pconst=CONST -AFARRAM=00h-00h -ACONFIG=0300000h-030000Dh -pconfig=CONFIG \
  -AIDLOC=0200000h-0200007h -pidloc=IDLOC -AEEDATA=0F00000h-0F000FFh \
  -peeprom_data=EEDATA \
  -prdata=COMRAM,nvrram=COMRAM,nvbit=COMRAM,rbss=COMRAM,rbit=COMRAM \
  -pfarbss=FARRAM,fardata=FARRAM \
  -pintsave_regs=BIGRAM,bigbss=BIGRAM,bigdata=BIGRAM -pbss=RAM \
  -pidata=CODE,irdata=CODE,ibigdata=CODE,ifardata=CODE startup.obj \
  Analog.obj 

Object code version is 3.10

Machine type is 18F452

Call graph: (short form)




                Name                               Link     Load   Length Selector   Space Scale
startup.obj     end_init                             DC       DC        4        4       0
                reset_vec                             0        0        6        0       0
Analog.obj      intcode                               8        8       D4        4       0
                text10                             1930     1930       70        4       0
                text9                              1884     1884       AC        4       0
                text8                              1718     1718       C0        4       0
                text7                              1A2A     1A2A       20        4       0
                text6                              17D8     17D8       AC        4       0
                text5                              1A4A     1A4A       18        4       0
                text4                              19A0     19A0       46        4       0
                text3                              1496     1496      19A        4       0
                text2                              1630     1630       E8        4       0
                text1                              1A0A     1A0A       20        4       0
                text0                                E0       E0     13B6        4       0
                cstackCOMRAM                         2F       2F       1A        1       1
                dataCOMRAM                           49       49        1        1       1
                bssCOMRAM                             1        1       2E        1       1
                cinit                              19E6     19E6       24        4       0
                idataCOMRAM                        1A62     1A62        1        4       0

TOTAL           Name                               Link     Load   Length     Space
        CLASS   CODE           
                end_init                             DC       DC        4         0
                intcode                               8        8       D4         0
                reset_vec                             0        0        6         0
                text10                             1930     1930       70         0
                text9                              1884     1884       AC         0
                text8                              1718     1718       C0         0
                text7                              1A2A     1A2A       20         0
                text6                              17D8     17D8       AC         0
                text5                              1A4A     1A4A       18         0
                text4                              19A0     19A0       46         0
                text3                              1496     1496      19A         0
                text2                              1630     1630       E8         0
                text1                              1A0A     1A0A       20         0
                text0                                E0       E0     13B6         0
                cinit                              19E6     19E6       24         0
                idataCOMRAM                        1A62     1A62        1         0

        CLASS   CONST          

        CLASS   SMALLCONST     

        CLASS   MEDIUMCONST    

        CLASS   COMRAM         
                cstackCOMRAM                         2F       2F       1A         1
                dataCOMRAM                           49       49        1         1
                bssCOMRAM                             1        1       2E         1

        CLASS   ABS1           

        CLASS   BIGRAM         

        CLASS   RAM            

        CLASS   BANK0          

        CLASS   BANK1          

        CLASS   BANK2          

        CLASS   BANK3          

        CLASS   BANK4          

        CLASS   BANK5          

        CLASS   SFR            

        CLASS   FARRAM         

        CLASS   CONFIG         

        CLASS   IDLOC          

        CLASS   EEDATA         



SEGMENTS        Name                           Load    Length   Top    Selector   Space  Class

                reset_vec                      000000  000006  000006         0       0  CODE    
                bssCOMRAM                      000001  000049  00004A         1       1  COMRAM  
                intcode                        000008  001A5B  001A63         4       0  CODE    


UNUSED ADDRESS RANGES

        Name                Unused          Largest block    Delta
        BANK0            0080-00FF             80
        BANK1            0100-01FF            100
        BANK2            0200-02FF            100
        BANK3            0300-03FF            100
        BANK4            0400-04FF            100
        BANK5            0500-05FF            100
        BIGRAM           004A-05FF            5B6
        CODE             0006-0007              2
                         1A63-7FFF           259D
        COMRAM           004A-007F             36
        CONFIG           300000-30000D              E
        CONST            0006-0007              2
                         1A63-7FFF           659D
        EEDATA           F00000-F000FF            100
        IDLOC            200000-200007              8
        MEDIUMCONST      1A63-7FFF           659D
        RAM              0080-05FF            100
        SFR              0F80-0FFF             80
        SMALLCONST       1A63-7FFF            100

                                  Symbol Table

?_EEByteWrite            cstackCOMRAM 003E
?_EERandomRead           cstackCOMRAM 003E
?_OpenI2C                cstackCOMRAM 003D
?_Read_b_eep             cstackCOMRAM 003D
?_WriteI2C               cstackCOMRAM 003D
?_Write_b_eep            cstackCOMRAM 003D
?___awdiv                cstackCOMRAM 003D
?___awmod                cstackCOMRAM 003D
?___lwdiv                cstackCOMRAM 003D
EEByteWrite@address      cstackCOMRAM 003F
EEByteWrite@control      cstackCOMRAM 003E
EEByteWrite@data         cstackCOMRAM 0040
EERandomRead@address     cstackCOMRAM 003F
EERandomRead@control     cstackCOMRAM 003E
OpenI2C@slew             cstackCOMRAM 003E
OpenI2C@sync_mode        cstackCOMRAM 003D
Read_b_eep@badd          cstackCOMRAM 003D
WriteI2C@data_out        cstackCOMRAM 003D
Write_b_eep@GIE_BIT_VAL  cstackCOMRAM 0041
Write_b_eep@badd         cstackCOMRAM 003D
Write_b_eep@bdat         cstackCOMRAM 003F
_ADCON1                  (abs)        0FC1
_CARRY                   (abs)        7EC0
_EEADR                   (abs)        0FA9
_EEByteWrite             text2        1630
_EECON1bits              (abs)        0FA6
_EECON2                  (abs)        0FA7
_EEDATA                  (abs)        0FA8
_EERandomRead            text3        1496
_INTCON                  (abs)        0FF2
_INTCONbits              (abs)        0FF2
_IdleI2C                 text7        1A2A
_OpenI2C                 text1        1A0A
_PIR1bits                (abs)        0F9E
_PIR2bits                (abs)        0FA1
_PORTB                   (abs)        0F81
_PORTC                   (abs)        0F82
_PORTD                   (abs)        0F83
_PORTE                   (abs)        0F84
_R1                      dataCOMRAM   0049
_R2                      bssCOMRAM    0013
_RA0                     (abs)        7C00
_RA1                     (abs)        7C01
_RA2                     (abs)        7C02
_RA3                     (abs)        7C03
_RA4                     (abs)        7C04
_RB0                     (abs)        7C08
_RB1                     (abs)        7C09
_RB2                     (abs)        7C0A
_RB3                     (abs)        7C0B
_RC0                     (abs)        7C10
_RC1                     (abs)        7C11
_RC2                     (abs)        7C12
_RC3                     (abs)        7C13
_RC4                     (abs)        7C14
_RC5                     (abs)        7C15
_RC6                     (abs)        7C16
_RC7                     (abs)        7C17
_RCON                    (abs)        0FD0
_RD0                     (abs)        7C18
_RD1                     (abs)        7C19
_RD2                     (abs)        7C1A
_RD3                     (abs)        7C1B
_RD4                     (abs)        7C1C
_RD5                     (abs)        7C1D
_RD6                     (abs)        7C1E
_RD7                     (abs)        7C1F
_Read_b_eep              text5        1A4A
_SSPADD                  (abs)        0FC8
_SSPBUF                  (abs)        0FC9
_SSPCON1                 (abs)        0FC6
_SSPCON1bits             (abs)        0FC6
_SSPCON2                 (abs)        0FC5
_SSPCON2bits             (abs)        0FC5
_SSPSTAT                 (abs)        0FC7
_SSPSTATbits             (abs)        0FC7
_T0CON                   (abs)        0FD5
_T0IF                    (abs)        7F92
_TMR0                    (abs)        0FD6
_TRISA                   (abs)        0F92
_TRISB                   (abs)        0F93
_TRISC                   (abs)        0F94
_TRISCbits               (abs)        0F94
_TRISD                   (abs)        0F95
_TRISE                   (abs)        0F96
_WriteI2C                text6        17D8
_Write_b_eep             text4        19A0
__HRAM                   (abs)        0000
__Habs1                  abs1         0000
__Hbank0                 bank0        0000
__Hbank1                 bank1        0000
__Hbank2                 bank2        0000
__Hbank3                 bank3        0000
__Hbank4                 bank4        0000
__Hbank5                 bank5        0000
__Hbigbss                bigbss       0000
__Hbigdata               bigdata      0000
__Hbigram                bigram       0000
__Hbss                   bss          0000
__HbssCOMRAM             bssCOMRAM    0000
__Hcinit                 cinit        0000
__Hclrtext               clrtext      0000
__Hcomram                comram       0000
__Hconfig                config       0000
__Hconst                 const        0000
__HcstackCOMRAM          cstackCOMRAM 0000
__Hdata                  data         0000
__HdataCOMRAM            dataCOMRAM   0000
__Heeprom_data           eeprom_data  0000
__Hend_init              end_init     00E0
__Hfarbss                farbss       0000
__Hfardata               fardata      0000
__Hibigdata              ibigdata     0000
__Hidata                 idata        0000
__HidataCOMRAM           idataCOMRAM  0000
__Hidloc                 idloc        0000
__Hifardata              ifardata     0000
__Hinit                  init         00DC
__Hintcode               intcode      00DC
__Hintcode_body          intcode_body 0000
__Hintcodelo             intcodelo    00DC
__Hintentry              intentry     0000
__Hintret                intret       0000
__Hintsave_regs          intsave_regs 0000
__Hirdata                irdata       0000
__Hmediumconst           mediumconst  0000
__Hnvbit                 nvbit        0000
__Hnvrram                nvrram       0000
__Hparam                 rparam       0000
__Hpowerup               powerup      00DC
__Hram                   ram          0000
__Hramtop                ramtop       0600
__Hrbit                  rbit         0000
__Hrbss                  rbss         0000
__Hrdata                 rdata        0000
__Hreset_vec             reset_vec    0006
__Hrparam                rparam       0000
__Hsfr                   sfr          0000
__Hsmallconst            smallconst   0000
__Hstruct                struct       0000
__Htemp                  temp         0000
__Htext                  text         0000
__Htext0                 text0        0000
__Htext1                 text1        0000
__Htext10                text10       0000
__Htext2                 text2        0000
__Htext3                 text3        0000
__Htext4                 text4        0000
__Htext5                 text5        0000
__Htext6                 text6        0000
__Htext7                 text7        0000
__Htext8                 text8        0000
__Htext9                 text9        0000
__LRAM                   (abs)        0001
__Labs1                  abs1         0000
__Lbank0                 bank0        0000
__Lbank1                 bank1        0000
__Lbank2                 bank2        0000
__Lbank3                 bank3        0000
__Lbank4                 bank4        0000
__Lbank5                 bank5        0000
__Lbigbss                bigbss       0000
__Lbigdata               bigdata      0000
__Lbigram                bigram       0000
__Lbss                   bss          0000
__LbssCOMRAM             bssCOMRAM    0000
__Lcinit                 cinit        0000
__Lclrtext               clrtext      0000
__Lcomram                comram       0000
__Lconfig                config       0000
__Lconst                 const        0000
__LcstackCOMRAM          cstackCOMRAM 0000
__Ldata                  data         0000
__LdataCOMRAM            dataCOMRAM   0000
__Leeprom_data           eeprom_data  0000
__Lend_init              end_init     00DC
__Lfarbss                farbss       0000
__Lfardata               fardata      0000
__Libigdata              ibigdata     0000
__Lidata                 idata        0000
__LidataCOMRAM           idataCOMRAM  0000
__Lidloc                 idloc        0000
__Lifardata              ifardata     0000
__Linit                  init         00DC
__Lintcode               intcode      0008
__Lintcode_body          intcode_body 0000
__Lintcodelo             intcodelo    00DC
__Lintentry              intentry     0000
__Lintret                intret       0000
__Lintsave_regs          intsave_regs 0000
__Lirdata                irdata       0000
__Lmediumconst           mediumconst  0000
__Lnvbit                 nvbit        0000
__Lnvrram                nvrram       0000
__Lparam                 rparam       0000
__Lpowerup               powerup      00DC
__Lram                   ram          0000
__Lramtop                ramtop       0600
__Lrbit                  rbit         0000
__Lrbss                  rbss         0000
__Lrdata                 rdata        0000
__Lreset_vec             reset_vec    0000
__Lrparam                rparam       0000
__Lsfr                   sfr          0000
__Lsmallconst            smallconst   0000
__Lstruct                struct       0000
__Ltemp                  temp         0000
__Ltext                  text         0000
__Ltext0                 text0        0000
__Ltext1                 text1        0000
__Ltext10                text10       0000
__Ltext2                 text2        0000
__Ltext3                 text3        0000
__Ltext4                 text4        0000
__Ltext5                 text5        0000
__Ltext6                 text6        0000
__Ltext7                 text7        0000
__Ltext8                 text8        0000
__Ltext9                 text9        0000
__S0                     (abs)        1A63
__S1                     (abs)        004A
___awdiv                 text8        1718
___awdiv@counter         cstackCOMRAM 0042
___awdiv@dividend        cstackCOMRAM 003D
___awdiv@divisor         cstackCOMRAM 003F
___awdiv@quotient        cstackCOMRAM 0044
___awdiv@sign            cstackCOMRAM 0043
___awmod                 text9        1884
___awmod@counter         cstackCOMRAM 0042
___awmod@dividend        cstackCOMRAM 003D
___awmod@divisor         cstackCOMRAM 003F
___awmod@sign            cstackCOMRAM 0043
___lwdiv                 text10       1930
___lwdiv@counter         cstackCOMRAM 0044
___lwdiv@dividend        cstackCOMRAM 003D
___lwdiv@divisor         cstackCOMRAM 003F
___lwdiv@quotient        cstackCOMRAM 0042
__accesstop              (abs)        0080
__activetblptr           (abs)        0000
__end_of_EEByteWrite     text2        1718
__end_of_EERandomRead    text3        1630
__end_of_IdleI2C         text7        1A4A
__end_of_OpenI2C         text1        1A2A
__end_of_Read_b_eep      text5        1A62
__end_of_WriteI2C        text6        1884
__end_of_Write_b_eep     text4        19E6
__end_of___awdiv         text8        17D8
__end_of___awmod         text9        1930
__end_of___lwdiv         text10       19A0
__end_of__initialization cinit        1A04
__end_of_main            text0        1496
__end_of_tmr_int         intcode      00DC
__initialization         cinit        19E6
__mediumconst            mediumconst  0000
__pbssCOMRAM             bssCOMRAM    0001
__pcinit                 cinit        19E6
__pcstackCOMRAM          cstackCOMRAM 002F
__pdataCOMRAM            dataCOMRAM   0049
__pidataCOMRAM           idataCOMRAM  1A62
__pintcode               intcode      0008
__ptext0                 text0        00E0
__ptext1                 text1        1A0A
__ptext10                text10       1930
__ptext2                 text2        1630
__ptext3                 text3        1496
__ptext4                 text4        19A0
__ptext5                 text5        1A4A
__ptext6                 text6        17D8
__ptext7                 text7        1A2A
__ptext8                 text8        1718
__ptext9                 text9        1884
__ramtop                 ramtop       0600
__size_of_EEByteWrite    (abs)        0000
__size_of_EERandomRead   (abs)        0000
__size_of_IdleI2C        (abs)        0000
__size_of_OpenI2C        (abs)        0000
__size_of_Read_b_eep     (abs)        0000
__size_of_WriteI2C       (abs)        0000
__size_of_Write_b_eep    (abs)        0000
__size_of___awdiv        (abs)        0000
__size_of___awmod        (abs)        0000
__size_of___lwdiv        (abs)        0000
__size_of_main           (abs)        0000
__size_of_tmr_int        (abs)        0000
__smallconst             smallconst   0000
_addrh                   bssCOMRAM    0014
_addrl                   bssCOMRAM    0015
_adr                     bssCOMRAM    0016
_bipomode                bssCOMRAM    0017
_bipopower               bssCOMRAM    0018
_cnt                     bssCOMRAM    0019
_coagmode                bssCOMRAM    001A
_coagpower               bssCOMRAM    001B
_count                   bssCOMRAM    001C
_cutmode                 bssCOMRAM    001D
_cutpower                bssCOMRAM    000F
_cutpowerh               bssCOMRAM    001E
_cutpowerl               bssCOMRAM    001F
_datai                   bssCOMRAM    0020
_datao                   bssCOMRAM    0021
_debounce                bssCOMRAM    0022
_hold                    bssCOMRAM    0023
_hundreds                bssCOMRAM    0024
_i                       bssCOMRAM    0025
_j                       bssCOMRAM    0026
_main                    text0        00E0
_progno                  bssCOMRAM    0027
_rdfl                    bssCOMRAM    0028
_rxbuf                   bssCOMRAM    0029
_temp                    bssCOMRAM    002A
_temp_a                  bssCOMRAM    0011
_tens                    bssCOMRAM    002B
_tmr_int                 intcode      0008
_txbuf                   bssCOMRAM    002C
_units                   bssCOMRAM    002D
_values                  bssCOMRAM    0001
_wrfl                    bssCOMRAM    002E
end_of_initialization    cinit        1A04
intlevel0                text         0000
intlevel1                text         0000
intlevel2                text         0000
intlevel3                text         0000
start                    init         00DC
start_initialization     cinit        19E6


FUNCTION INFORMATION:

 *************** function _main *****************
 Defined at:
		line 18 in file "C:\XC8 PROJECTS\Analog1\CO2.c"
 Parameters:    Size  Location     Type
		None
 Auto vars:     Size  Location     Type
		None
 Return value:  Size  Location     Type
		None               void
 Registers used:
		wreg, fsr0l, fsr0h, fsr1l, fsr1h, fsr2l, fsr2h, status,2, status,0, pclat, tosl, structret, tblptrl, tblptrh, tblptru, prodl, prodh, bsr, cstack
 Tracked objects:
		On entry : 
		On exit  : 
		Unchanged: 
 Data sizes:     COMRAM   BANK0   BANK1   BANK2   BANK3   BANK4   BANK5
      Params:         0       0       0       0       0       0       0
      Locals:         0       0       0       0       0       0       0
      Temps:          3       0       0       0       0       0       0
      Totals:         3       0       0       0       0       0       0
Total ram usage:        3 bytes
 Hardware stack levels required when called:    4
 This function calls:
		_OpenI2C
		_EEByteWrite
		_EERandomRead
		_Write_b_eep
		_Read_b_eep
		___awdiv
		___awmod
		___lwdiv
 This function is called by:
		Startup code after reset
 This function uses a non-reentrant model


 *************** function _OpenI2C *****************
 Defined at:
		line 15 in file "plib/i2c/i2c_open.c"
 Parameters:    Size  Location     Type
  sync_mode       1   14[COMRAM] unsigned char 
  slew            1   15[COMRAM] unsigned char 
 Auto vars:     Size  Location     Type
		None
 Return value:  Size  Location     Type
		None               void
 Registers used:
		wreg, status,2, status,0
 Tracked objects:
		On entry : 
		On exit  : 
		Unchanged: 
 Data sizes:     COMRAM   BANK0   BANK1   BANK2   BANK3   BANK4   BANK5
      Params:         2       0       0       0       0       0       0
      Locals:         0       0       0       0       0       0       0
      Temps:          0       0       0       0       0       0       0
      Totals:         2       0       0       0       0       0       0
Total ram usage:        2 bytes
 Hardware stack levels used:    1
 Hardware stack levels required when called:    1
 This function calls:
		Nothing
 This function is called by:
		_main
 This function uses a non-reentrant model


 *************** function _EEByteWrite *****************
 Defined at:
		line 18 in file "plib/i2c/i2c_eebw.c"
 Parameters:    Size  Location     Type
  control         1   15[COMRAM] unsigned char 
  address         1   16[COMRAM] unsigned char 
  data            1   17[COMRAM] unsigned char 
 Auto vars:     Size  Location     Type
		None
 Return value:  Size  Location     Type
                  1    wreg      char 
 Registers used:
		wreg, fsr0l, fsr0h, fsr1l, fsr1h, fsr2l, fsr2h, status,2, status,0, pclat, tosl, structret, tblptrl, tblptrh, tblptru, prodl, prodh, bsr, cstack
 Tracked objects:
		On entry : 
		On exit  : 
		Unchanged: 
 Data sizes:     COMRAM   BANK0   BANK1   BANK2   BANK3   BANK4   BANK5
      Params:         3       0       0       0       0       0       0
      Locals:         0       0       0       0       0       0       0
      Temps:          0       0       0       0       0       0       0
      Totals:         3       0       0       0       0       0       0
Total ram usage:        3 bytes
 Hardware stack levels used:    1
 Hardware stack levels required when called:    3
 This function calls:
		_IdleI2C
		_WriteI2C
 This function is called by:
		_main
 This function uses a non-reentrant model


 *************** function _EERandomRead *****************
 Defined at:
		line 18 in file "plib/i2c/i2c_eerr.c"
 Parameters:    Size  Location     Type
  control         1   15[COMRAM] unsigned char 
  address         1   16[COMRAM] unsigned char 
 Auto vars:     Size  Location     Type
		None
 Return value:  Size  Location     Type
                  2   15[COMRAM] int 
 Registers used:
		wreg, fsr0l, fsr0h, fsr1l, fsr1h, fsr2l, fsr2h, status,2, status,0, pclat, tosl, structret, tblptrl, tblptrh, tblptru, prodl, prodh, bsr, cstack
 Tracked objects:
		On entry : 
		On exit  : 
		Unchanged: 
 Data sizes:     COMRAM   BANK0   BANK1   BANK2   BANK3   BANK4   BANK5
      Params:         2       0       0       0       0       0       0
      Locals:         0       0       0       0       0       0       0
      Temps:          0       0       0       0       0       0       0
      Totals:         2       0       0       0       0       0       0
Total ram usage:        2 bytes
 Hardware stack levels used:    1
 Hardware stack levels required when called:    3
 This function calls:
		_IdleI2C
		_WriteI2C
 This function is called by:
		_main
 This function uses a non-reentrant model


 *************** function _Write_b_eep *****************
 Defined at:
		line 31 in file "plib/EEP/write_B.c"
 Parameters:    Size  Location     Type
  badd            2   14[COMRAM] unsigned int 
  bdat            1   16[COMRAM] unsigned char 
 Auto vars:     Size  Location     Type
  GIE_BIT_VAL     1   18[COMRAM] unsigned char 
 Return value:  Size  Location     Type
		None               void
 Registers used:
		wreg, status,2
 Tracked objects:
		On entry : 
		On exit  : 
		Unchanged: 
 Data sizes:     COMRAM   BANK0   BANK1   BANK2   BANK3   BANK4   BANK5
      Params:         3       0       0       0       0       0       0
      Locals:         1       0       0       0       0       0       0
      Temps:          1       0       0       0       0       0       0
      Totals:         5       0       0       0       0       0       0
Total ram usage:        5 bytes
 Hardware stack levels used:    1
 Hardware stack levels required when called:    1
 This function calls:
		Nothing
 This function is called by:
		_main
 This function uses a non-reentrant model


 *************** function _Read_b_eep *****************
 Defined at:
		line 24 in file "plib/EEP/read_B.c"
 Parameters:    Size  Location     Type
  badd            2   14[COMRAM] unsigned int 
 Auto vars:     Size  Location     Type
		None
 Return value:  Size  Location     Type
                  1    wreg      unsigned char 
 Registers used:
		wreg, status,2
 Tracked objects:
		On entry : 
		On exit  : 
		Unchanged: 
 Data sizes:     COMRAM   BANK0   BANK1   BANK2   BANK3   BANK4   BANK5
      Params:         2       0       0       0       0       0       0
      Locals:         0       0       0       0       0       0       0
      Temps:          0       0       0       0       0       0       0
      Totals:         2       0       0       0       0       0       0
Total ram usage:        2 bytes
 Hardware stack levels used:    1
 Hardware stack levels required when called:    1
 This function calls:
		Nothing
 This function is called by:
		_main
 This function uses a non-reentrant model


 *************** function _WriteI2C *****************
 Defined at:
		line 13 in file "plib/i2c/i2c_writ.c"
 Parameters:    Size  Location     Type
  data_out        1   14[COMRAM] unsigned char 
 Auto vars:     Size  Location     Type
		None
 Return value:  Size  Location     Type
                  1    wreg      char 
 Registers used:
		wreg, status,2, status,0, cstack
 Tracked objects:
		On entry : 
		On exit  : 
		Unchanged: 
 Data sizes:     COMRAM   BANK0   BANK1   BANK2   BANK3   BANK4   BANK5
      Params:         1       0       0       0       0       0       0
      Locals:         0       0       0       0       0       0       0
      Temps:          0       0       0       0       0       0       0
      Totals:         1       0       0       0       0       0       0
Total ram usage:        1 bytes
 Hardware stack levels used:    1
 Hardware stack levels required when called:    2
 This function calls:
		_IdleI2C
 This function is called by:
		_EEByteWrite
		_EERandomRead
 This function uses a non-reentrant model


 *************** function _IdleI2C *****************
 Defined at:
		line 25 in file "plib/i2c/i2c_idle.c"
 Parameters:    Size  Location     Type
		None
 Auto vars:     Size  Location     Type
		None
 Return value:  Size  Location     Type
		None               void
 Registers used:
		wreg, status,2, status,0
 Tracked objects:
		On entry : 
		On exit  : 
		Unchanged: 
 Data sizes:     COMRAM   BANK0   BANK1   BANK2   BANK3   BANK4   BANK5
      Params:         0       0       0       0       0       0       0
      Locals:         0       0       0       0       0       0       0
      Temps:          0       0       0       0       0       0       0
      Totals:         0       0       0       0       0       0       0
Total ram usage:        0 bytes
 Hardware stack levels used:    1
 Hardware stack levels required when called:    1
 This function calls:
		Nothing
 This function is called by:
		_EEByteWrite
		_EERandomRead
		_WriteI2C
 This function uses a non-reentrant model


 *************** function ___awdiv *****************
 Defined at:
		line 10 in file "C:\Program Files\Microchip\xc8\v1.12\sources\awdiv.c"
 Parameters:    Size  Location     Type
  dividend        2   14[COMRAM] int 
  divisor         2   16[COMRAM] int 
 Auto vars:     Size  Location     Type
  quotient        2   21[COMRAM] int 
  sign            1   20[COMRAM] unsigned char 
  counter         1   19[COMRAM] unsigned char 
 Return value:  Size  Location     Type
                  2   14[COMRAM] int 
 Registers used:
		wreg, status,2, status,0
 Tracked objects:
		On entry : 
		On exit  : 
		Unchanged: 
 Data sizes:     COMRAM   BANK0   BANK1   BANK2   BANK3   BANK4   BANK5
      Params:         4       0       0       0       0       0       0
      Locals:         4       0       0       0       0       0       0
      Temps:          1       0       0       0       0       0       0
      Totals:         9       0       0       0       0       0       0
Total ram usage:        9 bytes
 Hardware stack levels used:    1
 Hardware stack levels required when called:    1
 This function calls:
		Nothing
 This function is called by:
		_main
 This function uses a non-reentrant model


 *************** function ___awmod *****************
 Defined at:
		line 10 in file "C:\Program Files\Microchip\xc8\v1.12\sources\awmod.c"
 Parameters:    Size  Location     Type
  dividend        2   14[COMRAM] int 
  divisor         2   16[COMRAM] int 
 Auto vars:     Size  Location     Type
  sign            1   20[COMRAM] unsigned char 
  counter         1   19[COMRAM] unsigned char 
 Return value:  Size  Location     Type
                  2   14[COMRAM] int 
 Registers used:
		wreg, status,2, status,0
 Tracked objects:
		On entry : 
		On exit  : 
		Unchanged: 
 Data sizes:     COMRAM   BANK0   BANK1   BANK2   BANK3   BANK4   BANK5
      Params:         4       0       0       0       0       0       0
      Locals:         2       0       0       0       0       0       0
      Temps:          1       0       0       0       0       0       0
      Totals:         7       0       0       0       0       0       0
Total ram usage:        7 bytes
 Hardware stack levels used:    1
 Hardware stack levels required when called:    1
 This function calls:
		Nothing
 This function is called by:
		_main
 This function uses a non-reentrant model


 *************** function ___lwdiv *****************
 Defined at:
		line 10 in file "C:\Program Files\Microchip\xc8\v1.12\sources\lwdiv.c"
 Parameters:    Size  Location     Type
  dividend        2   14[COMRAM] unsigned int 
  divisor         2   16[COMRAM] unsigned int 
 Auto vars:     Size  Location     Type
  quotient        2   19[COMRAM] unsigned int 
  counter         1   21[COMRAM] unsigned char 
 Return value:  Size  Location     Type
                  2   14[COMRAM] unsigned int 
 Registers used:
		wreg, status,2, status,0
 Tracked objects:
		On entry : 
		On exit  : 
		Unchanged: 
 Data sizes:     COMRAM   BANK0   BANK1   BANK2   BANK3   BANK4   BANK5
      Params:         4       0       0       0       0       0       0
      Locals:         3       0       0       0       0       0       0
      Temps:          1       0       0       0       0       0       0
      Totals:         8       0       0       0       0       0       0
Total ram usage:        8 bytes
 Hardware stack levels used:    1
 Hardware stack levels required when called:    1
 This function calls:
		Nothing
 This function is called by:
		_main
 This function uses a non-reentrant model


 *************** function _tmr_int *****************
 Defined at:
		line 960 in file "C:\XC8 PROJECTS\Analog1\CO2.c"
 Parameters:    Size  Location     Type
		None
 Auto vars:     Size  Location     Type
		None
 Return value:  Size  Location     Type
		None               void
 Registers used:
		wreg, fsr2l, fsr2h, status,2, status,0, prodl, prodh
 Tracked objects:
		On entry : 
		On exit  : 
		Unchanged: 
 Data sizes:     COMRAM   BANK0   BANK1   BANK2   BANK3   BANK4   BANK5
      Params:         0       0       0       0       0       0       0
      Locals:         0       0       0       0       0       0       0
      Temps:         14       0       0       0       0       0       0
      Totals:        14       0       0       0       0       0       0
Total ram usage:       14 bytes
 Hardware stack levels used:    1
 This function calls:
		Nothing
 This function is called by:
		Interrupt level 2
 This function uses a non-reentrant model



MODULE INFORMATION

Module		Function		Class		Link	Load	Size
C:\XC8 PROJECTS\Analog1\CO2.c
		_main          		CODE           	00E0	0000	5046
		_tmr_int       		CODE           	0008	0000	212

C:\XC8 PROJECTS\Analog1\CO2.c estimated size: 5258

shared
		__initializatio		CODE           	19E6	0000	30

shared estimated size: 30

plib/i2c/i2c_open.c
		_OpenI2C       		CODE           	1A0A	0000	32

plib/i2c/i2c_open.c estimated size: 32

plib/i2c/i2c_eerr.c
		_EERandomRead  		CODE           	1496	0000	410

plib/i2c/i2c_eerr.c estimated size: 410

C:\Program Files\Microchip\xc8\v1.12\sources\awmod.c
		___awmod       		CODE           	1884	0000	172

C:\Program Files\Microchip\xc8\v1.12\sources\awmod.c estimated size: 172

C:\Program Files\Microchip\xc8\v1.12\sources\awdiv.c
		___awdiv       		CODE           	1718	0000	192

C:\Program Files\Microchip\xc8\v1.12\sources\awdiv.c estimated size: 192

plib/EEP/write_B.c
		_Write_b_eep   		CODE           	19A0	0000	70

plib/EEP/write_B.c estimated size: 70

plib/i2c/i2c_idle.c
		_IdleI2C       		CODE           	1A2A	0000	32

plib/i2c/i2c_idle.c estimated size: 32

C:\Program Files\Microchip\xc8\v1.12\sources\lwdiv.c
		___lwdiv       		CODE           	1930	0000	112

C:\Program Files\Microchip\xc8\v1.12\sources\lwdiv.c estimated size: 112

plib/i2c/i2c_eebw.c
		_EEByteWrite   		CODE           	1630	0000	232

plib/i2c/i2c_eebw.c estimated size: 232

plib/i2c/i2c_writ.c
		_WriteI2C      		CODE           	17D8	0000	172

plib/i2c/i2c_writ.c estimated size: 172

plib/EEP/read_B.c
		_Read_b_eep    		CODE           	1A4A	0000	24

plib/EEP/read_B.c estimated size: 24

