Microchip MPLAB XC8 Compiler V1.33 ()

Linker command line:

--edf=C:\Program Files (x86)\Microchip\xc8\v1.33\dat\en_msgs.txt -cs \
  -h+OnePH.sym --cmf=OnePH.cmf -z -Q16F870 \
  -oC:\Users\AMIEian\AppData\Local\Temp\s58c.6 -MOnePH.map -E1 -ver=XC8 \
  -ASTACK=050h-06fh -pstack=STACK -ACONST=00h-0FFhx8 -ACODE=00h-07FFh \
  -ASTRCODE=00h-07FFh -AENTRY=00h-0FFhx8 -ASTRING=00h-0FFhx8 \
  -ACOMMON=070h-07Fh -ABANK0=020h-06Fh -ABANK1=0A0h-0BFh \
  -ARAM=020h-06Fh,0A0h-0BFh -AABS1=020h-07Fh,0A0h-0BFh -ASFR0=00h-01Fh \
  -ASFR1=080h-09Fh -ASFR2=0100h-016Fh -ASFR3=0180h-01EFh \
  -preset_vec=00h,intentry=04h,init,end_init -ppowerup=CODE -pcinit=CODE \
  -pfunctab=CODE -ACONFIG=02007h-02007h -pconfig=CONFIG -DCONFIG=2 \
  -AIDLOC=02000h-02003h -pidloc=IDLOC -DIDLOC=2 -AEEDATA=00h-03Fh/02100h \
  -peeprom_data=EEDATA -DEEDATA=2 -DCODE=2 -DSTRCODE=2 -DSTRING=2 -DCONST=2 \
  -DENTRY=2 -k startup.obj OnePH.obj 

Object code version is 3.11

Machine type is 16F870



                Name                               Link     Load   Length Selector   Space Scale
startup.obj     end_init                             10       10        1        8       0
                reset_vec                             0        0        1        0       0
OnePH.obj       cinit                                11       11       2D        8       0
                intentry                              4        4        C        8       0
                text8                               192      192       AB        8       0
                text7                               2F0      2F0       4F      542       0
                text6                               33F      33F       3C      542       0
                text5                               2A1      2A1       4F      542       0
                swtext1                             437      437        4      86E       0
                text4                               3FD      3FD       21      542       0
                text3                               37B      37B       3A      542       0
                text2                               3D9      3D9       24      542       0
                text1                               3B5      3B5       24      542       0
                maintext                             3E       3E      154        8       0
                cstackBANK0                          20       20       13       20       1
                cstackCOMMON                         75       75        5       70       1
                clrtext                             42F      42F        8      542       0
                dataBANK0                            33       33       11       20       1
                bssBANK0                             44       44        C       20       1
                bssCOMMON                            70       70        5       70       1
                strings                             23D      23D       64      47A       0
                idataBANK0                          41E      41E       11      542       0

TOTAL           Name                               Link     Load   Length     Space
        CLASS   STACK          

        CLASS   CONST          
                swtext1                             437      437        4         0

        CLASS   CODE           
                end_init                             10       10        1         0
                cinit                                11       11       2D         0
                intentry                              4        4        C         0
                reset_vec                             0        0        1         0
                text8                               192      192       AB         0
                text7                               2F0      2F0       4F         0
                text6                               33F      33F       3C         0
                text5                               2A1      2A1       4F         0
                text4                               3FD      3FD       21         0
                text3                               37B      37B       3A         0
                text2                               3D9      3D9       24         0
                text1                               3B5      3B5       24         0
                maintext                             3E       3E      154         0
                clrtext                             42F      42F        8         0
                idataBANK0                          41E      41E       11         0

        CLASS   STRCODE        

        CLASS   ENTRY          

        CLASS   STRING         
                strings                             23D      23D       64         0

        CLASS   COMMON         
                cstackCOMMON                         75       75        5         1
                bssCOMMON                            70       70        5         1

        CLASS   BANK0          
                cstackBANK0                          20       20       13         1
                dataBANK0                            33       33       11         1
                bssBANK0                             44       44        C         1

        CLASS   BANK1          

        CLASS   RAM            

        CLASS   ABS1           
                abs_s1                               7E       7E        2         1

        CLASS   SFR0           

        CLASS   SFR1           

        CLASS   SFR2           

        CLASS   SFR3           

        CLASS   CONFIG         

        CLASS   IDLOC          

        CLASS   EEDATA         

        CLASS   BANK3          

        CLASS   BANK2          



SEGMENTS        Name                           Load    Length   Top    Selector   Space  Class     Delta

                reset_vec                      000000  000001  000001         0       0  CODE        2
                intentry                       000004  000239  00023D         8       0  CODE        2
                cstackBANK0                    000020  000030  000050        20       1  BANK0       1
                bssCOMMON                      000070  00000A  00007A        70       1  COMMON      1
                strings                        00023D  000064  0002A1       47A       0  STRING      2
                text5                          0002A1  000196  000437       542       0  CODE        2
                swtext1                        000437  000004  00043B       86E       0  CONST       2


UNUSED ADDRESS RANGES

        Name                Unused          Largest block    Delta
        BANK0            050-06F            20           1
        BANK1            0A0-0BF            20           1
        CODE             001-003             3           2
                         43B-7FF           3C5
        COMMON           07A-07D             4           1
        CONFIG           2007-2007             1           2
        CONST            001-003             3           2
                         43B-7FF           100
        EEDATA           2100-213F            40           2
        ENTRY            001-003             3           2
                         43B-7FF           100
        IDLOC            2000-2003             4           2
        RAM              050-06F            20           1
                         0A0-0BF            20
        SFR0             000-01F            20           1
        SFR1             080-09F            20           1
        SFR2             100-16F            70           1
        SFR3             180-1EF            70           1
        STACK            050-06F            20           1
        STRCODE          001-003             3           2
                         43B-7FF           3C5
        STRING           001-003             3           2
                         43B-7FF           100

                                  Symbol Table

LCDBusyLoop@busy             cstackBANK0  022
LCDBusyLoop@status           cstackBANK0  024
LCDBusyLoop@temp             cstackBANK0  023
LCDByte@c                    cstackBANK0  02A
LCDByte@hn                   cstackBANK0  028
LCDByte@isdata               cstackBANK0  025
LCDByte@ln                   cstackBANK0  029
LCDByte@temp                 cstackBANK0  02B
LCDGotoXY@x                  cstackBANK0  02E
LCDGotoXY@y                  cstackBANK0  02C
LCDInit@__i                  cstackBANK0  02F
LCDInit@style                cstackBANK0  02E
LCDWriteInt@F784             bssCOMMON    070
LCDWriteString@cc            cstackBANK0  02D
LCDWriteString@msg           cstackBANK0  02E
_ADCON1                      (abs)        09F
_INTCON                      (abs)        00B
_INTF                        (abs)        059
_LCDBusyLoop                 text7        2F0
_LCDByte                     text6        33F
_LCDGotoXY                   text4        3FD
_LCDInit                     text5        2A1
_LCDWriteString              text3        37B
_OPTION_REG                  (abs)        081
_PORTA                       (abs)        005
_PORTB                       (abs)        006
_PORTC                       (abs)        007
_RA0                         (abs)        028
_RA1                         (abs)        029
_RA2                         (abs)        02A
_RA3                         (abs)        02B
_RB4                         (abs)        034
_RC4                         (abs)        03C
_RC5                         (abs)        03D
_RC6                         (abs)        03E
_RC7                         (abs)        03F
_TRISA                       (abs)        085
_TRISB                       (abs)        086
_TRISC                       (abs)        087
_TRISCbits                   (abs)        087
_Tx_Received                 text8        192
__Habs1                      abs1         000
__Hbank0                     bank0        000
__Hbank1                     bank1        000
__Hbank2                     bank2        000
__Hbank3                     bank3        000
__HbssBANK0                  bssBANK0     000
__HbssCOMMON                 bssCOMMON    000
__Hcinit                     cinit        03E
__Hclrtext                   clrtext      000
__Hcode                      code         000
__Hcommon                    common       000
__Hconfig                    config       000
__HcstackBANK0               cstackBANK0  000
__HcstackCOMMON              cstackCOMMON 000
__HdataBANK0                 dataBANK0    000
__Heeprom_data               eeprom_data  000
__Hend_init                  end_init     011
__Hfunctab                   functab      000
__HidataBANK0                idataBANK0   000
__Hidloc                     idloc        000
__Hinit                      init         010
__Hintentry                  intentry     010
__Hmaintext                  maintext     000
__Hpowerup                   powerup      000
__Hram                       ram          000
__Hreset_vec                 reset_vec    001
__Hsfr0                      sfr0         000
__Hsfr1                      sfr1         000
__Hsfr2                      sfr2         000
__Hsfr3                      sfr3         000
__Hspace_0                   (abs)        43B
__Hspace_1                   (abs)        07A
__Hspace_2                   (abs)        000
__Hspace_3                   (abs)        000
__Hstack                     stack        000
__Hstrings                   strings      000
__Htext                      text         000
__Labs1                      abs1         000
__Lbank0                     bank0        000
__Lbank1                     bank1        000
__Lbank2                     bank2        000
__Lbank3                     bank3        000
__LbssBANK0                  bssBANK0     000
__LbssCOMMON                 bssCOMMON    000
__Lcinit                     cinit        011
__Lclrtext                   clrtext      000
__Lcode                      code         000
__Lcommon                    common       000
__Lconfig                    config       000
__LcstackBANK0               cstackBANK0  000
__LcstackCOMMON              cstackCOMMON 000
__LdataBANK0                 dataBANK0    000
__Leeprom_data               eeprom_data  000
__Lend_init                  end_init     010
__Lfunctab                   functab      000
__LidataBANK0                idataBANK0   000
__Lidloc                     idloc        000
__Linit                      init         010
__Lintentry                  intentry     004
__Lmaintext                  maintext     000
__Lpowerup                   powerup      000
__Lram                       ram          000
__Lreset_vec                 reset_vec    000
__Lsfr0                      sfr0         000
__Lsfr1                      sfr1         000
__Lsfr2                      sfr2         000
__Lsfr3                      sfr3         000
__Lspace_0                   (abs)        000
__Lspace_1                   (abs)        000
__Lspace_2                   (abs)        000
__Lspace_3                   (abs)        000
__Lstack                     stack        000
__Lstrings                   strings      000
__Ltext                      text         000
__S0                         (abs)        43B
__S1                         (abs)        07A
__S2                         (abs)        000
__S3                         (abs)        000
___cgram                     dataBANK0    033
___int_sp                    stack        000
___latbits                   (abs)        000
___sp                        stack        000
__end_of_LCDBusyLoop         text7        33F
__end_of_LCDByte             text6        37B
__end_of_LCDGotoXY           text4        41E
__end_of_LCDInit             text5        2F0
__end_of_LCDWriteString      text3        3B5
__end_of_Tx_Received         text8        23D
__end_of__initialization     cinit        03C
__end_of__stringdata         strings      2A1
__end_of__stringtab          strings      243
__end_of_display_lower_tank  text2        3FD
__end_of_display_upper_tank  text1        3D9
__end_of_main                maintext     192
__initialization             cinit        011
__pbssBANK0                  bssBANK0     044
__pbssCOMMON                 bssCOMMON    070
__pcstackBANK0               cstackBANK0  020
__pcstackCOMMON              cstackCOMMON 075
__pdataBANK0                 dataBANK0    033
__pidataBANK0                idataBANK0   41E
__pintentry                  intentry     004
__pmaintext                  maintext     03E
__pstrings                   strings      23D
__pswtext1                   swtext1      437
__ptext1                     text1        3B5
__ptext2                     text2        3D9
__ptext3                     text3        37B
__ptext4                     text4        3FD
__ptext5                     text5        2A1
__ptext6                     text6        33F
__ptext7                     text7        2F0
__ptext8                     text8        192
__size_of_LCDBusyLoop        (abs)        000
__size_of_LCDByte            (abs)        000
__size_of_LCDGotoXY          (abs)        000
__size_of_LCDInit            (abs)        000
__size_of_LCDWriteString     (abs)        000
__size_of_Tx_Received        (abs)        000
__size_of_display_lower_tank (abs)        000
__size_of_display_upper_tank (abs)        000
__size_of_main               (abs)        000
__stringbase                 strings      242
__stringdata                 strings      243
__stringtab                  strings      23D
_count                       bssBANK0     04C
_display_lower_tank          text2        3D9
_display_upper_tank          text1        3B5
_level_check                 bssBANK0     04D
_ll                          bssBANK0     044
_lp_flag                     bssBANK0     04E
_lu                          bssBANK0     046
_main                        maintext     03E
_motor_flag                  bssBANK0     04F
_txr_not_received            dataBANK0    043
_ul                          bssBANK0     048
_uu                          bssBANK0     04A
btemp                        (abs)        07E
clear_ram0                   clrtext      42F
end_of_initialization        cinit        03C
interrupt_function           intentry     004
intlevel0                    functab      000
intlevel1                    functab      000
intlevel2                    functab      000
intlevel3                    functab      000
intlevel4                    functab      000
intlevel5                    functab      000
ltemp                        (abs)        07E
ltemp0                       (abs)        07E
ltemp1                       (abs)        082
ltemp2                       (abs)        086
ltemp3                       (abs)        080
reset_vec                    reset_vec    000
saved_w                      (abs)        07E
stackhi                      (abs)        000
stacklo                      (abs)        000
start                        init         010
start_initialization         cinit        011
ttemp                        (abs)        07E
ttemp0                       (abs)        07E
ttemp1                       (abs)        081
ttemp2                       (abs)        084
ttemp3                       (abs)        087
ttemp4                       (abs)        07F
wtemp                        (abs)        07E
wtemp0                       (abs)        07E
wtemp1                       (abs)        080
wtemp2                       (abs)        082
wtemp3                       (abs)        084
wtemp4                       (abs)        086
wtemp5                       (abs)        088
wtemp6                       (abs)        07F


FUNCTION INFORMATION:

 *************** function _main *****************
 Defined at:
		line 39 in file "E:\Study Material\XC8 PROJECTS\New WLC 1PH\WLC.C"
 Parameters:    Size  Location     Type
		None
 Auto vars:     Size  Location     Type
		None
 Return value:  Size  Location     Type
		None               void
 Registers used:
		wreg, fsr0l, fsr0h, status,2, status,0, pclath, cstack
 Tracked objects:
		On entry : 
		On exit  : 
		Unchanged: 
 Data sizes:     COMMON   BANK0   BANK1
      Params:         0       0       0
      Locals:         0       0       0
      Temps:          0       3       0
      Totals:         0       3       0
Total ram usage:        3 bytes
 Hardware stack levels required when called:    5
 This function calls:
		_LCDByte
		_LCDGotoXY
		_LCDInit
		_LCDWriteString
		_display_lower_tank
		_display_upper_tank
 This function is called by:
		Startup code after reset
 This function uses a non-reentrant model


 *************** function _display_upper_tank *****************
 Defined at:
		line 289 in file "E:\Study Material\XC8 PROJECTS\New WLC 1PH\WLC.C"
 Parameters:    Size  Location     Type
		None
 Auto vars:     Size  Location     Type
		None
 Return value:  Size  Location     Type
		None               void
 Registers used:
		wreg, fsr0l, fsr0h, status,2, status,0, pclath, cstack
 Tracked objects:
		On entry : 
		On exit  : 
		Unchanged: 
 Data sizes:     COMMON   BANK0   BANK1
      Params:         0       0       0
      Locals:         0       0       0
      Temps:          0       0       0
      Totals:         0       0       0
Total ram usage:        0 bytes
 Hardware stack levels used:    1
 Hardware stack levels required when called:    4
 This function calls:
		_LCDGotoXY
		_LCDWriteString
 This function is called by:
		_main
 This function uses a non-reentrant model


 *************** function _display_lower_tank *****************
 Defined at:
		line 303 in file "E:\Study Material\XC8 PROJECTS\New WLC 1PH\WLC.C"
 Parameters:    Size  Location     Type
		None
 Auto vars:     Size  Location     Type
		None
 Return value:  Size  Location     Type
		None               void
 Registers used:
		wreg, fsr0l, fsr0h, status,2, status,0, pclath, cstack
 Tracked objects:
		On entry : 
		On exit  : 
		Unchanged: 
 Data sizes:     COMMON   BANK0   BANK1
      Params:         0       0       0
      Locals:         0       0       0
      Temps:          0       0       0
      Totals:         0       0       0
Total ram usage:        0 bytes
 Hardware stack levels used:    1
 Hardware stack levels required when called:    4
 This function calls:
		_LCDGotoXY
		_LCDWriteString
 This function is called by:
		_main
 This function uses a non-reentrant model


 *************** function _LCDWriteString *****************
 Defined at:
		line 252 in file "E:\Study Material\XC8 PROJECTS\New WLC 1PH\lcd_hd44780_pic16.c"
 Parameters:    Size  Location     Type
  msg             1    wreg     PTR const unsigned char 
		 -> STR_16(9), STR_15(9), STR_14(9), STR_13(9), 
		 -> STR_12(9), STR_11(9), STR_10(9), STR_9(9), 
		 -> STR_8(4), STR_7(3), STR_6(14), STR_5(4), 
		 -> STR_4(3), STR_3(10), STR_2(15), STR_1(15), 
 Auto vars:     Size  Location     Type
  msg             1   14[BANK0 ] PTR const unsigned char 
		 -> STR_16(9), STR_15(9), STR_14(9), STR_13(9), 
		 -> STR_12(9), STR_11(9), STR_10(9), STR_9(9), 
		 -> STR_8(4), STR_7(3), STR_6(14), STR_5(4), 
		 -> STR_4(3), STR_3(10), STR_2(15), STR_1(15), 
  cc              1   13[BANK0 ] char 
 Return value:  Size  Location     Type
		None               void
 Registers used:
		wreg, fsr0l, fsr0h, status,2, status,0, pclath, cstack
 Tracked objects:
		On entry : 
		On exit  : 
		Unchanged: 
 Data sizes:     COMMON   BANK0   BANK1
      Params:         0       0       0
      Locals:         0       2       0
      Temps:          0       1       0
      Totals:         0       3       0
Total ram usage:        3 bytes
 Hardware stack levels used:    1
 Hardware stack levels required when called:    3
 This function calls:
		_LCDByte
 This function is called by:
		_main
		_display_upper_tank
		_display_lower_tank
 This function uses a non-reentrant model


 *************** function _LCDGotoXY *****************
 Defined at:
		line 353 in file "E:\Study Material\XC8 PROJECTS\New WLC 1PH\lcd_hd44780_pic16.c"
 Parameters:    Size  Location     Type
  x               1    wreg     unsigned char 
  y               1   12[BANK0 ] unsigned char 
 Auto vars:     Size  Location     Type
  x               1   14[BANK0 ] unsigned char 
 Return value:  Size  Location     Type
		None               void
 Registers used:
		wreg, fsr0l, fsr0h, status,2, status,0, pclath, cstack
 Tracked objects:
		On entry : 
		On exit  : 
		Unchanged: 
 Data sizes:     COMMON   BANK0   BANK1
      Params:         0       1       0
      Locals:         0       1       0
      Temps:          0       1       0
      Totals:         0       3       0
Total ram usage:        3 bytes
 Hardware stack levels used:    1
 Hardware stack levels required when called:    3
 This function calls:
		_LCDByte
 This function is called by:
		_main
		_display_upper_tank
		_display_lower_tank
 This function uses a non-reentrant model


 *************** function _LCDInit *****************
 Defined at:
		line 194 in file "E:\Study Material\XC8 PROJECTS\New WLC 1PH\lcd_hd44780_pic16.c"
 Parameters:    Size  Location     Type
  style           1    wreg     unsigned char 
 Auto vars:     Size  Location     Type
  style           1   14[BANK0 ] unsigned char 
  __i             1   15[BANK0 ] unsigned char 
 Return value:  Size  Location     Type
		None               void
 Registers used:
		wreg, fsr0l, fsr0h, status,2, status,0, pclath, cstack
 Tracked objects:
		On entry : 
		On exit  : 
		Unchanged: 
 Data sizes:     COMMON   BANK0   BANK1
      Params:         0       0       0
      Locals:         0       2       0
      Temps:          0       2       0
      Totals:         0       4       0
Total ram usage:        4 bytes
 Hardware stack levels used:    1
 Hardware stack levels required when called:    3
 This function calls:
		_LCDBusyLoop
		_LCDByte
 This function is called by:
		_main
 This function uses a non-reentrant model


 *************** function _LCDByte *****************
 Defined at:
		line 81 in file "E:\Study Material\XC8 PROJECTS\New WLC 1PH\lcd_hd44780_pic16.c"
 Parameters:    Size  Location     Type
  c               1    wreg     unsigned char 
  isdata          1    5[BANK0 ] unsigned char 
 Auto vars:     Size  Location     Type
  c               1   10[BANK0 ] unsigned char 
  temp            1   11[BANK0 ] unsigned char 
  ln              1    9[BANK0 ] unsigned char 
  hn              1    8[BANK0 ] unsigned char 
 Return value:  Size  Location     Type
		None               void
 Registers used:
		wreg, status,2, status,0, pclath, cstack
 Tracked objects:
		On entry : 
		On exit  : 
		Unchanged: 
 Data sizes:     COMMON   BANK0   BANK1
      Params:         0       1       0
      Locals:         0       4       0
      Temps:          0       2       0
      Totals:         0       7       0
Total ram usage:        7 bytes
 Hardware stack levels used:    1
 Hardware stack levels required when called:    2
 This function calls:
		_LCDBusyLoop
 This function is called by:
		_LCDInit
		_LCDWriteString
		_LCDGotoXY
		_main
		_LCDWriteInt
 This function uses a non-reentrant model


 *************** function _LCDBusyLoop *****************
 Defined at:
		line 136 in file "E:\Study Material\XC8 PROJECTS\New WLC 1PH\lcd_hd44780_pic16.c"
 Parameters:    Size  Location     Type
		None
 Auto vars:     Size  Location     Type
  status          1    4[BANK0 ] unsigned char 
  temp            1    3[BANK0 ] unsigned char 
  busy            1    2[BANK0 ] unsigned char 
 Return value:  Size  Location     Type
		None               void
 Registers used:
		wreg, status,2, status,0
 Tracked objects:
		On entry : 
		On exit  : 
		Unchanged: 
 Data sizes:     COMMON   BANK0   BANK1
      Params:         0       0       0
      Locals:         0       3       0
      Temps:          0       2       0
      Totals:         0       5       0
Total ram usage:        5 bytes
 Hardware stack levels used:    1
 Hardware stack levels required when called:    1
 This function calls:
		Nothing
 This function is called by:
		_LCDByte
		_LCDInit
 This function uses a non-reentrant model


 *************** function _Tx_Received *****************
 Defined at:
		line 193 in file "E:\Study Material\XC8 PROJECTS\New WLC 1PH\WLC.C"
 Parameters:    Size  Location     Type
		None
 Auto vars:     Size  Location     Type
		None
 Return value:  Size  Location     Type
		None               void
 Registers used:
		wreg, status,2
 Tracked objects:
		On entry : 
		On exit  : 
		Unchanged: 
 Data sizes:     COMMON   BANK0   BANK1
      Params:         0       0       0
      Locals:         0       0       0
      Temps:          5       0       0
      Totals:         5       0       0
Total ram usage:        5 bytes
 Hardware stack levels used:    1
 This function calls:
		Nothing
 This function is called by:
		Interrupt level 1
 This function uses a non-reentrant model



MODULE INFORMATION

Module		Function		Class		Link	Load	Size
E:\Study Material\XC8 PROJECTS\New WLC 1PH\WLC.C
		_main          		CODE           	003E	0000	340
		_Tx_Received   		CODE           	0192	0000	171
		_display_upper_		CODE           	03B5	0000	36
		_display_lower_		CODE           	03D9	0000	36

E:\Study Material\XC8 PROJECTS\New WLC 1PH\WLC.C estimated size: 583

E:\Study Material\XC8 PROJECTS\New WLC 1PH\lcd_hd44780_pic16.c
		_LCDByte       		CODE           	033F	0000	60
		_LCDInit       		CODE           	02A1	0000	79
		_LCDWriteString		CODE           	037B	0000	58
		_LCDGotoXY     		CODE           	03FD	0000	33
		_LCDBusyLoop   		CODE           	02F0	0000	79

E:\Study Material\XC8 PROJECTS\New WLC 1PH\lcd_hd44780_pic16.c estimated size: 309

shared
		__stringtab    		STRING         	023D	0000	6
		__stringdata   		STRING         	0243	0000	94
		__initializatio		CODE           	0011	0000	43

shared estimated size: 143

