Microchip MPLAB XC8 Compiler V1.33 ()

Linker command line:

--edf=C:\Program Files (x86)\Microchip\xc8\v1.33\dat\en_msgs.txt -cs \
  -h+RTC_Lib.sym --cmf=RTC_Lib.cmf -z -Q18F452 \
  -oC:\Users\AMIEian\AppData\Local\Temp\s4ms.6 -MRTC_Lib.map -E1 -ver=XC8 \
  -ASTACK=080h-05ffh -pstack=STACK -ACODE=00h-03FFFhx2 -ACONST=00h-07FFFh \
  -ASMALLCONST=0600h-06FFhx122 -AMEDIUMCONST=0600h-07FFFh -ACOMRAM=01h-07Fh \
  -AABS1=00h-05FFh -ABIGRAM=01h-05FFh -ARAM=080h-0FFh,0100h-01FFhx5 \
  -ABANK0=080h-0FFh -ABANK1=0100h-01FFh -ABANK2=0200h-02FFh \
  -ABANK3=0300h-03FFh -ABANK4=0400h-04FFh -ABANK5=0500h-05FFh \
  -ASFR=0F80h-0FFFh \
  -preset_vec=00h,intcode=08h,intcodelo,powerup,init,end_init \
  -pramtop=0600h -psmallconst=SMALLCONST -pmediumconst=MEDIUMCONST \
  -pconst=CONST -AFARRAM=00h-00h -ACONFIG=0300000h-030000Dh -pconfig=CONFIG \
  -AIDLOC=0200000h-0200007h -pidloc=IDLOC -AEEDATA=0F00000h-0F000FFh \
  -peeprom_data=EEDATA \
  -prdata=COMRAM,nvrram=COMRAM,nvbit=COMRAM,rbss=COMRAM,rbit=COMRAM \
  -pfarbss=FARRAM,fardata=FARRAM,nvFARRAM=FARRAM \
  -pintsave_regs=BIGRAM,bigbss=BIGRAM,bigdata=BIGRAM -pbss=RAM \
  -pidata=CODE,irdata=CODE,ibigdata=CODE,ifardata=CODE startup.obj \
  RTC_Lib.obj 

Object code version is 3.11

Machine type is 18F452

Call graph: (short form)




                Name                               Link     Load   Length Selector   Space Scale
startup.obj     end_init                            10E      10E        4        4       0
                text                               1066     1066        2      312       0
                reset_vec                             0        0        6        0       0
                config                           300000   300000        8   300000       0
RTC_Lib.obj     intcode                               8        8      106        4       0
                smallconst                          600      600       24      300       0
                text25                              E74      E74       54      312       0
                text24                              DC0      DC0       60      312       0
                text23                              EC8      EC8       44      312       0
                text22                              8A6      8A6       A8      312       0
                text21                              A96      A96       94      312       0
                text20                              624      624      112      312       0
                text19                              F6E      F6E       2C      312       0
                text18                             1042     1042       14      312       0
                text17                              C94      C94       68      312       0
                text16                              FE6      FE6       26      312       0
                text15                              BAE      BAE       7E      312       0
                text14                              9F2      9F2       A4      312       0
                text12                              E20      E20       54      312       0
                text11                              D60      D60       60      312       0
                text10                              B2A      B2A       84      312       0
                text9                               94E      94E       A4      312       0
                text8                              100C     100C       22      312       0
                text7                               F42      F42       2C      312       0
                text6                              102E     102E       14      312       0
                text5                               C2C      C2C       68      312       0
                text4                               FC0      FC0       26      312       0
                text3                               F9A      F9A       26      312       0
                text2                               7F0      7F0       B6      312       0
                text1                               736      736       BA      312       0
                text0                               CFC      CFC       64      312       0
                cstackCOMRAM                          1        1       33        1       1
                dataCOMRAM                           34       34       10        1       1
                bssCOMRAM                            44       44        C        1       1
                cinit                               F0C      F0C       36      312       0
                idataCOMRAM                        1056     1056       10      312       0

TOTAL           Name                               Link     Load   Length     Space
        CLASS   STACK          

        CLASS   CODE           
                end_init                            10E      10E        4         0
                text                               1066     1066        2         0
                intcode                               8        8      106         0
                reset_vec                             0        0        6         0
                text25                              E74      E74       54         0
                text24                              DC0      DC0       60         0
                text23                              EC8      EC8       44         0
                text22                              8A6      8A6       A8         0
                text21                              A96      A96       94         0
                text20                              624      624      112         0
                text19                              F6E      F6E       2C         0
                text18                             1042     1042       14         0
                text17                              C94      C94       68         0
                text16                              FE6      FE6       26         0
                text15                              BAE      BAE       7E         0
                text14                              9F2      9F2       A4         0
                text12                              E20      E20       54         0
                text11                              D60      D60       60         0
                text10                              B2A      B2A       84         0
                text9                               94E      94E       A4         0
                text8                              100C     100C       22         0
                text7                               F42      F42       2C         0
                text6                              102E     102E       14         0
                text5                               C2C      C2C       68         0
                text4                               FC0      FC0       26         0
                text3                               F9A      F9A       26         0
                text2                               7F0      7F0       B6         0
                text1                               736      736       BA         0
                text0                               CFC      CFC       64         0
                cinit                               F0C      F0C       36         0
                idataCOMRAM                        1056     1056       10         0

        CLASS   CONST          

        CLASS   SMALLCONST     
                smallconst                          600      600       24         0

        CLASS   MEDIUMCONST    

        CLASS   COMRAM         
                cstackCOMRAM                          1        1       33         1
                dataCOMRAM                           34       34       10         1
                bssCOMRAM                            44       44        C         1

        CLASS   ABS1           

        CLASS   BIGRAM         

        CLASS   RAM            

        CLASS   BANK0          

        CLASS   BANK1          

        CLASS   BANK2          

        CLASS   BANK3          

        CLASS   BANK4          

        CLASS   BANK5          

        CLASS   SFR            

        CLASS   FARRAM         

        CLASS   CONFIG         
                config                           300000   300000        8         0

        CLASS   IDLOC          

        CLASS   EEDATA         



SEGMENTS        Name                           Load    Length   Top    Selector   Space  Class

                reset_vec                      000000  000006  000006         0       0  CODE    
                cstackCOMRAM                   000001  00004F  000050         1       1  COMRAM  
                intcode                        000008  00010A  000112         4       0  CODE    
                smallconst                     000600  000024  000624       300       0  SMALLCON
                text20                         000624  000A44  001068       312       0  CODE    
                config                         300000  000008  300008    300000       0  CONFIG  


UNUSED ADDRESS RANGES

        Name                Unused          Largest block    Delta
        BANK0            000080-0000FF               80
        BANK1            000100-0001FF              100
        BANK2            000200-0002FF              100
        BANK3            000300-0003FF              100
        BANK4            000400-0004FF              100
        BANK5            000500-0005FF              100
        BIGRAM           000050-0005FF              5B0
        CODE             000006-000007                2
                         000112-0005FF              4EE
                         001068-007FFF             2F98
        COMRAM           000050-00007F               30
        CONFIG           300008-30000D                6
        CONST            000006-000007                2
                         000112-0005FF              4EE
                         001068-007FFF             6F98
        EEDATA           F00000-F000FF              100
        IDLOC            200000-200007                8
        MEDIUMCONST      001068-007FFF             6F98
        RAM              000080-0005FF              100
        SFR              000F80-000FFF               80
        SMALLCONST       001068-007FFF              100
        STACK            000080-0005FF              580

                                  Symbol Table

?___awdiv                      cstackCOMRAM 000001
?___awmod                      cstackCOMRAM 000001
LCDBusyLoop@busy               cstackCOMRAM 000026
LCDBusyLoop@status             cstackCOMRAM 000028
LCDBusyLoop@temp               cstackCOMRAM 000027
LCDByte@c                      cstackCOMRAM 00002D
LCDByte@hn                     cstackCOMRAM 00002B
LCDByte@isdata                 cstackCOMRAM 000029
LCDByte@ln                     cstackCOMRAM 00002C
LCDByte@temp                   cstackCOMRAM 00002E
LCDGotoXY@x                    cstackCOMRAM 00000B
LCDGotoXY@y                    cstackCOMRAM 00000A
LCDInit@__i                    cstackCOMRAM 000031
LCDInit@style                  cstackCOMRAM 000030
LCDWriteInt@F3701              bssCOMRAM    000044
LCDWriteInt@field_length       cstackCOMRAM 00000C
LCDWriteInt@i                  cstackCOMRAM 000016
LCDWriteInt@j                  cstackCOMRAM 000014
LCDWriteInt@str                cstackCOMRAM 00000F
LCDWriteInt@val                cstackCOMRAM 00000A
LCDWriteString@cc              cstackCOMRAM 000032
LCDWriteString@msg             cstackCOMRAM 00002F
OpenI2C@slew                   cstackCOMRAM 000026
OpenI2C@sync_mode              cstackCOMRAM 000027
WriteI2C@data_out              cstackCOMRAM 000028
_INT0IE                        (abs)        007F94
_INT0IF                        (abs)        007F91
_INTCONbits                    (abs)        000FF2
_INTEDG0                       (abs)        007F8E
_IdleI2C                       text6        00102E
_LCDBusyLoop                   text12       000E20
_LCDByte                       text11       000D60
_LCDGotoXY                     text23       000EC8
_LCDInit                       text10       000B2A
_LCDWriteInt                   text20       000624
_LCDWriteString                text9        00094E
_One_Sec                       intcode      000008
_OpenI2C                       text8        00100C
_PIR1bits                      (abs)        000F9E
_PORTB                         (abs)        000F81
_RB1                           (abs)        007C09
_RB2                           (abs)        007C0A
_RB3                           (abs)        007C0B
_ReadI2C                       text7        000F42
_SSPADD                        (abs)        000FC8
_SSPBUF                        (abs)        000FC9
_SSPCON1                       (abs)        000FC6
_SSPCON1bits                   (abs)        000FC6
_SSPCON2                       (abs)        000FC5
_SSPCON2bits                   (abs)        000FC5
_SSPSTAT                       (abs)        000FC7
_SSPSTATbits                   (abs)        000FC7
_TRISB                         (abs)        000F93
_TRISBbits                     (abs)        000F93
_TRISCbits                     (abs)        000F94
_WriteI2C                      text5        000C2C
__CFG_BOR$OFF                  (abs)        000000
__CFG_LVP$OFF                  (abs)        000000
__CFG_OSC$HS                   (abs)        000000
__CFG_OSCS$OFF                 (abs)        000000
__CFG_PWRT$OFF                 (abs)        000000
__CFG_WDT$OFF                  (abs)        000000
__HRAM                         (abs)        000000
__Habs1                        abs1         000000
__Hbank0                       bank0        000000
__Hbank1                       bank1        000000
__Hbank2                       bank2        000000
__Hbank3                       bank3        000000
__Hbank4                       bank4        000000
__Hbank5                       bank5        000000
__Hbigbss                      bigbss       000000
__Hbigdata                     bigdata      000000
__Hbigram                      bigram       000000
__Hbss                         bss          000000
__HbssCOMRAM                   bssCOMRAM    000000
__Hcinit                       cinit        000000
__Hclrtext                     clrtext      000000
__Hcomram                      comram       000000
__Hconfig                      config       300008
__Hconst                       const        000000
__HcstackCOMRAM                cstackCOMRAM 000000
__Hdata                        data         000000
__HdataCOMRAM                  dataCOMRAM   000000
__Heeprom_data                 eeprom_data  000000
__Hend_init                    end_init     000112
__Hfarbss                      farbss       000000
__Hfardata                     fardata      000000
__Hibigdata                    ibigdata     000000
__Hidata                       idata        000000
__HidataCOMRAM                 idataCOMRAM  000000
__Hidloc                       idloc        000000
__Hifardata                    ifardata     000000
__Hinit                        init         00010E
__Hintcode                     intcode      00010E
__Hintcode_body                intcode_body 000000
__Hintcodelo                   intcodelo    00010E
__Hintentry                    intentry     000000
__Hintret                      intret       000000
__Hintsave_regs                intsave_regs 000000
__Hirdata                      irdata       000000
__Hmediumconst                 mediumconst  000000
__HnvFARRAM                    nvFARRAM     000000
__Hnvbit                       nvbit        000000
__Hnvrram                      nvrram       000000
__Hparam                       rparam       000000
__Hpowerup                     powerup      00010E
__Hram                         ram          000000
__Hramtop                      ramtop       000600
__Hrbit                        rbit         000000
__Hrbss                        rbss         000000
__Hrdata                       rdata        000000
__Hreset_vec                   reset_vec    000006
__Hrparam                      rparam       000000
__Hsfr                         sfr          000000
__Hsmallconst                  smallconst   000624
__Hspace_0                     (abs)        300008
__Hspace_1                     (abs)        000050
__Hspace_2                     (abs)        000000
__Hstack                       stack        000000
__Hstruct                      struct       000000
__Htemp                        temp         000000
__Htext                        text         000000
__Htext0                       text0        000000
__Htext1                       text1        000000
__Htext10                      text10       000000
__Htext11                      text11       000000
__Htext12                      text12       000000
__Htext14                      text14       000000
__Htext15                      text15       000000
__Htext16                      text16       000000
__Htext17                      text17       000000
__Htext18                      text18       000000
__Htext19                      text19       000000
__Htext2                       text2        000000
__Htext20                      text20       000000
__Htext21                      text21       000000
__Htext22                      text22       000000
__Htext23                      text23       000000
__Htext24                      text24       000000
__Htext25                      text25       000000
__Htext3                       text3        000000
__Htext4                       text4        000000
__Htext5                       text5        000000
__Htext6                       text6        000000
__Htext7                       text7        000000
__Htext8                       text8        000000
__Htext9                       text9        000000
__LRAM                         (abs)        000001
__Labs1                        abs1         000000
__Lbank0                       bank0        000000
__Lbank1                       bank1        000000
__Lbank2                       bank2        000000
__Lbank3                       bank3        000000
__Lbank4                       bank4        000000
__Lbank5                       bank5        000000
__Lbigbss                      bigbss       000000
__Lbigdata                     bigdata      000000
__Lbigram                      bigram       000000
__Lbss                         bss          000000
__LbssCOMRAM                   bssCOMRAM    000000
__Lcinit                       cinit        000000
__Lclrtext                     clrtext      000000
__Lcomram                      comram       000000
__Lconfig                      config       300000
__Lconst                       const        000000
__LcstackCOMRAM                cstackCOMRAM 000000
__Ldata                        data         000000
__LdataCOMRAM                  dataCOMRAM   000000
__Leeprom_data                 eeprom_data  000000
__Lend_init                    end_init     00010E
__Lfarbss                      farbss       000000
__Lfardata                     fardata      000000
__Libigdata                    ibigdata     000000
__Lidata                       idata        000000
__LidataCOMRAM                 idataCOMRAM  000000
__Lidloc                       idloc        000000
__Lifardata                    ifardata     000000
__Linit                        init         00010E
__Lintcode                     intcode      000008
__Lintcode_body                intcode_body 000000
__Lintcodelo                   intcodelo    00010E
__Lintentry                    intentry     000000
__Lintret                      intret       000000
__Lintsave_regs                intsave_regs 000000
__Lirdata                      irdata       000000
__Lmediumconst                 mediumconst  000000
__LnvFARRAM                    nvFARRAM     000000
__Lnvbit                       nvbit        000000
__Lnvrram                      nvrram       000000
__Lparam                       rparam       000000
__Lpowerup                     powerup      00010E
__Lram                         ram          000000
__Lramtop                      ramtop       000600
__Lrbit                        rbit         000000
__Lrbss                        rbss         000000
__Lrdata                       rdata        000000
__Lreset_vec                   reset_vec    000000
__Lrparam                      rparam       000000
__Lsfr                         sfr          000000
__Lsmallconst                  smallconst   000600
__Lspace_0                     (abs)        000000
__Lspace_1                     (abs)        000000
__Lspace_2                     (abs)        000000
__Lstack                       stack        000000
__Lstruct                      struct       000000
__Ltemp                        temp         000000
__Ltext                        text         000000
__Ltext0                       text0        000000
__Ltext1                       text1        000000
__Ltext10                      text10       000000
__Ltext11                      text11       000000
__Ltext12                      text12       000000
__Ltext14                      text14       000000
__Ltext15                      text15       000000
__Ltext16                      text16       000000
__Ltext17                      text17       000000
__Ltext18                      text18       000000
__Ltext19                      text19       000000
__Ltext2                       text2        000000
__Ltext20                      text20       000000
__Ltext21                      text21       000000
__Ltext22                      text22       000000
__Ltext23                      text23       000000
__Ltext24                      text24       000000
__Ltext25                      text25       000000
__Ltext3                       text3        000000
__Ltext4                       text4        000000
__Ltext5                       text5        000000
__Ltext6                       text6        000000
__Ltext7                       text7        000000
__Ltext8                       text8        000000
__Ltext9                       text9        000000
__S0                           (abs)        300008
__S1                           (abs)        000050
__S2                           (abs)        000000
___awdiv                       text22       0008A6
___awdiv@counter               cstackCOMRAM 000005
___awdiv@dividend              cstackCOMRAM 000001
___awdiv@divisor               cstackCOMRAM 000003
___awdiv@quotient              cstackCOMRAM 000007
___awdiv@sign                  cstackCOMRAM 000006
___awmod                       text21       000A96
___awmod@counter               cstackCOMRAM 000005
___awmod@dividend              cstackCOMRAM 000001
___awmod@divisor               cstackCOMRAM 000003
___awmod@sign                  cstackCOMRAM 000006
___cgram                       dataCOMRAM   000034
___inthi_sp                    stack        000000
___intlo_sp                    stack        000000
___sp                          stack        000000
__accesstop                    (abs)        000080
__activetblptr                 (abs)        000002
__cntErrataNOP_RTC_Lib.obj     (abs)        000041
__cntErrataNOP_startup.obj     (abs)        000001
__end_of_IdleI2C               text6        001042
__end_of_LCDBusyLoop           text12       000E74
__end_of_LCDByte               text11       000DC0
__end_of_LCDGotoXY             text23       000F0C
__end_of_LCDInit               text10       000BAE
__end_of_LCDWriteInt           text20       000736
__end_of_LCDWriteString        text9        0009F2
__end_of_One_Sec               intcode      00010E
__end_of_OpenI2C               text8        00102E
__end_of_ReadI2C               text7        000F6E
__end_of_WriteI2C              text5        000C94
__end_of___awdiv               text22       00094E
__end_of___awmod               text21       000B2A
__end_of__initialization       cinit        000F38
__end_of__stringdata           smallconst   000622
__end_of_bcd2bin               text4        000FE6
__end_of_bin2bcd               text3        000FC0
__end_of_ds1307_get_time       text15       000C2C
__end_of_ds1307_init           text2        0008A6
__end_of_ds1307_set_date_time  text1        0007F0
__end_of_main                  text0        000D60
__end_ofi2_IdleI2C             text18       001056
__end_ofi2_LCDBusyLoop         text25       000EC8
__end_ofi2_LCDByte             text24       000E20
__end_ofi2_LCDWriteString      text14       000A96
__end_ofi2_ReadI2C             text19       000F9A
__end_ofi2_WriteI2C            text17       000CFC
__end_ofi2_bcd2bin             text16       00100C
__initialization               cinit        000F0C
__mediumconst                  mediumconst  000000
__pbssCOMRAM                   bssCOMRAM    000044
__pcinit                       cinit        000F0C
__pcstackCOMRAM                cstackCOMRAM 000001
__pdataCOMRAM                  dataCOMRAM   000034
__pidataCOMRAM                 idataCOMRAM  001056
__pintcode                     intcode      000008
__psmallconst                  smallconst   000600
__ptext0                       text0        000CFC
__ptext1                       text1        000736
__ptext10                      text10       000B2A
__ptext11                      text11       000D60
__ptext12                      text12       000E20
__ptext14                      text14       0009F2
__ptext15                      text15       000BAE
__ptext16                      text16       000FE6
__ptext17                      text17       000C94
__ptext18                      text18       001042
__ptext19                      text19       000F6E
__ptext2                       text2        0007F0
__ptext20                      text20       000624
__ptext21                      text21       000A96
__ptext22                      text22       0008A6
__ptext23                      text23       000EC8
__ptext24                      text24       000DC0
__ptext25                      text25       000E74
__ptext3                       text3        000F9A
__ptext4                       text4        000FC0
__ptext5                       text5        000C2C
__ptext6                       text6        00102E
__ptext7                       text7        000F42
__ptext8                       text8        00100C
__ptext9                       text9        00094E
__ramtop                       ramtop       000600
__size_of_IdleI2C              (abs)        000000
__size_of_LCDBusyLoop          (abs)        000000
__size_of_LCDByte              (abs)        000000
__size_of_LCDGotoXY            (abs)        000000
__size_of_LCDInit              (abs)        000000
__size_of_LCDWriteInt          (abs)        000000
__size_of_LCDWriteString       (abs)        000000
__size_of_One_Sec              (abs)        000000
__size_of_OpenI2C              (abs)        000000
__size_of_ReadI2C              (abs)        000000
__size_of_WriteI2C             (abs)        000000
__size_of___awdiv              (abs)        000000
__size_of___awmod              (abs)        000000
__size_of_bcd2bin              (abs)        000000
__size_of_bin2bcd              (abs)        000000
__size_of_ds1307_get_time      (abs)        000000
__size_of_ds1307_init          (abs)        000000
__size_of_ds1307_set_date_time (abs)        000000
__size_of_main                 (abs)        000000
__size_ofi2_IdleI2C            (abs)        000000
__size_ofi2_LCDBusyLoop        (abs)        000000
__size_ofi2_LCDByte            (abs)        000000
__size_ofi2_LCDWriteString     (abs)        000000
__size_ofi2_ReadI2C            (abs)        000000
__size_ofi2_WriteI2C           (abs)        000000
__size_ofi2_bcd2bin            (abs)        000000
__smallconst                   smallconst   000600
__stringdata                   smallconst   000601
_bcd2bin                       text4        000FC0
_bin2bcd                       text3        000F9A
_day                           bssCOMRAM    000049
_dow                           bssCOMRAM    00004A
_ds1307_get_time               text15       000BAE
_ds1307_init                   text2        0007F0
_ds1307_set_date_time          text1        000736
_hr                            bssCOMRAM    00004B
_main                          text0        000CFC
_min                           bssCOMRAM    00004C
_month                         bssCOMRAM    00004D
_sec                           bssCOMRAM    00004E
_year                          bssCOMRAM    00004F
bcd2bin@bcd_value              cstackCOMRAM 000027
bcd2bin@temp                   cstackCOMRAM 000028
bin2bcd@binary_value           cstackCOMRAM 000026
bin2bcd@retval                 cstackCOMRAM 000027
bin2bcd@temp                   cstackCOMRAM 000028
ds1307_init@seconds            cstackCOMRAM 000029
end_of_initialization          cinit        000F38
i2LCDBusyLoop@busy             cstackCOMRAM 000001
i2LCDBusyLoop@status           cstackCOMRAM 000003
i2LCDBusyLoop@temp             cstackCOMRAM 000002
i2LCDByte@c                    cstackCOMRAM 000006
i2LCDByte@hn                   cstackCOMRAM 000007
i2LCDByte@isdata               cstackCOMRAM 000004
i2LCDByte@ln                   cstackCOMRAM 000008
i2LCDByte@temp                 cstackCOMRAM 000009
i2LCDWriteString@cc            cstackCOMRAM 00000D
i2LCDWriteString@msg           cstackCOMRAM 00000A
i2WriteI2C@data_out            cstackCOMRAM 000003
i2_IdleI2C                     text18       001042
i2_LCDBusyLoop                 text25       000E74
i2_LCDByte                     text24       000DC0
i2_LCDWriteString              text14       0009F2
i2_ReadI2C                     text19       000F6E
i2_WriteI2C                    text17       000C94
i2_bcd2bin                     text16       000FE6
i2bcd2bin@bcd_value            cstackCOMRAM 000002
i2bcd2bin@temp                 cstackCOMRAM 000003
intlevel0                      text         001066
intlevel1                      text         001066
intlevel2                      text         001066
intlevel3                      text         001066
main@count                     cstackCOMRAM 000033
stackhi                        (abs)        0005FF
stacklo                        (abs)        000080
start                          init         00010E
start_initialization           cinit        000F0C


FUNCTION INFORMATION:

 *************** function _main *****************
 Defined at:
		line 9 in file "E:\Study Material\XC8 PROJECTS\RTC Library\test.C"
 Parameters:    Size  Location     Type
		None
 Auto vars:     Size  Location     Type
  count           1   50[COMRAM] unsigned char 
  data            1    0        unsigned char 
 Return value:  Size  Location     Type
		None               void
 Registers used:
		wreg, fsr2l, fsr2h, status,2, status,0, tblptrl, tblptrh, tblptru, prodl, prodh, cstack
 Tracked objects:
		On entry : 
		On exit  : 
		Unchanged: 
 Data sizes:     COMRAM   BANK0   BANK1   BANK2   BANK3   BANK4   BANK5
      Params:         0       0       0       0       0       0       0
      Locals:         1       0       0       0       0       0       0
      Temps:          0       0       0       0       0       0       0
      Totals:         1       0       0       0       0       0       0
Total ram usage:        1 bytes
 Hardware stack levels required when called:    7
 This function calls:
		_LCDByte
		_LCDInit
		_LCDWriteString
		_OpenI2C
		_ds1307_init
		_ds1307_set_date_time
 This function is called by:
		Startup code after reset
 This function uses a non-reentrant model


 *************** function _ds1307_set_date_time *****************
 Defined at:
		line 45 in file "E:\Study Material\XC8 PROJECTS\RTC Library\myrtc.C"
 Parameters:    Size  Location     Type
		None
 Auto vars:     Size  Location     Type
		None
 Return value:  Size  Location     Type
		None               void
 Registers used:
		wreg, status,2, status,0, cstack
 Tracked objects:
		On entry : 
		On exit  : 
		Unchanged: 
 Data sizes:     COMRAM   BANK0   BANK1   BANK2   BANK3   BANK4   BANK5
      Params:         0       0       0       0       0       0       0
      Locals:         0       0       0       0       0       0       0
      Temps:          0       0       0       0       0       0       0
      Totals:         0       0       0       0       0       0       0
Total ram usage:        0 bytes
 Hardware stack levels used:    1
 Hardware stack levels required when called:    6
 This function calls:
		_IdleI2C
		_WriteI2C
		_bin2bcd
 This function is called by:
		_main
 This function uses a non-reentrant model


 *************** function _ds1307_init *****************
 Defined at:
		line 4 in file "E:\Study Material\XC8 PROJECTS\RTC Library\myrtc.C"
 Parameters:    Size  Location     Type
		None
 Auto vars:     Size  Location     Type
  seconds         1   40[COMRAM] unsigned char 
 Return value:  Size  Location     Type
		None               void
 Registers used:
		wreg, status,2, status,0, cstack
 Tracked objects:
		On entry : 
		On exit  : 
		Unchanged: 
 Data sizes:     COMRAM   BANK0   BANK1   BANK2   BANK3   BANK4   BANK5
      Params:         0       0       0       0       0       0       0
      Locals:         1       0       0       0       0       0       0
      Temps:          0       0       0       0       0       0       0
      Totals:         1       0       0       0       0       0       0
Total ram usage:        1 bytes
 Hardware stack levels used:    1
 Hardware stack levels required when called:    6
 This function calls:
		_IdleI2C
		_ReadI2C
		_WriteI2C
		_bcd2bin
		_bin2bcd
 This function is called by:
		_main
 This function uses a non-reentrant model


 *************** function _bin2bcd *****************
 Defined at:
		line 135 in file "E:\Study Material\XC8 PROJECTS\RTC Library\myrtc.C"
 Parameters:    Size  Location     Type
  binary_value    1    wreg     unsigned char 
 Auto vars:     Size  Location     Type
  binary_value    1   37[COMRAM] unsigned char 
  temp            1   39[COMRAM] unsigned char 
  retval          1   38[COMRAM] unsigned char 
 Return value:  Size  Location     Type
                  1    wreg      unsigned char 
 Registers used:
		wreg, status,2, status,0
 Tracked objects:
		On entry : 
		On exit  : 
		Unchanged: 
 Data sizes:     COMRAM   BANK0   BANK1   BANK2   BANK3   BANK4   BANK5
      Params:         0       0       0       0       0       0       0
      Locals:         3       0       0       0       0       0       0
      Temps:          0       0       0       0       0       0       0
      Totals:         3       0       0       0       0       0       0
Total ram usage:        3 bytes
 Hardware stack levels used:    1
 Hardware stack levels required when called:    4
 This function calls:
		Nothing
 This function is called by:
		_ds1307_init
		_ds1307_set_date_time
 This function uses a non-reentrant model


 *************** function _bcd2bin *****************
 Defined at:
		line 164 in file "E:\Study Material\XC8 PROJECTS\RTC Library\myrtc.C"
 Parameters:    Size  Location     Type
  bcd_value       1    wreg     unsigned char 
 Auto vars:     Size  Location     Type
  bcd_value       1   38[COMRAM] unsigned char 
  temp            1   39[COMRAM] unsigned char 
 Return value:  Size  Location     Type
                  1    wreg      unsigned char 
 Registers used:
		wreg, status,2, status,0
 Tracked objects:
		On entry : 
		On exit  : 
		Unchanged: 
 Data sizes:     COMRAM   BANK0   BANK1   BANK2   BANK3   BANK4   BANK5
      Params:         0       0       0       0       0       0       0
      Locals:         2       0       0       0       0       0       0
      Temps:          1       0       0       0       0       0       0
      Totals:         3       0       0       0       0       0       0
Total ram usage:        3 bytes
 Hardware stack levels used:    1
 Hardware stack levels required when called:    4
 This function calls:
		Nothing
 This function is called by:
		_ds1307_init
		_ds1307_get_date
 This function uses a non-reentrant model


 *************** function _WriteI2C *****************
 Defined at:
		line 12 in file "C:\Program Files (x86)\Microchip\xc8\v1.33\sources\pic18\plib\i2c\i2c_writ.c"
 Parameters:    Size  Location     Type
  data_out        1    wreg     unsigned char 
 Auto vars:     Size  Location     Type
  data_out        1   39[COMRAM] unsigned char 
 Return value:  Size  Location     Type
                  1    wreg      char 
 Registers used:
		wreg, status,2, status,0, cstack
 Tracked objects:
		On entry : 
		On exit  : 
		Unchanged: 
 Data sizes:     COMRAM   BANK0   BANK1   BANK2   BANK3   BANK4   BANK5
      Params:         0       0       0       0       0       0       0
      Locals:         1       0       0       0       0       0       0
      Temps:          1       0       0       0       0       0       0
      Totals:         2       0       0       0       0       0       0
Total ram usage:        2 bytes
 Hardware stack levels used:    1
 Hardware stack levels required when called:    5
 This function calls:
		_IdleI2C
 This function is called by:
		_ds1307_init
		_ds1307_set_date_time
		_ds1307_get_date
 This function uses a non-reentrant model


 *************** function _IdleI2C *****************
 Defined at:
		line 24 in file "C:\Program Files (x86)\Microchip\xc8\v1.33\sources\pic18\plib\i2c\i2c_idle.c"
 Parameters:    Size  Location     Type
		None
 Auto vars:     Size  Location     Type
		None
 Return value:  Size  Location     Type
		None               void
 Registers used:
		wreg, status,2, status,0
 Tracked objects:
		On entry : 
		On exit  : 
		Unchanged: 
 Data sizes:     COMRAM   BANK0   BANK1   BANK2   BANK3   BANK4   BANK5
      Params:         0       0       0       0       0       0       0
      Locals:         0       0       0       0       0       0       0
      Temps:          1       0       0       0       0       0       0
      Totals:         1       0       0       0       0       0       0
Total ram usage:        1 bytes
 Hardware stack levels used:    1
 Hardware stack levels required when called:    4
 This function calls:
		Nothing
 This function is called by:
		_ds1307_init
		_ds1307_set_date_time
		_WriteI2C
		_ds1307_get_date
 This function uses a non-reentrant model


 *************** function _ReadI2C *****************
 Defined at:
		line 11 in file "C:\Program Files (x86)\Microchip\xc8\v1.33\sources\pic18\plib\i2c\i2c_read.c"
 Parameters:    Size  Location     Type
		None
 Auto vars:     Size  Location     Type
		None
 Return value:  Size  Location     Type
                  1    wreg      unsigned char 
 Registers used:
		wreg, status,2, status,0
 Tracked objects:
		On entry : 
		On exit  : 
		Unchanged: 
 Data sizes:     COMRAM   BANK0   BANK1   BANK2   BANK3   BANK4   BANK5
      Params:         0       0       0       0       0       0       0
      Locals:         0       0       0       0       0       0       0
      Temps:          1       0       0       0       0       0       0
      Totals:         1       0       0       0       0       0       0
Total ram usage:        1 bytes
 Hardware stack levels used:    1
 Hardware stack levels required when called:    4
 This function calls:
		Nothing
 This function is called by:
		_ds1307_init
		_ds1307_get_date
 This function uses a non-reentrant model


 *************** function _OpenI2C *****************
 Defined at:
		line 14 in file "C:\Program Files (x86)\Microchip\xc8\v1.33\sources\pic18\plib\i2c\i2c_open.c"
 Parameters:    Size  Location     Type
  sync_mode       1    wreg     unsigned char 
  slew            1   37[COMRAM] unsigned char 
 Auto vars:     Size  Location     Type
  sync_mode       1   38[COMRAM] unsigned char 
 Return value:  Size  Location     Type
		None               void
 Registers used:
		wreg, status,2, status,0
 Tracked objects:
		On entry : 
		On exit  : 
		Unchanged: 
 Data sizes:     COMRAM   BANK0   BANK1   BANK2   BANK3   BANK4   BANK5
      Params:         1       0       0       0       0       0       0
      Locals:         1       0       0       0       0       0       0
      Temps:          0       0       0       0       0       0       0
      Totals:         2       0       0       0       0       0       0
Total ram usage:        2 bytes
 Hardware stack levels used:    1
 Hardware stack levels required when called:    4
 This function calls:
		Nothing
 This function is called by:
		_main
 This function uses a non-reentrant model


 *************** function _LCDWriteString *****************
 Defined at:
		line 252 in file "E:\Study Material\XC8 PROJECTS\RTC Library\lcd_hd44780_pic16.c"
 Parameters:    Size  Location     Type
  msg             2   46[COMRAM] PTR const unsigned char 
		 -> STR_4(2), STR_3(2), STR_2(17), STR_1(14), 
 Auto vars:     Size  Location     Type
  cc              1   49[COMRAM] char 
 Return value:  Size  Location     Type
		None               void
 Registers used:
		wreg, status,2, status,0, tblptrl, tblptrh, tblptru, cstack
 Tracked objects:
		On entry : 
		On exit  : 
		Unchanged: 
 Data sizes:     COMRAM   BANK0   BANK1   BANK2   BANK3   BANK4   BANK5
      Params:         2       0       0       0       0       0       0
      Locals:         1       0       0       0       0       0       0
      Temps:          1       0       0       0       0       0       0
      Totals:         4       0       0       0       0       0       0
Total ram usage:        4 bytes
 Hardware stack levels used:    1
 Hardware stack levels required when called:    6
 This function calls:
		_LCDByte
 This function is called by:
		_main
 This function uses a non-reentrant model


 *************** function _LCDInit *****************
 Defined at:
		line 194 in file "E:\Study Material\XC8 PROJECTS\RTC Library\lcd_hd44780_pic16.c"
 Parameters:    Size  Location     Type
  style           1    wreg     unsigned char 
 Auto vars:     Size  Location     Type
  style           1   47[COMRAM] unsigned char 
  __i             1   48[COMRAM] unsigned char 
 Return value:  Size  Location     Type
		None               void
 Registers used:
		wreg, fsr2l, fsr2h, status,2, status,0, prodl, prodh, cstack
 Tracked objects:
		On entry : 
		On exit  : 
		Unchanged: 
 Data sizes:     COMRAM   BANK0   BANK1   BANK2   BANK3   BANK4   BANK5
      Params:         0       0       0       0       0       0       0
      Locals:         2       0       0       0       0       0       0
      Temps:          1       0       0       0       0       0       0
      Totals:         3       0       0       0       0       0       0
Total ram usage:        3 bytes
 Hardware stack levels used:    1
 Hardware stack levels required when called:    6
 This function calls:
		_LCDBusyLoop
		_LCDByte
 This function is called by:
		_main
 This function uses a non-reentrant model


 *************** function _LCDByte *****************
 Defined at:
		line 81 in file "E:\Study Material\XC8 PROJECTS\RTC Library\lcd_hd44780_pic16.c"
 Parameters:    Size  Location     Type
  c               1    wreg     unsigned char 
  isdata          1   40[COMRAM] unsigned char 
 Auto vars:     Size  Location     Type
  c               1   44[COMRAM] unsigned char 
  temp            1   45[COMRAM] unsigned char 
  ln              1   43[COMRAM] unsigned char 
  hn              1   42[COMRAM] unsigned char 
 Return value:  Size  Location     Type
		None               void
 Registers used:
		wreg, status,2, status,0, cstack
 Tracked objects:
		On entry : 
		On exit  : 
		Unchanged: 
 Data sizes:     COMRAM   BANK0   BANK1   BANK2   BANK3   BANK4   BANK5
      Params:         1       0       0       0       0       0       0
      Locals:         4       0       0       0       0       0       0
      Temps:          1       0       0       0       0       0       0
      Totals:         6       0       0       0       0       0       0
Total ram usage:        6 bytes
 Hardware stack levels used:    1
 Hardware stack levels required when called:    5
 This function calls:
		_LCDBusyLoop
 This function is called by:
		_LCDInit
		_LCDWriteString
		_main
 This function uses a non-reentrant model


 *************** function _LCDBusyLoop *****************
 Defined at:
		line 136 in file "E:\Study Material\XC8 PROJECTS\RTC Library\lcd_hd44780_pic16.c"
 Parameters:    Size  Location     Type
		None
 Auto vars:     Size  Location     Type
  status          1   39[COMRAM] unsigned char 
  temp            1   38[COMRAM] unsigned char 
  busy            1   37[COMRAM] unsigned char 
 Return value:  Size  Location     Type
		None               void
 Registers used:
		wreg, status,2, status,0
 Tracked objects:
		On entry : 
		On exit  : 
		Unchanged: 
 Data sizes:     COMRAM   BANK0   BANK1   BANK2   BANK3   BANK4   BANK5
      Params:         0       0       0       0       0       0       0
      Locals:         3       0       0       0       0       0       0
      Temps:          0       0       0       0       0       0       0
      Totals:         3       0       0       0       0       0       0
Total ram usage:        3 bytes
 Hardware stack levels used:    1
 Hardware stack levels required when called:    4
 This function calls:
		Nothing
 This function is called by:
		_LCDByte
		_LCDInit
 This function uses a non-reentrant model


 *************** function _One_Sec *****************
 Defined at:
		line 52 in file "E:\Study Material\XC8 PROJECTS\RTC Library\test.C"
 Parameters:    Size  Location     Type
		None
 Auto vars:     Size  Location     Type
		None
 Return value:  Size  Location     Type
		None               void
 Registers used:
		wreg, fsr1l, fsr1h, fsr2l, fsr2h, status,2, status,0, tblptrl, tblptrh, tblptru, prodl, cstack
 Tracked objects:
		On entry : 
		On exit  : 
		Unchanged: 
 Data sizes:     COMRAM   BANK0   BANK1   BANK2   BANK3   BANK4   BANK5
      Params:         0       0       0       0       0       0       0
      Locals:         0       0       0       0       0       0       0
      Temps:         14       0       0       0       0       0       0
      Totals:        14       0       0       0       0       0       0
Total ram usage:       14 bytes
 Hardware stack levels used:    1
 Hardware stack levels required when called:    3
 This function calls:
		_LCDGotoXY
		_LCDWriteInt
		_ds1307_get_time
		i2_LCDByte
		i2_LCDWriteString
 This function is called by:
		Interrupt level 2
 This function uses a non-reentrant model


 *************** function i2_LCDWriteString *****************
 Defined at:
		line 252 in file "E:\Study Material\XC8 PROJECTS\RTC Library\lcd_hd44780_pic16.c"
 Parameters:    Size  Location     Type
  msg             2    9[COMRAM] PTR const unsigned char 
		 -> STR_4(2), STR_3(2), STR_2(17), STR_1(14), 
 Auto vars:     Size  Location     Type
  LCDWriteStri    1   12[COMRAM] char 
 Return value:  Size  Location     Type
		None               void
 Registers used:
		wreg, status,2, status,0, tblptrl, tblptrh, tblptru, cstack
 Tracked objects:
		On entry : 
		On exit  : 
		Unchanged: 
 Data sizes:     COMRAM   BANK0   BANK1   BANK2   BANK3   BANK4   BANK5
      Params:         2       0       0       0       0       0       0
      Locals:         1       0       0       0       0       0       0
      Temps:          1       0       0       0       0       0       0
      Totals:         4       0       0       0       0       0       0
Total ram usage:        4 bytes
 Hardware stack levels used:    1
 Hardware stack levels required when called:    2
 This function calls:
		i2_LCDByte
 This function is called by:
		_One_Sec
 This function uses a non-reentrant model


 *************** function _ds1307_get_time *****************
 Defined at:
		line 111 in file "E:\Study Material\XC8 PROJECTS\RTC Library\myrtc.C"
 Parameters:    Size  Location     Type
		None
 Auto vars:     Size  Location     Type
		None
 Return value:  Size  Location     Type
		None               void
 Registers used:
		wreg, status,2, status,0, cstack
 Tracked objects:
		On entry : 
		On exit  : 
		Unchanged: 
 Data sizes:     COMRAM   BANK0   BANK1   BANK2   BANK3   BANK4   BANK5
      Params:         0       0       0       0       0       0       0
      Locals:         0       0       0       0       0       0       0
      Temps:          0       0       0       0       0       0       0
      Totals:         0       0       0       0       0       0       0
Total ram usage:        0 bytes
 Hardware stack levels used:    1
 Hardware stack levels required when called:    2
 This function calls:
		i2_IdleI2C
		i2_ReadI2C
		i2_WriteI2C
		i2_bcd2bin
 This function is called by:
		_One_Sec
 This function uses a non-reentrant model


 *************** function i2_bcd2bin *****************
 Defined at:
		line 164 in file "E:\Study Material\XC8 PROJECTS\RTC Library\myrtc.C"
 Parameters:    Size  Location     Type
  bcd_value       1    wreg     unsigned char 
 Auto vars:     Size  Location     Type
  bcd_value       1    1[COMRAM] unsigned char 
  bcd2bin         1    2[COMRAM] unsigned char 
 Return value:  Size  Location     Type
                  1    wreg      unsigned char 
 Registers used:
		wreg, status,2, status,0
 Tracked objects:
		On entry : 
		On exit  : 
		Unchanged: 
 Data sizes:     COMRAM   BANK0   BANK1   BANK2   BANK3   BANK4   BANK5
      Params:         0       0       0       0       0       0       0
      Locals:         2       0       0       0       0       0       0
      Temps:          1       0       0       0       0       0       0
      Totals:         3       0       0       0       0       0       0
Total ram usage:        3 bytes
 Hardware stack levels used:    1
 This function calls:
		Nothing
 This function is called by:
		_ds1307_get_time
 This function uses a non-reentrant model


 *************** function i2_WriteI2C *****************
 Defined at:
		line 12 in file "C:\Program Files (x86)\Microchip\xc8\v1.33\sources\pic18\plib\i2c\i2c_writ.c"
 Parameters:    Size  Location     Type
  data_out        1    wreg     unsigned char 
 Auto vars:     Size  Location     Type
  data_out        1    2[COMRAM] unsigned char 
 Return value:  Size  Location     Type
                  1    wreg      char 
 Registers used:
		wreg, status,2, status,0, cstack
 Tracked objects:
		On entry : 
		On exit  : 
		Unchanged: 
 Data sizes:     COMRAM   BANK0   BANK1   BANK2   BANK3   BANK4   BANK5
      Params:         0       0       0       0       0       0       0
      Locals:         1       0       0       0       0       0       0
      Temps:          1       0       0       0       0       0       0
      Totals:         2       0       0       0       0       0       0
Total ram usage:        2 bytes
 Hardware stack levels used:    1
 Hardware stack levels required when called:    1
 This function calls:
		i2_IdleI2C
 This function is called by:
		_ds1307_get_time
 This function uses a non-reentrant model


 *************** function i2_IdleI2C *****************
 Defined at:
		line 24 in file "C:\Program Files (x86)\Microchip\xc8\v1.33\sources\pic18\plib\i2c\i2c_idle.c"
 Parameters:    Size  Location     Type
		None
 Auto vars:     Size  Location     Type
		None
 Return value:  Size  Location     Type
		None               void
 Registers used:
		wreg, status,2, status,0
 Tracked objects:
		On entry : 
		On exit  : 
		Unchanged: 
 Data sizes:     COMRAM   BANK0   BANK1   BANK2   BANK3   BANK4   BANK5
      Params:         0       0       0       0       0       0       0
      Locals:         0       0       0       0       0       0       0
      Temps:          1       0       0       0       0       0       0
      Totals:         1       0       0       0       0       0       0
Total ram usage:        1 bytes
 Hardware stack levels used:    1
 This function calls:
		Nothing
 This function is called by:
		_ds1307_get_time
		i2_WriteI2C
 This function uses a non-reentrant model


 *************** function i2_ReadI2C *****************
 Defined at:
		line 11 in file "C:\Program Files (x86)\Microchip\xc8\v1.33\sources\pic18\plib\i2c\i2c_read.c"
 Parameters:    Size  Location     Type
		None
 Auto vars:     Size  Location     Type
		None
 Return value:  Size  Location     Type
                  1    wreg      unsigned char 
 Registers used:
		wreg, status,2, status,0
 Tracked objects:
		On entry : 
		On exit  : 
		Unchanged: 
 Data sizes:     COMRAM   BANK0   BANK1   BANK2   BANK3   BANK4   BANK5
      Params:         0       0       0       0       0       0       0
      Locals:         0       0       0       0       0       0       0
      Temps:          1       0       0       0       0       0       0
      Totals:         1       0       0       0       0       0       0
Total ram usage:        1 bytes
 Hardware stack levels used:    1
 This function calls:
		Nothing
 This function is called by:
		_ds1307_get_time
 This function uses a non-reentrant model


 *************** function _LCDWriteInt *****************
 Defined at:
		line 308 in file "E:\Study Material\XC8 PROJECTS\RTC Library\lcd_hd44780_pic16.c"
 Parameters:    Size  Location     Type
  val             2    9[COMRAM] int 
  field_length    1   11[COMRAM] char 
 Auto vars:     Size  Location     Type
  str             5   14[COMRAM] unsigned char [5]
  i               2   21[COMRAM] int 
  j               2   19[COMRAM] int 
 Return value:  Size  Location     Type
		None               void
 Registers used:
		wreg, fsr1l, fsr1h, fsr2l, fsr2h, status,2, status,0, prodl, cstack
 Tracked objects:
		On entry : 
		On exit  : 
		Unchanged: 
 Data sizes:     COMRAM   BANK0   BANK1   BANK2   BANK3   BANK4   BANK5
      Params:         3       0       0       0       0       0       0
      Locals:         9       0       0       0       0       0       0
      Temps:          2       0       0       0       0       0       0
      Totals:        14       0       0       0       0       0       0
Total ram usage:       14 bytes
 Hardware stack levels used:    1
 Hardware stack levels required when called:    2
 This function calls:
		___awdiv
		___awmod
		i2_LCDByte
 This function is called by:
		_One_Sec
 This function uses a non-reentrant model


 *************** function ___awmod *****************
 Defined at:
		line 8 in file "C:\Program Files (x86)\Microchip\xc8\v1.33\sources\common\awmod.c"
 Parameters:    Size  Location     Type
  dividend        2    0[COMRAM] int 
  divisor         2    2[COMRAM] int 
 Auto vars:     Size  Location     Type
  sign            1    5[COMRAM] unsigned char 
  counter         1    4[COMRAM] unsigned char 
 Return value:  Size  Location     Type
                  2    0[COMRAM] int 
 Registers used:
		wreg, status,2, status,0, prodl
 Tracked objects:
		On entry : 
		On exit  : 
		Unchanged: 
 Data sizes:     COMRAM   BANK0   BANK1   BANK2   BANK3   BANK4   BANK5
      Params:         4       0       0       0       0       0       0
      Locals:         2       0       0       0       0       0       0
      Temps:          0       0       0       0       0       0       0
      Totals:         6       0       0       0       0       0       0
Total ram usage:        6 bytes
 Hardware stack levels used:    1
 This function calls:
		Nothing
 This function is called by:
		_LCDWriteInt
 This function uses a non-reentrant model


 *************** function ___awdiv *****************
 Defined at:
		line 8 in file "C:\Program Files (x86)\Microchip\xc8\v1.33\sources\common\awdiv.c"
 Parameters:    Size  Location     Type
  dividend        2    0[COMRAM] int 
  divisor         2    2[COMRAM] int 
 Auto vars:     Size  Location     Type
  quotient        2    6[COMRAM] int 
  sign            1    5[COMRAM] unsigned char 
  counter         1    4[COMRAM] unsigned char 
 Return value:  Size  Location     Type
                  2    0[COMRAM] int 
 Registers used:
		wreg, status,2, status,0, prodl
 Tracked objects:
		On entry : 
		On exit  : 
		Unchanged: 
 Data sizes:     COMRAM   BANK0   BANK1   BANK2   BANK3   BANK4   BANK5
      Params:         4       0       0       0       0       0       0
      Locals:         4       0       0       0       0       0       0
      Temps:          0       0       0       0       0       0       0
      Totals:         8       0       0       0       0       0       0
Total ram usage:        8 bytes
 Hardware stack levels used:    1
 This function calls:
		Nothing
 This function is called by:
		_LCDWriteInt
 This function uses a non-reentrant model


 *************** function _LCDGotoXY *****************
 Defined at:
		line 353 in file "E:\Study Material\XC8 PROJECTS\RTC Library\lcd_hd44780_pic16.c"
 Parameters:    Size  Location     Type
  x               1    wreg     unsigned char 
  y               1    9[COMRAM] unsigned char 
 Auto vars:     Size  Location     Type
  x               1   10[COMRAM] unsigned char 
 Return value:  Size  Location     Type
		None               void
 Registers used:
		wreg, status,2, status,0, cstack
 Tracked objects:
		On entry : 
		On exit  : 
		Unchanged: 
 Data sizes:     COMRAM   BANK0   BANK1   BANK2   BANK3   BANK4   BANK5
      Params:         1       0       0       0       0       0       0
      Locals:         1       0       0       0       0       0       0
      Temps:          0       0       0       0       0       0       0
      Totals:         2       0       0       0       0       0       0
Total ram usage:        2 bytes
 Hardware stack levels used:    1
 Hardware stack levels required when called:    2
 This function calls:
		i2_LCDByte
 This function is called by:
		_One_Sec
 This function uses a non-reentrant model


 *************** function i2_LCDByte *****************
 Defined at:
		line 81 in file "E:\Study Material\XC8 PROJECTS\RTC Library\lcd_hd44780_pic16.c"
 Parameters:    Size  Location     Type
  c               1    wreg     unsigned char 
  isdata          1    3[COMRAM] unsigned char 
 Auto vars:     Size  Location     Type
  c               1    5[COMRAM] unsigned char 
  LCDByte         1    8[COMRAM] unsigned char 
  LCDByte         1    7[COMRAM] unsigned char 
  LCDByte         1    6[COMRAM] unsigned char 
 Return value:  Size  Location     Type
		None               void
 Registers used:
		wreg, status,2, status,0, cstack
 Tracked objects:
		On entry : 
		On exit  : 
		Unchanged: 
 Data sizes:     COMRAM   BANK0   BANK1   BANK2   BANK3   BANK4   BANK5
      Params:         1       0       0       0       0       0       0
      Locals:         4       0       0       0       0       0       0
      Temps:          1       0       0       0       0       0       0
      Totals:         6       0       0       0       0       0       0
Total ram usage:        6 bytes
 Hardware stack levels used:    1
 Hardware stack levels required when called:    1
 This function calls:
		i2_LCDBusyLoop
 This function is called by:
		_LCDWriteInt
		_LCDGotoXY
		_One_Sec
		i2_LCDWriteString
 This function uses a non-reentrant model


 *************** function i2_LCDBusyLoop *****************
 Defined at:
		line 136 in file "E:\Study Material\XC8 PROJECTS\RTC Library\lcd_hd44780_pic16.c"
 Parameters:    Size  Location     Type
		None
 Auto vars:     Size  Location     Type
  LCDBusyLoop     1    2[COMRAM] unsigned char 
  LCDBusyLoop     1    1[COMRAM] unsigned char 
  LCDBusyLoop     1    0[COMRAM] unsigned char 
 Return value:  Size  Location     Type
		None               void
 Registers used:
		wreg, status,2, status,0
 Tracked objects:
		On entry : 
		On exit  : 
		Unchanged: 
 Data sizes:     COMRAM   BANK0   BANK1   BANK2   BANK3   BANK4   BANK5
      Params:         0       0       0       0       0       0       0
      Locals:         3       0       0       0       0       0       0
      Temps:          0       0       0       0       0       0       0
      Totals:         3       0       0       0       0       0       0
Total ram usage:        3 bytes
 Hardware stack levels used:    1
 This function calls:
		Nothing
 This function is called by:
		i2_LCDByte
 This function uses a non-reentrant model



MODULE INFORMATION

Module		Function		Class		Link	Load	Size
E:\Study Material\XC8 PROJECTS\RTC Library\test.C
		_main          		CODE           	0CFC	0000	100
		_One_Sec       		CODE           	0008	0000	262

E:\Study Material\XC8 PROJECTS\RTC Library\test.C estimated size: 362

C:\Program Files (x86)\Microchip\xc8\v1.33\sources\common\awmod.c
		___awmod       		CODE           	0A96	0000	148

C:\Program Files (x86)\Microchip\xc8\v1.33\sources\common\awmod.c estimated size: 148

C:\Program Files (x86)\Microchip\xc8\v1.33\sources\pic18\plib\i2c\i2c_open.c
		_OpenI2C       		CODE           	100C	0000	34

C:\Program Files (x86)\Microchip\xc8\v1.33\sources\pic18\plib\i2c\i2c_open.c estimated size: 34

C:\Program Files (x86)\Microchip\xc8\v1.33\sources\common\awdiv.c
		___awdiv       		CODE           	08A6	0000	168

C:\Program Files (x86)\Microchip\xc8\v1.33\sources\common\awdiv.c estimated size: 168

C:\Program Files (x86)\Microchip\xc8\v1.33\sources\pic18\plib\i2c\i2c_writ.c
		_WriteI2C      		CODE           	0C2C	0000	104

C:\Program Files (x86)\Microchip\xc8\v1.33\sources\pic18\plib\i2c\i2c_writ.c estimated size: 104

shared
		__stringdata   		SMALLCONST     	0601	0000	33
		i2_ReadI2C     		CODE           	0F6E	0000	44
		i2_bcd2bin     		CODE           	0FE6	0000	38
		i2_LCDByte     		CODE           	0DC0	0000	96
		__initializatio		CODE           	0F0C	0000	44
		i2_WriteI2C    		CODE           	0C94	0000	104
		i2_LCDBusyLoop 		CODE           	0E74	0000	84
		i2_LCDWriteStri		CODE           	09F2	0000	164
		i2_IdleI2C     		CODE           	1042	0000	20

shared estimated size: 627

E:\Study Material\XC8 PROJECTS\RTC Library\lcd_hd44780_pic16.c
		_LCDByte       		CODE           	0D60	0000	96
		_LCDWriteInt   		CODE           	0624	0000	274
		_LCDInit       		CODE           	0B2A	0000	132
		_LCDWriteString		CODE           	094E	0000	164
		_LCDGotoXY     		CODE           	0EC8	0000	68
		_LCDBusyLoop   		CODE           	0E20	0000	84

E:\Study Material\XC8 PROJECTS\RTC Library\lcd_hd44780_pic16.c estimated size: 818

C:\Program Files (x86)\Microchip\xc8\v1.33\sources\pic18\plib\i2c\i2c_read.c
		_ReadI2C       		CODE           	0F42	0000	44

C:\Program Files (x86)\Microchip\xc8\v1.33\sources\pic18\plib\i2c\i2c_read.c estimated size: 44

E:\Study Material\XC8 PROJECTS\RTC Library\myrtc.C
		_bin2bcd       		CODE           	0F9A	0000	38
		_ds1307_get_tim		CODE           	0BAE	0000	126
		_bcd2bin       		CODE           	0FC0	0000	38
		_ds1307_set_dat		CODE           	0736	0000	186
		_ds1307_init   		CODE           	07F0	0000	182

E:\Study Material\XC8 PROJECTS\RTC Library\myrtc.C estimated size: 570

C:\Program Files (x86)\Microchip\xc8\v1.33\sources\pic18\plib\i2c\i2c_idle.c
		_IdleI2C       		CODE           	102E	0000	20

C:\Program Files (x86)\Microchip\xc8\v1.33\sources\pic18\plib\i2c\i2c_idle.c estimated size: 20

