Microchip MPLAB XC8 Compiler V1.12 ()

Linker command line:

--edf=C:\Program Files (x86)\Microchip\xc8\v1.12\dat\en_msgs.txt -cs \
  -h+WLC3PH.sym -z -Q16F870 -ol.obj -MWLC3PH.map -E1 -ver=XC8 \
  -ACONST=00h-0FFhx8 -ACODE=00h-07FFh -ASTRCODE=00h-07FFh \
  -AENTRY=00h-0FFhx8 -ASTRING=00h-0FFhx8 -ACOMMON=070h-07Fh \
  -ABANK0=020h-06Fh -ABANK1=0A0h-0BFh -ARAM=020h-06Fh,0A0h-0BFh \
  -AABS1=020h-07Fh,0A0h-0BFh -ASFR0=00h-01Fh -ASFR1=080h-09Fh \
  -ASFR2=0100h-016Fh -ASFR3=0180h-01EFh \
  -preset_vec=00h,intentry=04h,init,end_init -ppowerup=CODE -pfunctab=CODE \
  -ACONFIG=02007h-02007h -pconfig=CONFIG -DCONFIG=2 -AIDLOC=02000h-02003h \
  -pidloc=IDLOC -DIDLOC=2 -AEEDATA=00h-03Fh/02100h -peeprom_data=EEDATA \
  -DEEDATA=2 -DCODE=2 -DSTRCODE=2 -DSTRING=2 -DCONST=2 -DENTRY=2 -k \
  startup.obj WLC3PH.obj 

Object code version is 3.10

Machine type is 16F870



                Name                               Link     Load   Length Selector   Space Scale
startup.obj     end_init                             10       10        1        8       0
                reset_vec                             0        0        1        0       0
WLC3PH.obj      intentry                              4        4        C        8       0
                text49                              1A7      1A7      127        8       0
                maintext                             11       11      196        8       0
                cstackBANK0                          25       25        3       20       1
                cstackCOMMON                         77       77        7       70       1
                bssBANK0                             20       20        5       20       1
                bssCOMMON                            70       70        7       70       1
                cinit                               2CE      2CE        E        8       0

TOTAL           Name                               Link     Load   Length     Space
        CLASS   CONST          

        CLASS   CODE           
                end_init                             10       10        1         0
                intentry                              4        4        C         0
                reset_vec                             0        0        1         0
                text49                              1A7      1A7      127         0
                maintext                             11       11      196         0
                cinit                               2CE      2CE        E         0

        CLASS   STRCODE        

        CLASS   ENTRY          

        CLASS   STRING         

        CLASS   COMMON         
                cstackCOMMON                         77       77        7         1
                bssCOMMON                            70       70        7         1

        CLASS   BANK0          
                cstackBANK0                          25       25        3         1
                bssBANK0                             20       20        5         1

        CLASS   BANK1          

        CLASS   RAM            

        CLASS   ABS1           
                abs_s1                               7E       7E        2         1

        CLASS   SFR0           

        CLASS   SFR1           

        CLASS   SFR2           

        CLASS   SFR3           

        CLASS   CONFIG         

        CLASS   IDLOC          

        CLASS   EEDATA         

        CLASS   BANK3          

        CLASS   BANK2          



SEGMENTS        Name                           Load    Length   Top    Selector   Space  Class     Delta

                reset_vec                      000000  000001  000001         0       0  CODE        2
                intentry                       000004  0002D8  0002DC         8       0  CODE        2
                bssBANK0                       000020  000008  000028        20       1  BANK0       1
                bssCOMMON                      000070  00000E  00007E        70       1  COMMON      1


UNUSED ADDRESS RANGES

        Name                Unused          Largest block    Delta
        BANK0            028-06F            48           1
        BANK1            0A0-0BF            20           1
        CODE             001-003             3           2
                         2DC-7FF           524
        CONFIG           2007-2007             1           2
        CONST            001-003             3           2
                         2DC-7FF           100
        EEDATA           2100-213F            40           2
        ENTRY            001-003             3           2
                         2DC-7FF           100
        IDLOC            2000-2003             4           2
        RAM              028-06F            48           1
                         0A0-0BF            20
        SFR0             000-01F            20           1
        SFR1             080-09F            20           1
        SFR2             100-16F            70           1
        SFR3             180-1EF            70           1
        STRCODE          001-003             3           2
                         2DC-7FF           524
        STRING           001-003             3           2
                         2DC-7FF           100

                                  Symbol Table

_ADCON1                  (abs)        09F
_INTCON                  (abs)        00B
_INTF                    (abs)        059
_OPTION_REG              (abs)        081
_PORTA                   (abs)        005
_PORTB                   (abs)        006
_PORTC                   (abs)        007
_RA1                     (abs)        029
_RA2                     (abs)        02A
_RA3                     (abs)        02B
_RA5                     (abs)        02D
_RB1                     (abs)        031
_RB2                     (abs)        032
_RB3                     (abs)        033
_RB4                     (abs)        034
_RB7                     (abs)        037
_RC0                     (abs)        038
_RC1                     (abs)        039
_RC2                     (abs)        03A
_RC3                     (abs)        03B
_RC4                     (abs)        03C
_RC5                     (abs)        03D
_TRISA                   (abs)        085
_TRISB                   (abs)        086
_TRISC                   (abs)        087
_Tx_Received             text49       1A7
__Habs1                  abs1         000
__Hbank0                 bank0        000
__Hbank1                 bank1        000
__Hbank2                 bank2        000
__Hbank3                 bank3        000
__HbssBANK0              bssBANK0     000
__HbssCOMMON             bssCOMMON    000
__Hcinit                 cinit        000
__Hclrtext               clrtext      000
__Hcode                  code         000
__Hcommon                common       000
__Hconfig                config       000
__HcstackBANK0           cstackBANK0  000
__HcstackCOMMON          cstackCOMMON 000
__Heeprom_data           eeprom_data  000
__Hend_init              end_init     011
__Hfunctab               functab      000
__Hidloc                 idloc        000
__Hinit                  init         010
__Hintentry              intentry     010
__Hmaintext              maintext     000
__Hpowerup               powerup      000
__Hram                   ram          000
__Hreset_vec             reset_vec    001
__Hsfr0                  sfr0         000
__Hsfr1                  sfr1         000
__Hsfr2                  sfr2         000
__Hsfr3                  sfr3         000
__Hstrings               strings      000
__Htext                  text         000
__Labs1                  abs1         000
__Lbank0                 bank0        000
__Lbank1                 bank1        000
__Lbank2                 bank2        000
__Lbank3                 bank3        000
__LbssBANK0              bssBANK0     000
__LbssCOMMON             bssCOMMON    000
__Lcinit                 cinit        000
__Lclrtext               clrtext      000
__Lcode                  code         000
__Lcommon                common       000
__Lconfig                config       000
__LcstackBANK0           cstackBANK0  000
__LcstackCOMMON          cstackCOMMON 000
__Leeprom_data           eeprom_data  000
__Lend_init              end_init     010
__Lfunctab               functab      000
__Lidloc                 idloc        000
__Linit                  init         010
__Lintentry              intentry     004
__Lmaintext              maintext     000
__Lpowerup               powerup      000
__Lram                   ram          000
__Lreset_vec             reset_vec    000
__Lsfr0                  sfr0         000
__Lsfr1                  sfr1         000
__Lsfr2                  sfr2         000
__Lsfr3                  sfr3         000
__Lstrings               strings      000
__Ltext                  text         000
__S0                     (abs)        2DC
__S1                     (abs)        07E
__S2                     (abs)        000
__end_of_Tx_Received     text49       2CE
__end_of__initialization cinit        2DA
__end_of_main            maintext     1A7
__initialization         cinit        2CE
__pbssBANK0              bssBANK0     020
__pbssCOMMON             bssCOMMON    070
__pcstackBANK0           cstackBANK0  025
__pcstackCOMMON          cstackCOMMON 077
__pintentry              intentry     004
__pmaintext              maintext     011
__ptext48                text48       000
__ptext49                text49       1A7
__ptext50                text50       000
__size_of_Tx_Received    (abs)        000
__size_of_main           (abs)        000
_count                   bssCOMMON    070
_dry_run                 bssCOMMON    071
_i                       bssCOMMON    072
_level_check             bssBANK0     020
_ll                      bssCOMMON    073
_lp_flag                 bssCOMMON    074
_lu                      bssBANK0     021
_main                    maintext     011
_motor_flag              bssBANK0     022
_power                   bssBANK0     023
_txr_not_received        bssBANK0     024
_ul                      bssCOMMON    075
_uu                      bssCOMMON    076
btemp                    (abs)        07E
end_of_initialization    cinit        2DA
interrupt_function       intentry     004
intlevel0                functab      000
intlevel1                functab      000
intlevel2                functab      000
intlevel3                functab      000
intlevel4                functab      000
intlevel5                functab      000
reset_vec                reset_vec    000
saved_w                  (abs)        07E
start                    init         010
start_initialization     cinit        2CE
wtemp0                   (abs)        07E


FUNCTION INFORMATION:

 *************** function _main *****************
 Defined at:
		line 15 in file "C:\XC8 PROJECTS\WLC 3PH WITHOUT TRIP\WLC3PH.c"
 Parameters:    Size  Location     Type
		None
 Auto vars:     Size  Location     Type
		None
 Return value:  Size  Location     Type
		None               void
 Registers used:
		wreg, status,2, status,0
 Tracked objects:
		On entry : 
		On exit  : 
		Unchanged: 
 Data sizes:     COMMON   BANK0   BANK1
      Params:         0       0       0
      Locals:         0       0       0
      Temps:          0       3       0
      Totals:         0       3       0
Total ram usage:        3 bytes
 Hardware stack levels required when called:    1
 This function calls:
		Nothing
 This function is called by:
		Startup code after reset
 This function uses a non-reentrant model


 *************** function _Tx_Received *****************
 Defined at:
		line 135 in file "C:\XC8 PROJECTS\WLC 3PH WITHOUT TRIP\WLC3PH.c"
 Parameters:    Size  Location     Type
		None
 Auto vars:     Size  Location     Type
		None
 Return value:  Size  Location     Type
		None               void
 Registers used:
		wreg, status,2, status,0
 Tracked objects:
		On entry : 
		On exit  : 
		Unchanged: 
 Data sizes:     COMMON   BANK0   BANK1
      Params:         0       0       0
      Locals:         0       0       0
      Temps:          7       0       0
      Totals:         7       0       0
Total ram usage:        7 bytes
 Hardware stack levels used:    1
 This function calls:
		Nothing
 This function is called by:
		Interrupt level 1
 This function uses a non-reentrant model



MODULE INFORMATION

Module		Function		Class		Link	Load	Size
shared
		__initializatio		CODE           	02CE	0000	12

shared estimated size: 12

C:\XC8 PROJECTS\WLC 3PH WITHOUT TRIP\WLC3PH.c
		_main          		CODE           	0011	0000	406
		_Tx_Received   		CODE           	01A7	0000	295

C:\XC8 PROJECTS\WLC 3PH WITHOUT TRIP\WLC3PH.c estimated size: 701

