Microchip MPLAB XC8 Compiler V1.32 ()

Linker command line:

--edf=C:\Program Files (x86)\Microchip\xc8\v1.32\dat\en_msgs.txt -cs \
  -h+CO2.sym --cmf=CO2.cmf -z -w9 -Q16F628A -MCO2.map -E1 -ver=XC8 \
  -ACONST=00h-0FFhx8 -ACODE=00h-07FFh -ASTRCODE=00h-07FFh \
  -AENTRY=00h-0FFhx8 -ASTRING=00h-0FFhx8 -ACOMMON=070h-07Fh \
  -ABANK0=020h-06Fh -ABANK1=0A0h-0EFh -ABANK2=0120h-014Fh \
  -ARAM=020h-06Fh,0A0h-0EFh,0120h-014Fh \
  -AABS1=020h-07Fh,0A0h-0EFh,0120h-014Fh -ASFR0=00h-01Fh -ASFR1=080h-09Fh \
  -ASFR2=0100h-011Fh -ASFR3=0180h-01EFh \
  -preset_vec=00h,intentry,init,end_init -ppowerup=CODE -pcinit=CODE \
  -pfunctab=CODE -ACONFIG=02007h-02007h -pconfig=CONFIG -DCONFIG=2 \
  -AIDLOC=02000h-02003h -pidloc=IDLOC -DIDLOC=2 -AEEDATA=00h-07Fh/02100h \
  -peeprom_data=EEDATA -DEEDATA=2 -DCODE=2 -DSTRCODE=2 -DSTRING=2 -DCONST=2 \
  -DENTRY=2 -k startup.obj CO2.obj 

Object code version is 3.11

Machine type is 16F628A



                Name                               Link     Load   Length Selector   Space Scale
startup.obj     end_init                              C        C        2        0       0
CO2.obj         cinit                               7F5      7F5        B      FEA       0
                intentry                              0        0        C        0       0
                text5                               748      748       50      E90       0
                text4                               798      798       5D      F30       0
                text3                               6F9      6F9       4F      DF2       0
                text2                               6A6      6A6       13      D4C       0
                text1                               6B9      6B9       40      D72       0
                maintext                              0        0      BA4        0       0
                cstackBANK0                          20       20       1E       20       1
                cstackCOMMON                         70       70        5       70       1
                clrtext                             69E      69E        8      D3C       0
                bssBANK0                             3E       3E        F       20       1
                bssCOMMON                            75       75        4       70       1

TOTAL           Name                               Link     Load   Length     Space
        CLASS   CONST          

        CLASS   CODE           
                end_init                              C        C        2         0
                cinit                               7F5      7F5        B         0
                intentry                              0        0        C         0
                text5                               748      748       50         0
                text4                               798      798       5D         0
                text3                               6F9      6F9       4F         0
                text2                               6A6      6A6       13         0
                text1                               6B9      6B9       40         0
                maintext                              0        0      BA4         0
                clrtext                             69E      69E        8         0

        CLASS   STRCODE        

        CLASS   ENTRY          

        CLASS   STRING         

        CLASS   COMMON         
                cstackCOMMON                         70       70        5         1
                bssCOMMON                            75       75        4         1

        CLASS   BANK0          
                cstackBANK0                          20       20       1E         1
                bssBANK0                             3E       3E        F         1

        CLASS   BANK1          

        CLASS   BANK2          

        CLASS   RAM            

        CLASS   ABS1           
                abs_s1                               7E       7E        2         1

        CLASS   SFR0           

        CLASS   SFR1           

        CLASS   SFR2           

        CLASS   SFR3           

        CLASS   CONFIG         

        CLASS   IDLOC          

        CLASS   EEDATA         

        CLASS   BANK3          

        CLASS   STACK          



SEGMENTS        Name                           Load    Length   Top    Selector   Space  Class     Delta

                reset_vec                      000000  00000E  00000E         0       0  CODE        2
                cstackBANK0                    000020  00002D  00004D        20       1  BANK0       1
                cstackCOMMON                   000070  000009  000079        70       1  COMMON      1
                clrtext                        00069E  000008  0006A6       D3C       0  CODE        2
                text2                          0006A6  000013  0006B9       D4C       0  CODE        2
                text1                          0006B9  000040  0006F9       D72       0  CODE        2
                text3                          0006F9  00004F  000748       DF2       0  CODE        2
                text5                          000748  000050  000798       E90       0  CODE        2
                text4                          000798  00005D  0007F5       F30       0  CODE        2
                cinit                          0007F5  00000B  000800       FEA       0  CODE        2


UNUSED ADDRESS RANGES

        Name                Unused          Largest block    Delta
        BANK0            004D-006F             23           1
        BANK1            00A0-00EF             50           1
        BANK2            0120-014F             30           1
        COMMON           0079-007D              5           1
        CONFIG           2007-2007              1           2
        EEDATA           2100-217F             80           2
        IDLOC            2000-2003              4           2
        RAM              004D-006F             23           1
                         00A0-00EF             50
                         0120-014F             30
        SFR0             0000-001F             20           1
        SFR1             0080-009F             20           1
        SFR2             0100-011F             20           1
        SFR3             0180-01EF             70           1

                                  Symbol Table

?___awdiv                cstackBANK0  0020
?___awmod                cstackBANK0  0020
?___lwdiv                cstackBANK0  0020
_ADCON1                  (abs)        0FC1
_CARRY                   (abs)        7EC0
_INTCON                  (abs)        0FF2
_PORTB                   (abs)        0F81
_PORTC                   (abs)        0F82
_PORTD                   (abs)        0F83
_PORTE                   (abs)        0F84
_RA0                     (abs)        7C00
_RA1                     (abs)        7C01
_RA2                     (abs)        7C02
_RA3                     (abs)        7C03
_RA4                     (abs)        7C04
_RB0                     (abs)        7C08
_RB1                     (abs)        7C09
_RB2                     (abs)        7C0A
_RB3                     (abs)        7C0B
_RC0                     (abs)        7C10
_RC1                     (abs)        7C11
_RC2                     (abs)        7C12
_RC3                     (abs)        7C13
_RC4                     (abs)        7C14
_RC5                     (abs)        7C15
_RC6                     (abs)        7C16
_RC7                     (abs)        7C17
_RCON                    (abs)        0FD0
_RD0                     (abs)        7C18
_RD1                     (abs)        7C19
_RD2                     (abs)        7C1A
_RD3                     (abs)        7C1B
_RD4                     (abs)        7C1C
_RD5                     (abs)        7C1D
_RD6                     (abs)        7C1E
_RD7                     (abs)        7C1F
_T0CON                   (abs)        0FD5
_T0IF                    (abs)        7F92
_TMR0                    (abs)        0FD6
_TRISA                   (abs)        0F92
_TRISB                   (abs)        0F93
_TRISC                   (abs)        0F94
_TRISD                   (abs)        0F95
_TRISE                   (abs)        0F96
__Habs1                  abs1         0000
__Hbank0                 bank0        0000
__Hbank1                 bank1        0000
__Hbank2                 bank2        0000
__Hbank3                 bank3        0000
__HbssBANK0              bssBANK0     1748
__HbssCOMMON             bssCOMMON    1748
__Hcinit                 cinit        0800
__Hclrtext               clrtext      0000
__Hcode                  code         0000
__Hcommon                common       0000
__Hconfig                config       0000
__HcstackBANK0           cstackBANK0  1748
__HcstackCOMMON          cstackCOMMON 1748
__Heeprom_data           eeprom_data  0000
__Hend_init              end_init     000E
__Hfunctab               functab      0000
__Hidloc                 idloc        0000
__Hinit                  init         000C
__Hintentry              intentry     000C
__Hmaintext              maintext     0000
__Hpowerup               powerup      0000
__Hram                   ram          0000
__Hreset_vec             reset_vec    0000
__Hsfr0                  sfr0         0000
__Hsfr1                  sfr1         0000
__Hsfr2                  sfr2         0000
__Hsfr3                  sfr3         0000
__Hspace_0               (abs)        1748
__Hspace_1               (abs)        0079
__Hspace_2               (abs)        0000
__Hspace_3               (abs)        0000
__Hstack                 stack        0000
__Hstrings               strings      0000
__Htext                  text         0000
__Labs1                  abs1         0000
__Lbank0                 bank0        0000
__Lbank1                 bank1        0000
__Lbank2                 bank2        0000
__Lbank3                 bank3        0000
__LbssBANK0              bssBANK0     1748
__LbssCOMMON             bssCOMMON    1748
__Lcinit                 cinit        07F5
__Lclrtext               clrtext      0000
__Lcode                  code         0000
__Lcommon                common       0000
__Lconfig                config       0000
__LcstackBANK0           cstackBANK0  1748
__LcstackCOMMON          cstackCOMMON 1748
__Leeprom_data           eeprom_data  0000
__Lend_init              end_init     000C
__Lfunctab               functab      0000
__Lidloc                 idloc        0000
__Linit                  init         000C
__Lintentry              intentry     0000
__Lmaintext              maintext     0000
__Lpowerup               powerup      0000
__Lram                   ram          0000
__Lreset_vec             reset_vec    0000
__Lsfr0                  sfr0         0000
__Lsfr1                  sfr1         0000
__Lsfr2                  sfr2         0000
__Lsfr3                  sfr3         0000
__Lspace_0               (abs)        0000
__Lspace_1               (abs)        0000
__Lspace_2               (abs)        0000
__Lspace_3               (abs)        0000
__Lstack                 stack        0000
__Lstrings               strings      0000
__Ltext                  text         0000
__S0                     (abs)        0800
__S1                     (abs)        0079
__S3                     (abs)        0000
___awdiv                 text4        0798
___awdiv@counter         cstackBANK0  0025
___awdiv@dividend        cstackBANK0  0022
___awdiv@divisor         cstackBANK0  0020
___awdiv@quotient        cstackBANK0  0027
___awdiv@sign            cstackBANK0  0026
___awmod                 text3        06F9
___awmod@counter         cstackBANK0  0025
___awmod@dividend        cstackBANK0  0022
___awmod@divisor         cstackBANK0  0020
___awmod@sign            cstackBANK0  0026
___bmul                  text2        06A6
___bmul@multiplicand     cstackBANK0  0020
___bmul@multiplier       cstackBANK0  0023
___bmul@product          cstackBANK0  0022
___int_sp                stack        0000
___latbits               (abs)        0000
___lwdiv                 text1        06B9
___lwdiv@counter         cstackBANK0  0025
___lwdiv@dividend        cstackBANK0  0022
___lwdiv@divisor         cstackBANK0  0020
___lwdiv@quotient        cstackBANK0  0026
___sp                    stack        0000
__end_of___awdiv         text4        07F5
__end_of___awmod         text3        0748
__end_of___bmul          text2        06B9
__end_of___lwdiv         text1        06F9
__end_of__initialization cinit        07FE
__end_of_main            maintext     0BA4
__end_of_tmr_int         text5        0798
__initialization         cinit        07F5
__on_time                bssCOMMON    0075
__pbssBANK0              bssBANK0     003E
__pbssCOMMON             bssCOMMON    0075
__pcstackBANK0           cstackBANK0  0020
__pcstackCOMMON          cstackCOMMON 0070
__pintentry              intentry     0000
__pmaintext              maintext     0000
__ptext0                 text0        0000
__ptext1                 text1        06B9
__ptext2                 text2        06A6
__ptext3                 text3        06F9
__ptext4                 text4        0798
__ptext5                 text5        0748
__size_of___awdiv        (abs)        0000
__size_of___awmod        (abs)        0000
__size_of___bmul         (abs)        0000
__size_of___lwdiv        (abs)        0000
__size_of_main           (abs)        0000
__size_of_tmr_int        (abs)        0000
_adr                     bssCOMMON    0076
_count                   bssCOMMON    0077
_hold                    bssBANK0     004C
_main                    maintext     0000
_on_time                 bssCOMMON    0078
_tmr_int                 text5        0748
_values                  bssBANK0     003E
btemp                    (abs)        007E
clear_ram0               clrtext      069E
end_of_initialization    cinit        07FE
interrupt_function       intentry     0000
intlevel0                functab      0000
intlevel1                functab      0000
intlevel2                functab      0000
intlevel3                functab      0000
intlevel4                functab      0000
intlevel5                functab      0000
ltemp                    (abs)        007E
ltemp0                   (abs)        007E
ltemp1                   (abs)        0082
ltemp2                   (abs)        0086
ltemp3                   (abs)        0080
main@R1                  cstackBANK0  002D
main@R2                  cstackBANK0  002C
main@bipomode            cstackBANK0  0030
main@bipopower           cstackBANK0  0037
main@cnt                 cstackBANK0  003B
main@coagmode            cstackBANK0  002F
main@coagpower           cstackBANK0  0031
main@cutmode             cstackBANK0  0036
main@cutpower            cstackBANK0  0032
main@debounce            cstackBANK0  003D
main@hundreds            cstackBANK0  0038
main@i                   cstackBANK0  003C
main@j                   cstackBANK0  0035
main@progno              cstackBANK0  002E
main@temp                cstackBANK0  0034
main@tens                cstackBANK0  003A
main@units               cstackBANK0  0039
reset_vec                reset_vec    0000
saved_w                  (abs)        007E
stackhi                  (abs)        0000
stacklo                  (abs)        0000
start                    init         000C
start_initialization     cinit        07F5
ttemp                    (abs)        007E
ttemp0                   (abs)        007E
ttemp1                   (abs)        0081
ttemp2                   (abs)        0084
ttemp3                   (abs)        0087
ttemp4                   (abs)        007F
wtemp                    (abs)        007E
wtemp0                   (abs)        007E
wtemp1                   (abs)        0080
wtemp2                   (abs)        0082
wtemp3                   (abs)        0084
wtemp4                   (abs)        0086
wtemp5                   (abs)        0088
wtemp6                   (abs)        007F
