Microchip MPLAB XC8 Compiler V1.12 ()

Linker command line:

--edf=C:\Program Files (x86)\Microchip\xc8\v1.12\dat\en_msgs.txt -cs \
  -h+NewMob.sym -z -Q16F870 -ol.obj -MNewMob.map -E1 -ver=XC8 \
  -ACONST=00h-0FFhx8 -ACODE=00h-07FFh -ASTRCODE=00h-07FFh \
  -AENTRY=00h-0FFhx8 -ASTRING=00h-0FFhx8 -ACOMMON=070h-07Fh \
  -ABANK0=020h-06Fh -ABANK1=0A0h-0BFh -ARAM=020h-06Fh,0A0h-0BFh \
  -AABS1=020h-07Fh,0A0h-0BFh -ASFR0=00h-01Fh -ASFR1=080h-09Fh \
  -ASFR2=0100h-016Fh -ASFR3=0180h-01EFh \
  -preset_vec=00h,intentry=04h,init,end_init -ppowerup=CODE -pfunctab=CODE \
  -ACONFIG=02007h-02007h -pconfig=CONFIG -DCONFIG=2 -AIDLOC=02000h-02003h \
  -pidloc=IDLOC -DIDLOC=2 -AEEDATA=00h-03Fh/02100h -peeprom_data=EEDATA \
  -DEEDATA=2 -DCODE=2 -DSTRCODE=2 -DSTRING=2 -DCONST=2 -DENTRY=2 -k \
  startup.obj NewMob.obj 

Object code version is 3.10

Machine type is 16F870



                Name                               Link     Load   Length Selector   Space Scale
startup.obj     end_init                             10       10        1        8       0
                reset_vec                             0        0        1        0       0
NewMob.obj      intentry                              4        4        C        8       0
                text262                             3DB      3DB       2E        8       0
                text261                             268      268      127        8       0
                text260                             499      499       1C      862       0
                text259                             4E4      4E4        C      862       0
                text258                             4B5      4B5       19      862       0
                text257                             455      455       24      862       0
                text256                             431      431       24      862       0
                text255                             4CE      4CE       16      862       0
                text254                             479      479       20      862       0
                text253                             38F      38F       4C        8       0
                maintext                             11       11      257        8       0
                cstackBANK0                          37       37        A       20       1
                cstackCOMMON                         70       70        C       70       1
                clrtext                             4F9      4F9        8      862       0
                bssBANK0                             20       20       17       20       1
                bssCOMMON                            7C       7C        2       70       1
                cinit                               4F0      4F0        9      862       0
                strings                             409      409       28      812       0

TOTAL           Name                               Link     Load   Length     Space
        CLASS   CONST          

        CLASS   CODE           
                end_init                             10       10        1         0
                intentry                              4        4        C         0
                reset_vec                             0        0        1         0
                text262                             3DB      3DB       2E         0
                text261                             268      268      127         0
                text260                             499      499       1C         0
                text259                             4E4      4E4        C         0
                text258                             4B5      4B5       19         0
                text257                             455      455       24         0
                text256                             431      431       24         0
                text255                             4CE      4CE       16         0
                text254                             479      479       20         0
                text253                             38F      38F       4C         0
                maintext                             11       11      257         0
                clrtext                             4F9      4F9        8         0
                cinit                               4F0      4F0        9         0

        CLASS   STRCODE        

        CLASS   ENTRY          

        CLASS   STRING         
                strings                             409      409       28         0

        CLASS   COMMON         
                cstackCOMMON                         70       70        C         1
                bssCOMMON                            7C       7C        2         1

        CLASS   BANK0          
                cstackBANK0                          37       37        A         1
                bssBANK0                             20       20       17         1

        CLASS   BANK1          

        CLASS   RAM            

        CLASS   ABS1           
                abs_s1                               7E       7E        2         1

        CLASS   SFR0           

        CLASS   SFR1           

        CLASS   SFR2           

        CLASS   SFR3           

        CLASS   CONFIG         

        CLASS   IDLOC          

        CLASS   EEDATA         

        CLASS   BANK3          

        CLASS   BANK2          



SEGMENTS        Name                           Load    Length   Top    Selector   Space  Class     Delta

                reset_vec                      000000  000001  000001         0       0  CODE        2
                intentry                       000004  000405  000409         8       0  CODE        2
                bssBANK0                       000020  000021  000041        20       1  BANK0       1
                cstackCOMMON                   000070  00000E  00007E        70       1  COMMON      1
                strings                        000409  000028  000431       812       0  STRING      2
                text256                        000431  0000D0  000501       862       0  CODE        2


UNUSED ADDRESS RANGES

        Name                Unused          Largest block    Delta
        BANK0            041-06F            2F           1
        BANK1            0A0-0BF            20           1
        CODE             001-003             3           2
                         501-7FF           2FF
        CONFIG           2007-2007             1           2
        CONST            001-003             3           2
                         501-7FF           100
        EEDATA           2100-213F            40           2
        ENTRY            001-003             3           2
                         501-7FF           100
        IDLOC            2000-2003             4           2
        RAM              041-06F            2F           1
                         0A0-0BF            20
        SFR0             000-01F            20           1
        SFR1             080-09F            20           1
        SFR2             100-16F            70           1
        SFR3             180-1EF            70           1
        STRCODE          001-003             3           2
                         501-7FF           2FF
        STRING           001-003             3           2
                         501-7FF           100

                                  Symbol Table

?_ATCommand                cstackBANK0  038
?_USARTInit                cstackBANK0  037
?_strcmp                   cstackCOMMON 070
ATCommand@str              cstackBANK0  038
USARTHandleRxInt@data      cstackCOMMON 077
USARTInit@baud_rate        cstackBANK0  037
USARTWriteChar@ch          cstackBANK0  037
USARTWritestring@str       cstackBANK0  039
_ADCON1                    (abs)        09F
_ATCommand                 text254      479
_CALL_FLAG                 bssBANK0     020
_CLIP_FLAG                 bssBANK0     021
_CUT_FLAG                  bssBANK0     022
_EEADR                     (abs)        10D
_EECON1bits                (abs)        18C
_EECON2                    (abs)        18D
_EEDATA                    (abs)        10C
_GIE                       (abs)        05F
_ISR                       text260      499
_LP_FLAG                   bssBANK0     023
_MOTOR_FLAG                bssBANK0     024
_NUMBER_FLAG               bssBANK0     025
_PEIE                      (abs)        05E
_PIR1bits                  (abs)        00C
_PLUSE_FLAG                bssCOMMON    07C
_RA5                       (abs)        02D
_RB7                       (abs)        037
_RC0                       (abs)        038
_RC1                       (abs)        039
_RC2                       (abs)        03A
_RC3                       (abs)        03B
_RC4                       (abs)        03C
_RCIE                      (abs)        465
_RCIF                      (abs)        065
_RCREG                     (abs)        01A
_RCSTAbits                 (abs)        018
_RING_COUNT                bssBANK0     026
_SPBRG                     (abs)        099
_TRISA                     (abs)        085
_TRISB                     (abs)        086
_TRISC                     (abs)        087
_TXREG                     (abs)        019
_TXSTAbits                 (abs)        098
_USARTHandleRxInt          text261      268
_USARTInit                 text253      38F
_USARTWriteChar            text259      4E4
_USARTWritestring          text258      4B5
_WRONG_NUMBER              bssBANK0     027
__Habs1                    abs1         000
__Hbank0                   bank0        000
__Hbank1                   bank1        000
__Hbank2                   bank2        000
__Hbank3                   bank3        000
__HbssBANK0                bssBANK0     000
__HbssCOMMON               bssCOMMON    000
__Hcinit                   cinit        000
__Hclrtext                 clrtext      000
__Hcode                    code         000
__Hcommon                  common       000
__Hconfig                  config       000
__HcstackBANK0             cstackBANK0  000
__HcstackCOMMON            cstackCOMMON 000
__Heeprom_data             eeprom_data  000
__Hend_init                end_init     011
__Hfunctab                 functab      000
__Hidloc                   idloc        000
__Hinit                    init         010
__Hintentry                intentry     010
__Hmaintext                maintext     000
__Hpowerup                 powerup      000
__Hram                     ram          000
__Hreset_vec               reset_vec    001
__Hsfr0                    sfr0         000
__Hsfr1                    sfr1         000
__Hsfr2                    sfr2         000
__Hsfr3                    sfr3         000
__Hstrings                 strings      000
__Htext                    text         000
__Labs1                    abs1         000
__Lbank0                   bank0        000
__Lbank1                   bank1        000
__Lbank2                   bank2        000
__Lbank3                   bank3        000
__LbssBANK0                bssBANK0     000
__LbssCOMMON               bssCOMMON    000
__Lcinit                   cinit        000
__Lclrtext                 clrtext      000
__Lcode                    code         000
__Lcommon                  common       000
__Lconfig                  config       000
__LcstackBANK0             cstackBANK0  000
__LcstackCOMMON            cstackCOMMON 000
__Leeprom_data             eeprom_data  000
__Lend_init                end_init     010
__Lfunctab                 functab      000
__Lidloc                   idloc        000
__Linit                    init         010
__Lintentry                intentry     004
__Lmaintext                maintext     000
__Lpowerup                 powerup      000
__Lram                     ram          000
__Lreset_vec               reset_vec    000
__Lsfr0                    sfr0         000
__Lsfr1                    sfr1         000
__Lsfr2                    sfr2         000
__Lsfr3                    sfr3         000
__Lstrings                 strings      000
__Ltext                    text         000
__S0                       (abs)        501
__S1                       (abs)        07E
__S2                       (abs)        000
__end_of_ATCommand         text254      499
__end_of_ISR               text260      4B5
__end_of_USARTHandleRxInt  text261      38F
__end_of_USARTInit         text253      3DB
__end_of_USARTWriteChar    text259      4F0
__end_of_USARTWritestring  text258      4CE
__end_of__initialization   cinit        4F7
__end_of__stringdata       strings      431
__end_of__stringtab        strings      419
__end_of_main              maintext     268
__end_of_phase_check       text255      4E4
__end_of_start             text256      455
__end_of_stop              text257      479
__end_of_strcmp            text262      409
__initialization           cinit        4F0
__pbssBANK0                bssBANK0     020
__pbssCOMMON               bssCOMMON    07C
__pcstackBANK0             cstackBANK0  037
__pcstackCOMMON            cstackCOMMON 070
__pintentry                intentry     004
__pmaintext                maintext     011
__pstrings                 strings      409
__ptext253                 text253      38F
__ptext254                 text254      479
__ptext255                 text255      4CE
__ptext256                 text256      431
__ptext257                 text257      455
__ptext258                 text258      4B5
__ptext259                 text259      4E4
__ptext260                 text260      499
__ptext261                 text261      268
__ptext262                 text262      3DB
__ptext263                 text263      000
__size_of_ATCommand        (abs)        000
__size_of_ISR              (abs)        000
__size_of_USARTHandleRxInt (abs)        000
__size_of_USARTInit        (abs)        000
__size_of_USARTWriteChar   (abs)        000
__size_of_USARTWritestring (abs)        000
__size_of_main             (abs)        000
__size_of_phase_check      (abs)        000
__size_of_start            (abs)        000
__size_of_stop             (abs)        000
__size_of_strcmp           (abs)        000
__stringdata               strings      419
__stringtab                strings      409
_buffer                    bssBANK0     028
_index                     bssCOMMON    07D
_main                      maintext     011
_phase_check               text255      4CE
_start                     text256      431
_stop                      text257      455
_strcmp                    text262      3DB
btemp                      (abs)        07E
clear_ram                  clrtext      4F9
end_of_initialization      cinit        4F7
interrupt_function         intentry     004
intlevel0                  functab      000
intlevel1                  functab      000
intlevel2                  functab      000
intlevel3                  functab      000
intlevel4                  functab      000
intlevel5                  functab      000
main@count                 cstackBANK0  040
main@i                     cstackBANK0  03F
main@seconds               cstackBANK0  03D
main@temp                  cstackBANK0  03E
reset_vec                  reset_vec    000
saved_w                    (abs)        07E
start                      init         010
start_initialization       cinit        4F0
strcmp@r                   cstackCOMMON 074
strcmp@s1                  cstackCOMMON 075
strcmp@s2                  cstackCOMMON 070
wtemp0                     (abs)        07E


FUNCTION INFORMATION:

 *************** function _main *****************
 Defined at:
		line 38 in file "C:\XC8 PROJECTS\New Mobile\NewMobile.c"
 Parameters:    Size  Location     Type
		None
 Auto vars:     Size  Location     Type
  i               1    8[BANK0 ] unsigned char 
  temp            1    7[BANK0 ] unsigned char 
  seconds         1    6[BANK0 ] unsigned char 
  count           1    9[BANK0 ] unsigned char 
 Return value:  Size  Location     Type
		None               void
 Registers used:
		wreg, fsr0l, fsr0h, fsr1l, fsr1h, status,2, status,0, btemp+1, pclath, cstack
 Tracked objects:
		On entry : 
		On exit  : 
		Unchanged: 
 Data sizes:     COMMON   BANK0   BANK1
      Params:         0       0       0
      Locals:         0       4       0
      Temps:          0       3       0
      Totals:         0       7       0
Total ram usage:        7 bytes
 Hardware stack levels required when called:    6
 This function calls:
		_USARTInit
		_ATCommand
		_phase_check
		_start
		_stop
		_USARTWritestring
 This function is called by:
		Startup code after reset
 This function uses a non-reentrant model


 *************** function _USARTInit *****************
 Defined at:
		line 467 in file "C:\XC8 PROJECTS\New Mobile\NewMobile.c"
 Parameters:    Size  Location     Type
  baud_rate       2    0[BANK0 ] unsigned int 
 Auto vars:     Size  Location     Type
		None
 Return value:  Size  Location     Type
		None               void
 Registers used:
		wreg, fsr0l, fsr0h, status,2, status,0
 Tracked objects:
		On entry : 
		On exit  : 
		Unchanged: 
 Data sizes:     COMMON   BANK0   BANK1
      Params:         0       2       0
      Locals:         0       0       0
      Temps:          0       0       0
      Totals:         0       2       0
Total ram usage:        2 bytes
 Hardware stack levels used:    1
 Hardware stack levels required when called:    4
 This function calls:
		Nothing
 This function is called by:
		_main
 This function uses a non-reentrant model


 *************** function _ATCommand *****************
 Defined at:
		line 447 in file "C:\XC8 PROJECTS\New Mobile\NewMobile.c"
 Parameters:    Size  Location     Type
  str             2    1[BANK0 ] PTR const unsigned char 
		 -> STR_8(4), STR_7(4), STR_5(4), STR_4(4), 
		 -> buffer(15), STR_2(4), STR_1(10), 
 Auto vars:     Size  Location     Type
		None
 Return value:  Size  Location     Type
		None               void
 Registers used:
		wreg, fsr0l, fsr0h, status,2, status,0, btemp+1, pclath, cstack
 Tracked objects:
		On entry : 
		On exit  : 
		Unchanged: 
 Data sizes:     COMMON   BANK0   BANK1
      Params:         0       2       0
      Locals:         0       0       0
      Temps:          0       0       0
      Totals:         0       2       0
Total ram usage:        2 bytes
 Hardware stack levels used:    1
 Hardware stack levels required when called:    5
 This function calls:
		_USARTWriteChar
 This function is called by:
		_main
 This function uses a non-reentrant model


 *************** function _phase_check *****************
 Defined at:
		line 530 in file "C:\XC8 PROJECTS\New Mobile\NewMobile.c"
 Parameters:    Size  Location     Type
		None
 Auto vars:     Size  Location     Type
		None
 Return value:  Size  Location     Type
                  1    wreg      unsigned char 
 Registers used:
		wreg
 Tracked objects:
		On entry : 
		On exit  : 
		Unchanged: 
 Data sizes:     COMMON   BANK0   BANK1
      Params:         0       0       0
      Locals:         0       0       0
      Temps:          0       0       0
      Totals:         0       0       0
Total ram usage:        0 bytes
 Hardware stack levels used:    1
 Hardware stack levels required when called:    4
 This function calls:
		Nothing
 This function is called by:
		_main
 This function uses a non-reentrant model


 *************** function _start *****************
 Defined at:
		line 506 in file "C:\XC8 PROJECTS\New Mobile\NewMobile.c"
 Parameters:    Size  Location     Type
		None
 Auto vars:     Size  Location     Type
		None
 Return value:  Size  Location     Type
		None               void
 Registers used:
		wreg
 Tracked objects:
		On entry : 
		On exit  : 
		Unchanged: 
 Data sizes:     COMMON   BANK0   BANK1
      Params:         0       0       0
      Locals:         0       0       0
      Temps:          0       3       0
      Totals:         0       3       0
Total ram usage:        3 bytes
 Hardware stack levels used:    1
 Hardware stack levels required when called:    4
 This function calls:
		Nothing
 This function is called by:
		_main
 This function uses a non-reentrant model


 *************** function _stop *****************
 Defined at:
		line 518 in file "C:\XC8 PROJECTS\New Mobile\NewMobile.c"
 Parameters:    Size  Location     Type
		None
 Auto vars:     Size  Location     Type
		None
 Return value:  Size  Location     Type
		None               void
 Registers used:
		wreg
 Tracked objects:
		On entry : 
		On exit  : 
		Unchanged: 
 Data sizes:     COMMON   BANK0   BANK1
      Params:         0       0       0
      Locals:         0       0       0
      Temps:          0       3       0
      Totals:         0       3       0
Total ram usage:        3 bytes
 Hardware stack levels used:    1
 Hardware stack levels required when called:    4
 This function calls:
		Nothing
 This function is called by:
		_main
 This function uses a non-reentrant model


 *************** function _USARTWritestring *****************
 Defined at:
		line 458 in file "C:\XC8 PROJECTS\New Mobile\NewMobile.c"
 Parameters:    Size  Location     Type
  str             1    wreg     PTR const unsigned char 
		 -> STR_6(4), STR_3(4), 
 Auto vars:     Size  Location     Type
  str             1    2[BANK0 ] PTR const unsigned char 
		 -> STR_6(4), STR_3(4), 
 Return value:  Size  Location     Type
		None               void
 Registers used:
		wreg, fsr0l, fsr0h, status,2, status,0, pclath, cstack
 Tracked objects:
		On entry : 
		On exit  : 
		Unchanged: 
 Data sizes:     COMMON   BANK0   BANK1
      Params:         0       0       0
      Locals:         0       1       0
      Temps:          0       1       0
      Totals:         0       2       0
Total ram usage:        2 bytes
 Hardware stack levels used:    1
 Hardware stack levels required when called:    5
 This function calls:
		_USARTWriteChar
 This function is called by:
		_main
 This function uses a non-reentrant model


 *************** function _USARTWriteChar *****************
 Defined at:
		line 440 in file "C:\XC8 PROJECTS\New Mobile\NewMobile.c"
 Parameters:    Size  Location     Type
  ch              1    wreg     unsigned char 
 Auto vars:     Size  Location     Type
  ch              1    0[BANK0 ] unsigned char 
 Return value:  Size  Location     Type
		None               void
 Registers used:
		wreg
 Tracked objects:
		On entry : 
		On exit  : 
		Unchanged: 
 Data sizes:     COMMON   BANK0   BANK1
      Params:         0       0       0
      Locals:         0       1       0
      Temps:          0       0       0
      Totals:         0       1       0
Total ram usage:        1 bytes
 Hardware stack levels used:    1
 Hardware stack levels required when called:    4
 This function calls:
		Nothing
 This function is called by:
		_ATCommand
		_USARTWritestring
 This function uses a non-reentrant model


 *************** function _ISR *****************
 Defined at:
		line 258 in file "C:\XC8 PROJECTS\New Mobile\NewMobile.c"
 Parameters:    Size  Location     Type
		None
 Auto vars:     Size  Location     Type
		None
 Return value:  Size  Location     Type
		None               void
 Registers used:
		wreg, fsr0l, fsr0h, status,2, status,0, pclath, cstack
 Tracked objects:
		On entry : 
		On exit  : 
		Unchanged: 
 Data sizes:     COMMON   BANK0   BANK1
      Params:         0       0       0
      Locals:         0       0       0
      Temps:          4       0       0
      Totals:         4       0       0
Total ram usage:        4 bytes
 Hardware stack levels used:    1
 Hardware stack levels required when called:    3
 This function calls:
		_USARTHandleRxInt
 This function is called by:
		Interrupt level 1
 This function uses a non-reentrant model


 *************** function _USARTHandleRxInt *****************
 Defined at:
		line 266 in file "C:\XC8 PROJECTS\New Mobile\NewMobile.c"
 Parameters:    Size  Location     Type
		None
 Auto vars:     Size  Location     Type
  data            1    7[COMMON] unsigned char 
 Return value:  Size  Location     Type
		None               void
 Registers used:
		wreg, fsr0l, fsr0h, status,2, status,0, pclath, cstack
 Tracked objects:
		On entry : 
		On exit  : 
		Unchanged: 
 Data sizes:     COMMON   BANK0   BANK1
      Params:         0       0       0
      Locals:         1       0       0
      Temps:          1       0       0
      Totals:         2       0       0
Total ram usage:        2 bytes
 Hardware stack levels used:    1
 Hardware stack levels required when called:    2
 This function calls:
		_strcmp
 This function is called by:
		_ISR
 This function uses a non-reentrant model


 *************** function _strcmp *****************
 Defined at:
		line 34 in file "C:\Program Files (x86)\Microchip\xc8\v1.12\sources\strcmp.c"
 Parameters:    Size  Location     Type
  s1              1    wreg     PTR const unsigned char 
		 -> buffer(15), 
  s2              1    0[COMMON] PTR const unsigned char 
		 -> STR_9(6), 
 Auto vars:     Size  Location     Type
  s1              1    5[COMMON] PTR const unsigned char 
		 -> buffer(15), 
  r               1    4[COMMON] char 
 Return value:  Size  Location     Type
                  2    0[COMMON] int 
 Registers used:
		wreg, fsr0l, fsr0h, status,2, status,0, pclath
 Tracked objects:
		On entry : 
		On exit  : 
		Unchanged: 
 Data sizes:     COMMON   BANK0   BANK1
      Params:         2       0       0
      Locals:         2       0       0
      Temps:          2       0       0
      Totals:         6       0       0
Total ram usage:        6 bytes
 Hardware stack levels used:    2
 This function calls:
		Nothing
 This function is called by:
		_USARTHandleRxInt
 This function uses a non-reentrant model



MODULE INFORMATION

Module		Function		Class		Link	Load	Size
C:\XC8 PROJECTS\New Mobile\NewMobile.c
		_ISR           		CODE           	0499	0000	28
		_stop          		CODE           	0455	0000	36
		_main          		CODE           	0011	0000	599
		_USARTWritestri		CODE           	04B5	0000	25
		_USARTWriteChar		CODE           	04E4	0000	12
		_USARTHandleRxI		CODE           	0268	0000	295
		_start         		CODE           	0431	0000	36
		_phase_check   		CODE           	04CE	0000	22
		_USARTInit     		CODE           	038F	0000	76
		_ATCommand     		CODE           	0479	0000	32

C:\XC8 PROJECTS\New Mobile\NewMobile.c estimated size: 1161

C:\Program Files (x86)\Microchip\xc8\v1.12\sources\strcmp.c
		_strcmp        		CODE           	03DB	0000	46

C:\Program Files (x86)\Microchip\xc8\v1.12\sources\strcmp.c estimated size: 46

shared
		__stringtab    		STRING         	0409	0000	16
		__stringdata   		STRING         	0419	0000	24
		__initializatio		CODE           	04F0	0000	7

shared estimated size: 47

