Microchip MPLAB XC8 Compiler V1.33 ()

Linker command line:

--edf=C:\Program Files (x86)\Microchip\xc8\v1.33\dat\en_msgs.txt -cs \
  -h+LCD870.sym --cmf=LCD870.cmf -z -Q16F870 \
  -oC:\Users\AMIEian\AppData\Local\Temp\s5ug.6 -MLCD870.map -E1 -ver=XC8 \
  -ASTACK=04Ah-06fh -pstack=STACK -ACONST=00h-0FFhx8 -ACODE=00h-07FFh \
  -ASTRCODE=00h-07FFh -AENTRY=00h-0FFhx8 -ASTRING=00h-0FFhx8 \
  -ACOMMON=070h-07Fh -ABANK0=020h-06Fh -ABANK1=0A0h-0BFh \
  -ARAM=020h-06Fh,0A0h-0BFh -AABS1=020h-07Fh,0A0h-0BFh -ASFR0=00h-01Fh \
  -ASFR1=080h-09Fh -ASFR2=0100h-016Fh -ASFR3=0180h-01EFh \
  -preset_vec=00h,intentry,init,end_init -ppowerup=CODE -pcinit=CODE \
  -pfunctab=CODE -ACONFIG=02007h-02007h -pconfig=CONFIG -DCONFIG=2 \
  -AIDLOC=02000h-02003h -pidloc=IDLOC -DIDLOC=2 -AEEDATA=00h-03Fh/02100h \
  -peeprom_data=EEDATA -DEEDATA=2 -DCODE=2 -DSTRCODE=2 -DSTRING=2 -DCONST=2 \
  -DENTRY=2 -k startup.obj LCD870.obj 

Object code version is 3.11

Machine type is 16F870



                Name                               Link     Load   Length Selector   Space Scale
startup.obj     end_init                              0        0        1        0       0
LCD870.obj      cinit                               7D9      7D9       27      FB2       0
                text9                               593      593       4D      B26       0
                text8                               50C      50C       3E      A18       0
                swtext1                              1A       1A        4       34       0
                text7                               4B3      4B3       21      966       0
                text6                               54A      54A       49      A94       0
                text5                               62D      62D       5B      C5A       0
                text4                               5E0      5E0       4D      BC0       0
                text3                               688      688       A3      D10       0
                text2                               4D4      4D4       38      9A8       0
                text1                               49B      49B       18      936       0
                maintext                            72B      72B       AE      E56       0
                cstackBANK0                          20       20       15       20       1
                cstackCOMMON                         70       70        E       70       1
                dataBANK0                            35       35       10       20       1
                bssBANK0                             45       45        5       20       1
                strings                               1        1       19        2       0
                idataBANK0                          48B      48B       10      916       0

TOTAL           Name                               Link     Load   Length     Space
        CLASS   STACK          

        CLASS   CONST          
                swtext1                              1A       1A        4         0

        CLASS   CODE           
                end_init                              0        0        1         0
                cinit                               7D9      7D9       27         0
                text9                               593      593       4D         0
                text8                               50C      50C       3E         0
                text7                               4B3      4B3       21         0
                text6                               54A      54A       49         0
                text5                               62D      62D       5B         0
                text4                               5E0      5E0       4D         0
                text3                               688      688       A3         0
                text2                               4D4      4D4       38         0
                text1                               49B      49B       18         0
                maintext                            72B      72B       AE         0
                idataBANK0                          48B      48B       10         0

        CLASS   STRCODE        

        CLASS   ENTRY          

        CLASS   STRING         
                strings                               1        1       19         0

        CLASS   COMMON         
                cstackCOMMON                         70       70        E         1

        CLASS   BANK0          
                cstackBANK0                          20       20       15         1
                dataBANK0                            35       35       10         1
                bssBANK0                             45       45        5         1

        CLASS   BANK1          

        CLASS   RAM            

        CLASS   ABS1           
                abs_s1                               7E       7E        2         1

        CLASS   SFR0           

        CLASS   SFR1           

        CLASS   SFR2           

        CLASS   SFR3           

        CLASS   CONFIG         

        CLASS   IDLOC          

        CLASS   EEDATA         

        CLASS   BANK3          

        CLASS   BANK2          



SEGMENTS        Name                           Load    Length   Top    Selector   Space  Class     Delta

                reset_vec                      000000  000001  000001         0       0  CODE        2
                strings                        000001  000019  00001A         2       0  STRING      2
                cstackBANK0                    000020  00002A  00004A        20       1  BANK0       1
                swtext1                        00001A  000004  00001E        34       0  CONST       2
                cstackCOMMON                   000070  00000E  00007E        70       1  COMMON      1
                idataBANK0                     00048B  000010  00049B       916       0  CODE        2
                text1                          00049B  000018  0004B3       936       0  CODE        2
                text7                          0004B3  000021  0004D4       966       0  CODE        2
                text2                          0004D4  000038  00050C       9A8       0  CODE        2
                text8                          00050C  00003E  00054A       A18       0  CODE        2
                text6                          00054A  000049  000593       A94       0  CODE        2
                text9                          000593  00004D  0005E0       B26       0  CODE        2
                text4                          0005E0  00004D  00062D       BC0       0  CODE        2
                text5                          00062D  00005B  000688       C5A       0  CODE        2
                text3                          000688  0000A3  00072B       D10       0  CODE        2
                maintext                       00072B  0000AE  0007D9       E56       0  CODE        2
                cinit                          0007D9  000027  000800       FB2       0  CODE        2


UNUSED ADDRESS RANGES

        Name                Unused          Largest block    Delta
        BANK0            004A-006F             26           1
        BANK1            00A0-00BF             20           1
        CODE             001E-048A            46D           2
        CONFIG           2007-2007              1           2
        CONST            001E-048A            100           2
        EEDATA           2100-213F             40           2
        ENTRY            001E-048A            100           2
        IDLOC            2000-2003              4           2
        RAM              004A-006F             26           1
                         00A0-00BF             20
        SFR0             0000-001F             20           1
        SFR1             0080-009F             20           1
        SFR2             0100-016F             70           1
        SFR3             0180-01EF             70           1
        STACK            004A-006F             26           1
        STRCODE          001E-048A            46D           2
        STRING           001E-048A            100           2

                                  Symbol Table

?___awdiv                cstackCOMMON 0070
?___awmod                cstackCOMMON 0070
LCDBusyLoop@busy         cstackCOMMON 0072
LCDBusyLoop@status       cstackCOMMON 0074
LCDBusyLoop@temp         cstackCOMMON 0073
LCDByte@c                cstackCOMMON 007A
LCDByte@hn               cstackCOMMON 0078
LCDByte@isdata           cstackCOMMON 0075
LCDByte@ln               cstackCOMMON 0079
LCDByte@temp             cstackCOMMON 007B
LCDGotoXY@x              cstackBANK0  0020
LCDGotoXY@y              cstackCOMMON 007C
LCDInit@__i              cstackBANK0  0021
LCDInit@style            cstackBANK0  0020
LCDWriteInt@F784         bssBANK0     0045
LCDWriteInt@field_length cstackBANK0  0022
LCDWriteInt@i            cstackBANK0  002A
LCDWriteInt@j            cstackBANK0  0028
LCDWriteInt@str          cstackBANK0  0023
LCDWriteInt@val          cstackBANK0  0020
LCDWriteString@cc        cstackBANK0  0020
LCDWriteString@msg       cstackBANK0  0021
My_Delay@Count           cstackCOMMON 0072
My_Delay@sec             cstackCOMMON 0071
_LCDBusyLoop             text9        0593
_LCDByte                 text8        050C
_LCDGotoXY               text7        04B3
_LCDInit                 text6        054A
_LCDWriteInt             text3        0688
_LCDWriteString          text2        04D4
_My_Delay                text1        049B
_PORTC                   (abs)        0007
_RC4                     (abs)        003C
_RC5                     (abs)        003D
_RC6                     (abs)        003E
_RC7                     (abs)        003F
_T1CON                   (abs)        0010
_TMR1IF                  (abs)        0060
_TRISB                   (abs)        0086
_TRISC                   (abs)        0087
_TRISCbits               (abs)        0087
__Habs1                  abs1         0000
__Hbank0                 bank0        0000
__Hbank1                 bank1        0000
__Hbank2                 bank2        0000
__Hbank3                 bank3        0000
__HbssBANK0              bssBANK0     0000
__Hcinit                 cinit        0800
__Hclrtext               clrtext      0000
__Hcode                  code         0000
__Hcommon                common       0000
__Hconfig                config       0000
__HcstackBANK0           cstackBANK0  0000
__HcstackCOMMON          cstackCOMMON 0000
__HdataBANK0             dataBANK0    0000
__Heeprom_data           eeprom_data  0000
__Hend_init              end_init     0001
__Hfunctab               functab      0000
__HidataBANK0            idataBANK0   0000
__Hidloc                 idloc        0000
__Hinit                  init         0000
__Hintentry              intentry     0000
__Hmaintext              maintext     0000
__Hpowerup               powerup      0000
__Hram                   ram          0000
__Hreset_vec             reset_vec    0000
__Hsfr0                  sfr0         0000
__Hsfr1                  sfr1         0000
__Hsfr2                  sfr2         0000
__Hsfr3                  sfr3         0000
__Hspace_0               (abs)        0800
__Hspace_1               (abs)        007E
__Hspace_2               (abs)        0000
__Hspace_3               (abs)        0000
__Hstack                 stack        0000
__Hstrings               strings      0000
__Htext                  text         0000
__Labs1                  abs1         0000
__Lbank0                 bank0        0000
__Lbank1                 bank1        0000
__Lbank2                 bank2        0000
__Lbank3                 bank3        0000
__LbssBANK0              bssBANK0     0000
__Lcinit                 cinit        07D9
__Lclrtext               clrtext      0000
__Lcode                  code         0000
__Lcommon                common       0000
__Lconfig                config       0000
__LcstackBANK0           cstackBANK0  0000
__LcstackCOMMON          cstackCOMMON 0000
__LdataBANK0             dataBANK0    0000
__Leeprom_data           eeprom_data  0000
__Lend_init              end_init     0000
__Lfunctab               functab      0000
__LidataBANK0            idataBANK0   0000
__Lidloc                 idloc        0000
__Linit                  init         0000
__Lintentry              intentry     0000
__Lmaintext              maintext     0000
__Lpowerup               powerup      0000
__Lram                   ram          0000
__Lreset_vec             reset_vec    0000
__Lsfr0                  sfr0         0000
__Lsfr1                  sfr1         0000
__Lsfr2                  sfr2         0000
__Lsfr3                  sfr3         0000
__Lspace_0               (abs)        0000
__Lspace_1               (abs)        0000
__Lspace_2               (abs)        0000
__Lspace_3               (abs)        0000
__Lstack                 stack        0000
__Lstrings               strings      0000
__Ltext                  text         0000
__S0                     (abs)        0800
__S1                     (abs)        007E
__S2                     (abs)        0000
__S3                     (abs)        0000
___awdiv                 text5        062D
___awdiv@counter         cstackCOMMON 0075
___awdiv@dividend        cstackCOMMON 0072
___awdiv@divisor         cstackCOMMON 0070
___awdiv@quotient        cstackCOMMON 0077
___awdiv@sign            cstackCOMMON 0076
___awmod                 text4        05E0
___awmod@counter         cstackCOMMON 0075
___awmod@dividend        cstackCOMMON 0072
___awmod@divisor         cstackCOMMON 0070
___awmod@sign            cstackCOMMON 0076
___cgram                 dataBANK0    0035
___int_sp                stack        0000
___latbits               (abs)        0000
___sp                    stack        0000
__end_of_LCDBusyLoop     text9        05E0
__end_of_LCDByte         text8        054A
__end_of_LCDGotoXY       text7        04D4
__end_of_LCDInit         text6        0593
__end_of_LCDWriteInt     text3        072B
__end_of_LCDWriteString  text2        050C
__end_of_My_Delay        text1        04B3
__end_of___awdiv         text5        0688
__end_of___awmod         text4        062D
__end_of__initialization cinit        07FE
__end_of__stringdata     strings      001A
__end_of__stringtab      strings      0007
__end_of_main            maintext     07D9
__initialization         cinit        07D9
__pbssBANK0              bssBANK0     0045
__pcstackBANK0           cstackBANK0  0020
__pcstackCOMMON          cstackCOMMON 0070
__pdataBANK0             dataBANK0    0035
__pidataBANK0            idataBANK0   048B
__pmaintext              maintext     072B
__pstrings               strings      0001
__pswtext1               swtext1      001A
__ptext1                 text1        049B
__ptext2                 text2        04D4
__ptext3                 text3        0688
__ptext4                 text4        05E0
__ptext5                 text5        062D
__ptext6                 text6        054A
__ptext7                 text7        04B3
__ptext8                 text8        050C
__ptext9                 text9        0593
__size_of_LCDBusyLoop    (abs)        0000
__size_of_LCDByte        (abs)        0000
__size_of_LCDGotoXY      (abs)        0000
__size_of_LCDInit        (abs)        0000
__size_of_LCDWriteInt    (abs)        0000
__size_of_LCDWriteString (abs)        0000
__size_of_My_Delay       (abs)        0000
__size_of___awdiv        (abs)        0000
__size_of___awmod        (abs)        0000
__size_of_main           (abs)        0000
__stringbase             strings      0006
__stringdata             strings      0007
__stringtab              strings      0001
_main                    maintext     072B
btemp                    (abs)        007E
end_of_initialization    cinit        07FE
intlevel0                functab      0000
intlevel1                functab      0000
intlevel2                functab      0000
intlevel3                functab      0000
intlevel4                functab      0000
intlevel5                functab      0000
ltemp                    (abs)        007E
ltemp0                   (abs)        007E
ltemp1                   (abs)        0082
ltemp2                   (abs)        0086
ltemp3                   (abs)        0080
main@count               cstackBANK0  002D
main@hrs                 cstackBANK0  0033
main@mins                cstackBANK0  0031
main@secs                cstackBANK0  002F
reset_vec                reset_vec    0000
stackhi                  (abs)        0000
stacklo                  (abs)        0000
start                    init         0000
start_initialization     cinit        07D9
ttemp                    (abs)        007E
ttemp0                   (abs)        007E
ttemp1                   (abs)        0081
ttemp2                   (abs)        0084
ttemp3                   (abs)        0087
ttemp4                   (abs)        007F
wtemp                    (abs)        007E
wtemp0                   (abs)        007E
wtemp1                   (abs)        0080
wtemp2                   (abs)        0082
wtemp3                   (abs)        0084
wtemp4                   (abs)        0086
wtemp5                   (abs)        0088
wtemp6                   (abs)        007F


FUNCTION INFORMATION:

 *************** function _main *****************
 Defined at:
		line 60 in file "E:\Study Material\XC8 PROJECTS\LCD Test\LCDTest.c"
 Parameters:    Size  Location     Type
		None
 Auto vars:     Size  Location     Type
  hrs             2   19[BANK0 ] int 
  mins            2   17[BANK0 ] int 
  secs            2   15[BANK0 ] int 
  count           2   13[BANK0 ] int 
 Return value:  Size  Location     Type
		None               void
 Registers used:
		wreg, fsr0l, fsr0h, status,2, status,0, btemp+1, pclath, cstack
 Tracked objects:
		On entry : 
		On exit  : 
		Unchanged: 
 Data sizes:     COMMON   BANK0   BANK1
      Params:         0       0       0
      Locals:         0       8       0
      Temps:          0       1       0
      Totals:         0       9       0
Total ram usage:        9 bytes
 Hardware stack levels required when called:    3
 This function calls:
		_LCDByte
		_LCDGotoXY
		_LCDInit
		_LCDWriteInt
		_LCDWriteString
		_My_Delay
 This function is called by:
		Startup code after reset
 This function uses a non-reentrant model


 *************** function _My_Delay *****************
 Defined at:
		line 33 in file "E:\Study Material\XC8 PROJECTS\LCD Test\LCDTest.c"
 Parameters:    Size  Location     Type
  sec             1    wreg     unsigned char 
 Auto vars:     Size  Location     Type
  sec             1    1[COMMON] unsigned char 
  Count           1    2[COMMON] unsigned char 
 Return value:  Size  Location     Type
		None               void
 Registers used:
		wreg, status,2, status,0
 Tracked objects:
		On entry : 
		On exit  : 
		Unchanged: 
 Data sizes:     COMMON   BANK0   BANK1
      Params:         0       0       0
      Locals:         2       0       0
      Temps:          1       0       0
      Totals:         3       0       0
Total ram usage:        3 bytes
 Hardware stack levels used:    1
 This function calls:
		Nothing
 This function is called by:
		_main
 This function uses a non-reentrant model


 *************** function _LCDWriteString *****************
 Defined at:
		line 253 in file "E:\Study Material\XC8 PROJECTS\LCD Test\lcd_hd44780_pic16.c"
 Parameters:    Size  Location     Type
  msg             1    wreg     PTR const unsigned char 
		 -> STR_6(2), STR_5(2), STR_4(17), STR_3(2), 
		 -> STR_2(2), STR_1(17), 
 Auto vars:     Size  Location     Type
  msg             1    1[BANK0 ] PTR const unsigned char 
		 -> STR_6(2), STR_5(2), STR_4(17), STR_3(2), 
		 -> STR_2(2), STR_1(17), 
  cc              1    0[BANK0 ] char 
 Return value:  Size  Location     Type
		None               void
 Registers used:
		wreg, fsr0l, fsr0h, status,2, status,0, pclath, cstack
 Tracked objects:
		On entry : 
		On exit  : 
		Unchanged: 
 Data sizes:     COMMON   BANK0   BANK1
      Params:         0       0       0
      Locals:         0       2       0
      Temps:          1       0       0
      Totals:         1       2       0
Total ram usage:        3 bytes
 Hardware stack levels used:    1
 Hardware stack levels required when called:    2
 This function calls:
		_LCDByte
 This function is called by:
		_main
 This function uses a non-reentrant model


 *************** function _LCDWriteInt *****************
 Defined at:
		line 309 in file "E:\Study Material\XC8 PROJECTS\LCD Test\lcd_hd44780_pic16.c"
 Parameters:    Size  Location     Type
  val             2    0[BANK0 ] int 
  field_length    1    2[BANK0 ] char 
 Auto vars:     Size  Location     Type
  str             5    3[BANK0 ] unsigned char [5]
  i               2   10[BANK0 ] int 
  j               2    8[BANK0 ] int 
 Return value:  Size  Location     Type
		None               void
 Registers used:
		wreg, fsr0l, fsr0h, status,2, status,0, btemp+1, pclath, cstack
 Tracked objects:
		On entry : 
		On exit  : 
		Unchanged: 
 Data sizes:     COMMON   BANK0   BANK1
      Params:         0       3       0
      Locals:         0       9       0
      Temps:          2       0       0
      Totals:         2      12       0
Total ram usage:       14 bytes
 Hardware stack levels used:    1
 Hardware stack levels required when called:    2
 This function calls:
		_LCDByte
		___awdiv
		___awmod
 This function is called by:
		_main
 This function uses a non-reentrant model


 *************** function ___awmod *****************
 Defined at:
		line 6 in file "C:\Program Files (x86)\Microchip\xc8\v1.33\sources\common\awmod.c"
 Parameters:    Size  Location     Type
  divisor         2    0[COMMON] int 
  dividend        2    2[COMMON] int 
 Auto vars:     Size  Location     Type
  sign            1    6[COMMON] unsigned char 
  counter         1    5[COMMON] unsigned char 
 Return value:  Size  Location     Type
                  2    0[COMMON] int 
 Registers used:
		wreg, status,2, status,0
 Tracked objects:
		On entry : 
		On exit  : 
		Unchanged: 
 Data sizes:     COMMON   BANK0   BANK1
      Params:         4       0       0
      Locals:         2       0       0
      Temps:          1       0       0
      Totals:         7       0       0
Total ram usage:        7 bytes
 Hardware stack levels used:    1
 This function calls:
		Nothing
 This function is called by:
		_LCDWriteInt
 This function uses a non-reentrant model


 *************** function ___awdiv *****************
 Defined at:
		line 6 in file "C:\Program Files (x86)\Microchip\xc8\v1.33\sources\common\awdiv.c"
 Parameters:    Size  Location     Type
  divisor         2    0[COMMON] int 
  dividend        2    2[COMMON] int 
 Auto vars:     Size  Location     Type
  quotient        2    7[COMMON] int 
  sign            1    6[COMMON] unsigned char 
  counter         1    5[COMMON] unsigned char 
 Return value:  Size  Location     Type
                  2    0[COMMON] int 
 Registers used:
		wreg, status,2, status,0
 Tracked objects:
		On entry : 
		On exit  : 
		Unchanged: 
 Data sizes:     COMMON   BANK0   BANK1
      Params:         4       0       0
      Locals:         4       0       0
      Temps:          1       0       0
      Totals:         9       0       0
Total ram usage:        9 bytes
 Hardware stack levels used:    1
 This function calls:
		Nothing
 This function is called by:
		_LCDWriteInt
 This function uses a non-reentrant model


 *************** function _LCDInit *****************
 Defined at:
		line 195 in file "E:\Study Material\XC8 PROJECTS\LCD Test\lcd_hd44780_pic16.c"
 Parameters:    Size  Location     Type
  style           1    wreg     unsigned char 
 Auto vars:     Size  Location     Type
  style           1    0[BANK0 ] unsigned char 
  __i             1    1[BANK0 ] unsigned char 
 Return value:  Size  Location     Type
		None               void
 Registers used:
		wreg, fsr0l, fsr0h, status,2, status,0, pclath, cstack
 Tracked objects:
		On entry : 
		On exit  : 
		Unchanged: 
 Data sizes:     COMMON   BANK0   BANK1
      Params:         0       0       0
      Locals:         0       2       0
      Temps:          2       0       0
      Totals:         2       2       0
Total ram usage:        4 bytes
 Hardware stack levels used:    1
 Hardware stack levels required when called:    2
 This function calls:
		_LCDBusyLoop
		_LCDByte
 This function is called by:
		_main
 This function uses a non-reentrant model


 *************** function _LCDGotoXY *****************
 Defined at:
		line 354 in file "E:\Study Material\XC8 PROJECTS\LCD Test\lcd_hd44780_pic16.c"
 Parameters:    Size  Location     Type
  x               1    wreg     unsigned char 
  y               1   12[COMMON] unsigned char 
 Auto vars:     Size  Location     Type
  x               1    0[BANK0 ] unsigned char 
 Return value:  Size  Location     Type
		None               void
 Registers used:
		wreg, fsr0l, fsr0h, status,2, status,0, pclath, cstack
 Tracked objects:
		On entry : 
		On exit  : 
		Unchanged: 
 Data sizes:     COMMON   BANK0   BANK1
      Params:         1       0       0
      Locals:         0       1       0
      Temps:          1       0       0
      Totals:         2       1       0
Total ram usage:        3 bytes
 Hardware stack levels used:    1
 Hardware stack levels required when called:    2
 This function calls:
		_LCDByte
 This function is called by:
		_main
 This function uses a non-reentrant model


 *************** function _LCDByte *****************
 Defined at:
		line 82 in file "E:\Study Material\XC8 PROJECTS\LCD Test\lcd_hd44780_pic16.c"
 Parameters:    Size  Location     Type
  c               1    wreg     unsigned char 
  isdata          1    5[COMMON] unsigned char 
 Auto vars:     Size  Location     Type
  c               1   10[COMMON] unsigned char 
  temp            1   11[COMMON] unsigned char 
  ln              1    9[COMMON] unsigned char 
  hn              1    8[COMMON] unsigned char 
 Return value:  Size  Location     Type
		None               void
 Registers used:
		wreg, status,2, status,0, pclath, cstack
 Tracked objects:
		On entry : 
		On exit  : 
		Unchanged: 
 Data sizes:     COMMON   BANK0   BANK1
      Params:         1       0       0
      Locals:         4       0       0
      Temps:          2       0       0
      Totals:         7       0       0
Total ram usage:        7 bytes
 Hardware stack levels used:    1
 Hardware stack levels required when called:    1
 This function calls:
		_LCDBusyLoop
 This function is called by:
		_LCDInit
		_LCDWriteString
		_LCDWriteInt
		_LCDGotoXY
		_main
 This function uses a non-reentrant model


 *************** function _LCDBusyLoop *****************
 Defined at:
		line 137 in file "E:\Study Material\XC8 PROJECTS\LCD Test\lcd_hd44780_pic16.c"
 Parameters:    Size  Location     Type
		None
 Auto vars:     Size  Location     Type
  status          1    4[COMMON] unsigned char 
  temp            1    3[COMMON] unsigned char 
  busy            1    2[COMMON] unsigned char 
 Return value:  Size  Location     Type
		None               void
 Registers used:
		wreg, status,2, status,0
 Tracked objects:
		On entry : 
		On exit  : 
		Unchanged: 
 Data sizes:     COMMON   BANK0   BANK1
      Params:         0       0       0
      Locals:         3       0       0
      Temps:          2       0       0
      Totals:         5       0       0
Total ram usage:        5 bytes
 Hardware stack levels used:    1
 This function calls:
		Nothing
 This function is called by:
		_LCDByte
		_LCDInit
 This function uses a non-reentrant model



MODULE INFORMATION

Module		Function		Class		Link	Load	Size
E:\Study Material\XC8 PROJECTS\LCD Test\lcd_hd44780_pic16.c
		_LCDByte       		CODE           	050C	0000	62
		_LCDWriteInt   		CODE           	0688	0000	163
		_LCDInit       		CODE           	054A	0000	73
		_LCDWriteString		CODE           	04D4	0000	56
		_LCDGotoXY     		CODE           	04B3	0000	33
		_LCDBusyLoop   		CODE           	0593	0000	77

E:\Study Material\XC8 PROJECTS\LCD Test\lcd_hd44780_pic16.c estimated size: 464

C:\Program Files (x86)\Microchip\xc8\v1.33\sources\common\awmod.c
		___awmod       		CODE           	05E0	0000	77

C:\Program Files (x86)\Microchip\xc8\v1.33\sources\common\awmod.c estimated size: 77

C:\Program Files (x86)\Microchip\xc8\v1.33\sources\common\awdiv.c
		___awdiv       		CODE           	062D	0000	91

C:\Program Files (x86)\Microchip\xc8\v1.33\sources\common\awdiv.c estimated size: 91

shared
		__stringtab    		STRING         	0001	0000	6
		__stringdata   		STRING         	0007	0000	19
		__initializatio		CODE           	07D9	0000	37

shared estimated size: 62

E:\Study Material\XC8 PROJECTS\LCD Test\LCDTest.c
		_main          		CODE           	072B	0000	174
		_My_Delay      		CODE           	049B	0000	24

E:\Study Material\XC8 PROJECTS\LCD Test\LCDTest.c estimated size: 198

