Microchip MPLAB XC8 Compiler V1.33 ()

Linker command line:

--edf=C:\Program Files (x86)\Microchip\xc8\v1.33\dat\en_msgs.txt -cs \
  -h+Scrolling.sym --cmf=Scrolling.cmf -z -Q18F452 \
  -oC:\Users\AMIEian\AppData\Local\Temp\s3os.6 -MScrolling.map -E1 -ver=XC8 \
  -ASTACK=0D0h-05ffh -pstack=STACK -ACODE=00h-03FFFhx2 -ACONST=00h-07FFFh \
  -ASMALLCONST=0600h-06FFhx122 -AMEDIUMCONST=0600h-07FFFh -ACOMRAM=01h-07Fh \
  -AABS1=00h-05FFh -ABIGRAM=01h-05FFh -ARAM=080h-0FFh,0100h-01FFhx5 \
  -ABANK0=080h-0FFh -ABANK1=0100h-01FFh -ABANK2=0200h-02FFh \
  -ABANK3=0300h-03FFh -ABANK4=0400h-04FFh -ABANK5=0500h-05FFh \
  -ASFR=0F80h-0FFFh -preset_vec=00h,intcode,intcodelo,powerup,init,end_init \
  -pramtop=0600h -psmallconst=SMALLCONST -pmediumconst=MEDIUMCONST \
  -pconst=CONST -AFARRAM=00h-00h -ACONFIG=0300000h-030000Dh -pconfig=CONFIG \
  -AIDLOC=0200000h-0200007h -pidloc=IDLOC -AEEDATA=0F00000h-0F000FFh \
  -peeprom_data=EEDATA \
  -prdata=COMRAM,nvrram=COMRAM,nvbit=COMRAM,rbss=COMRAM,rbit=COMRAM \
  -pfarbss=FARRAM,fardata=FARRAM,nvFARRAM=FARRAM \
  -pintsave_regs=BIGRAM,bigbss=BIGRAM,bigdata=BIGRAM -pbss=RAM \
  -pidata=CODE,irdata=CODE,ibigdata=CODE,ifardata=CODE startup.obj \
  Scrolling.obj 

Object code version is 3.11

Machine type is 18F452

Call graph: (short form)




                Name                               Link     Load   Length Selector   Space Scale
startup.obj     end_init                              2        2        4        0       0
                text                               388E     388E        2     1C47       0
                reset_vec                             0        0        2        0       0
                config                           300000   300000        8   300000       0
Scrolling.obj   mediumconst                        79E8     79E8      618     3CF4       0
                text5                              38D0     38D0       32     1C68       0
                text4                              38A6     38A6       2A     1C53       0
                text3                              3996     3996       C4     1CCB       0
                text2                              3940     3940       56     1CA0       0
                text1                              3902     3902       3E     1C81       0
                text0                              3A5A     3A5A      5A6     1D2D       0
                cstackCOMRAM                          1        1       57        1       1
                bssBANK0                             80       80       50       80       1
                cinit                              3890     3890       16     1C48       0

TOTAL           Name                               Link     Load   Length     Space
        CLASS   STACK          

        CLASS   CODE           
                end_init                              2        2        4         0
                text                               388E     388E        2         0
                reset_vec                             0        0        2         0
                text5                              38D0     38D0       32         0
                text4                              38A6     38A6       2A         0
                text3                              3996     3996       C4         0
                text2                              3940     3940       56         0
                text1                              3902     3902       3E         0
                text0                              3A5A     3A5A      5A6         0
                cinit                              3890     3890       16         0

        CLASS   CONST          

        CLASS   SMALLCONST     

        CLASS   MEDIUMCONST    
                mediumconst                        79E8     79E8      618         0

        CLASS   COMRAM         
                cstackCOMRAM                          1        1       57         1

        CLASS   ABS1           

        CLASS   BIGRAM         

        CLASS   RAM            

        CLASS   BANK0          
                bssBANK0                             80       80       50         1

        CLASS   BANK1          

        CLASS   BANK2          

        CLASS   BANK3          

        CLASS   BANK4          

        CLASS   BANK5          

        CLASS   SFR            

        CLASS   FARRAM         

        CLASS   CONFIG         
                config                           300000   300000        8         0

        CLASS   IDLOC          

        CLASS   EEDATA         



SEGMENTS        Name                           Load    Length   Top    Selector   Space  Class

                reset_vec                      000000  000006  000006         0       0  CODE    
                cstackCOMRAM                   000001  000057  000058         1       1  COMRAM  
                bssBANK0                       000080  000050  0000D0        80       1  BANK0   
                text                           00388E  000002  003890      1C47       0  CODE    
                cinit                          003890  000016  0038A6      1C48       0  CODE    
                text4                          0038A6  00002A  0038D0      1C53       0  CODE    
                text5                          0038D0  000032  003902      1C68       0  CODE    
                text1                          003902  00003E  003940      1C81       0  CODE    
                text2                          003940  000056  003996      1CA0       0  CODE    
                text3                          003996  0000C4  003A5A      1CCB       0  CODE    
                text0                          003A5A  0005A6  004000      1D2D       0  CODE    
                mediumconst                    0079E8  000618  008000      3CF4       0  MEDIUMCO
                config                         300000  000008  300008    300000       0  CONFIG  


UNUSED ADDRESS RANGES

        Name                Unused          Largest block    Delta
        BANK0            0000D0-0000FF               30
        BANK1            000100-0001FF              100
        BANK2            000200-0002FF              100
        BANK3            000300-0003FF              100
        BANK4            000400-0004FF              100
        BANK5            000500-0005FF              100
        BIGRAM           000058-00007F               28
                         0000D0-0005FF              530
        CODE             000006-00388D             3888
                         004000-0079E7             39E8
        COMRAM           000058-00007F               28
        CONFIG           300008-30000D                6
        CONST            000006-00388D             3888
                         004000-0079E7             39E8
        EEDATA           F00000-F000FF              100
        IDLOC            200000-200007                8
        MEDIUMCONST      000600-00388D             328E
                         004000-0079E7             39E8
        RAM              0000D0-0005FF              100
        SFR              000F80-000FFF               80
        SMALLCONST       000600-00388D              100
                         004000-0079E7              100
        STACK            0000D0-0005FF              530

                                  Symbol Table

?___lwdiv                    cstackCOMRAM 000001
?___wmul                     cstackCOMRAM 000001
?_strlen                     cstackCOMRAM 000001
MY_DELAY@ms                  cstackCOMRAM 000001
Send_Data@Flag               cstackCOMRAM 00000D
Send_Data@Mask               cstackCOMRAM 00000F
Send_Data@bits               cstackCOMRAM 000011
Send_Data@column             cstackCOMRAM 000013
Send_Data@row                cstackCOMRAM 000007
_ADCON1                      (abs)        000FC1
_Buffer                      bssBANK0     000080
_CharData                    mediumconst  0079E9
_MY_DELAY                    text5        0038D0
_PORTB                       (abs)        000F81
_PORTC                       (abs)        000F82
_PORTD                       (abs)        000F83
_PORTE                       (abs)        000F84
_RC0                         (abs)        007C10
_RC1                         (abs)        007C11
_RC2                         (abs)        007C12
_Send_Data                   text3        003996
_TRISA                       (abs)        000F92
_TRISB                       (abs)        000F93
_TRISC                       (abs)        000F94
_TRISD                       (abs)        000F95
_TRISE                       (abs)        000F96
__CFG_BOR$OFF                (abs)        000000
__CFG_LVP$OFF                (abs)        000000
__CFG_OSC$HS                 (abs)        000000
__CFG_PWRT$OFF               (abs)        000000
__CFG_WDT$OFF                (abs)        000000
__HRAM                       (abs)        000000
__Habs1                      abs1         000000
__Hbank0                     bank0        000000
__Hbank1                     bank1        000000
__Hbank2                     bank2        000000
__Hbank3                     bank3        000000
__Hbank4                     bank4        000000
__Hbank5                     bank5        000000
__Hbigbss                    bigbss       000000
__Hbigdata                   bigdata      000000
__Hbigram                    bigram       000000
__Hbss                       bss          000000
__HbssBANK0                  bssBANK0     000000
__Hcinit                     cinit        000000
__Hclrtext                   clrtext      000000
__Hcomram                    comram       000000
__Hconfig                    config       300008
__Hconst                     const        000000
__HcstackCOMRAM              cstackCOMRAM 000000
__Hdata                      data         000000
__Heeprom_data               eeprom_data  000000
__Hend_init                  end_init     000006
__Hfarbss                    farbss       000000
__Hfardata                   fardata      000000
__Hibigdata                  ibigdata     000000
__Hidata                     idata        000000
__Hidloc                     idloc        000000
__Hifardata                  ifardata     000000
__Hinit                      init         000002
__Hintcode                   intcode      000002
__Hintcode_body              intcode_body 000000
__Hintcodelo                 intcodelo    000002
__Hintentry                  intentry     000000
__Hintret                    intret       000000
__Hintsave_regs              intsave_regs 000000
__Hirdata                    irdata       000000
__Hmediumconst               mediumconst  008000
__HnvFARRAM                  nvFARRAM     000000
__Hnvbit                     nvbit        000000
__Hnvrram                    nvrram       000000
__Hparam                     rparam       000000
__Hpowerup                   powerup      000002
__Hram                       ram          000000
__Hramtop                    ramtop       000600
__Hrbit                      rbit         000000
__Hrbss                      rbss         000000
__Hrdata                     rdata        000000
__Hreset_vec                 reset_vec    000002
__Hrparam                    rparam       000000
__Hsfr                       sfr          000000
__Hsmallconst                smallconst   000000
__Hspace_0                   (abs)        300008
__Hspace_1                   (abs)        0000D0
__Hspace_2                   (abs)        000000
__Hstack                     stack        000000
__Hstruct                    struct       000000
__Htemp                      temp         000000
__Htext                      text         000000
__Htext0                     text0        000000
__Htext1                     text1        000000
__Htext2                     text2        000000
__Htext3                     text3        000000
__Htext4                     text4        000000
__Htext5                     text5        000000
__LRAM                       (abs)        000001
__Labs1                      abs1         000000
__Lbank0                     bank0        000000
__Lbank1                     bank1        000000
__Lbank2                     bank2        000000
__Lbank3                     bank3        000000
__Lbank4                     bank4        000000
__Lbank5                     bank5        000000
__Lbigbss                    bigbss       000000
__Lbigdata                   bigdata      000000
__Lbigram                    bigram       000000
__Lbss                       bss          000000
__LbssBANK0                  bssBANK0     000000
__Lcinit                     cinit        000000
__Lclrtext                   clrtext      000000
__Lcomram                    comram       000000
__Lconfig                    config       300000
__Lconst                     const        000000
__LcstackCOMRAM              cstackCOMRAM 000000
__Ldata                      data         000000
__Leeprom_data               eeprom_data  000000
__Lend_init                  end_init     000002
__Lfarbss                    farbss       000000
__Lfardata                   fardata      000000
__Libigdata                  ibigdata     000000
__Lidata                     idata        000000
__Lidloc                     idloc        000000
__Lifardata                  ifardata     000000
__Linit                      init         000002
__Lintcode                   intcode      000002
__Lintcode_body              intcode_body 000000
__Lintcodelo                 intcodelo    000002
__Lintentry                  intentry     000000
__Lintret                    intret       000000
__Lintsave_regs              intsave_regs 000000
__Lirdata                    irdata       000000
__Lmediumconst               mediumconst  0079E8
__LnvFARRAM                  nvFARRAM     000000
__Lnvbit                     nvbit        000000
__Lnvrram                    nvrram       000000
__Lparam                     rparam       000000
__Lpowerup                   powerup      000002
__Lram                       ram          000000
__Lramtop                    ramtop       000600
__Lrbit                      rbit         000000
__Lrbss                      rbss         000000
__Lrdata                     rdata        000000
__Lreset_vec                 reset_vec    000000
__Lrparam                    rparam       000000
__Lsfr                       sfr          000000
__Lsmallconst                smallconst   000000
__Lspace_0                   (abs)        000000
__Lspace_1                   (abs)        000000
__Lspace_2                   (abs)        000000
__Lstack                     stack        000000
__Lstruct                    struct       000000
__Ltemp                      temp         000000
__Ltext                      text         000000
__Ltext0                     text0        000000
__Ltext1                     text1        000000
__Ltext2                     text2        000000
__Ltext3                     text3        000000
__Ltext4                     text4        000000
__Ltext5                     text5        000000
__S0                         (abs)        300008
__S1                         (abs)        0000D0
__S2                         (abs)        000000
___inthi_sp                  stack        000000
___intlo_sp                  stack        000000
___lwdiv                     text2        003940
___lwdiv@counter             cstackCOMRAM 000007
___lwdiv@dividend            cstackCOMRAM 000001
___lwdiv@divisor             cstackCOMRAM 000003
___lwdiv@quotient            cstackCOMRAM 000005
___sp                        stack        000000
___wmul                      text4        0038A6
___wmul@multiplicand         cstackCOMRAM 000003
___wmul@multiplier           cstackCOMRAM 000001
___wmul@product              cstackCOMRAM 000005
__accesstop                  (abs)        000080
__activetblptr               (abs)        000002
__cntErrataNOP_Scrolling.obj (abs)        00000F
__cntErrataNOP_startup.obj   (abs)        000001
__end_of_CharData            mediumconst  007FD9
__end_of_MY_DELAY            text5        003902
__end_of_Send_Data           text3        003A5A
__end_of___lwdiv             text2        003996
__end_of___wmul              text4        0038D0
__end_of__initialization     cinit        00389C
__end_of_main                text0        004000
__end_of_strlen              text1        003940
__end_ofmain@F3733           mediumconst  007FFE
__initialization             cinit        003890
__mediumconst                mediumconst  0079E8
__pbssBANK0                  bssBANK0     000080
__pcinit                     cinit        003890
__pcstackCOMRAM              cstackCOMRAM 000001
__pmediumconst               mediumconst  0079E8
__ptext0                     text0        003A5A
__ptext1                     text1        003902
__ptext2                     text2        003940
__ptext3                     text3        003996
__ptext4                     text4        0038A6
__ptext5                     text5        0038D0
__ramtop                     ramtop       000600
__size_of_MY_DELAY           (abs)        000000
__size_of_Send_Data          (abs)        000000
__size_of___lwdiv            (abs)        000000
__size_of___wmul             (abs)        000000
__size_of_main               (abs)        000000
__size_of_strlen             (abs)        000000
__smallconst                 smallconst   000000
_main                        text0        003A5A
_strlen                      text1        003902
end_of_initialization        cinit        00389C
intlevel0                    text         00388E
intlevel1                    text         00388E
intlevel2                    text         00388E
intlevel3                    text         00388E
main@F3733                   mediumconst  007FD9
main@Shift_Step              cstackCOMRAM 000054
main@StringLength            cstackCOMRAM 000046
main@default_message         cstackCOMRAM 00001D
main@i                       cstackCOMRAM 000052
main@index                   cstackCOMRAM 000042
main@k                       cstackCOMRAM 00004C
main@l                       cstackCOMRAM 00004A
main@m                       cstackCOMRAM 00004E
main@row                     cstackCOMRAM 000056
main@scroll                  cstackCOMRAM 000050
main@speed                   cstackCOMRAM 000048
main@temp                    cstackCOMRAM 000044
stackhi                      (abs)        0005FF
stacklo                      (abs)        0000D0
start                        init         000002
start_initialization         cinit        003890
strlen@cp                    cstackCOMRAM 000005
strlen@s                     cstackCOMRAM 000001


FUNCTION INFORMATION:

 *************** function _main *****************
 Defined at:
		line 137 in file "E:\Study Material\XC8 PROJECTS\Scrolling Message\Scrolling.c"
 Parameters:    Size  Location     Type
		None
 Auto vars:     Size  Location     Type
  default_mess   37   28[COMRAM] const unsigned char [37]
  row             2   85[COMRAM] unsigned short 
  Shift_Step      2   83[COMRAM] unsigned short 
  i               2   81[COMRAM] unsigned short 
  scroll          2   79[COMRAM] unsigned short 
  m               2   77[COMRAM] unsigned short 
  k               2   75[COMRAM] unsigned short 
  l               2   73[COMRAM] unsigned short 
  speed           2   71[COMRAM] unsigned short 
  StringLength    2   69[COMRAM] unsigned short 
  temp            2   67[COMRAM] unsigned short 
  index           2   65[COMRAM] unsigned short 
  a               2    0        int 
 Return value:  Size  Location     Type
		None               void
 Registers used:
		wreg, fsr2l, fsr2h, status,2, status,0, tblptrl, tblptrh, tblptru, prodl, prodh, cstack
 Tracked objects:
		On entry : 
		On exit  : 
		Unchanged: 
 Data sizes:     COMRAM   BANK0   BANK1   BANK2   BANK3   BANK4   BANK5
      Params:         0       0       0       0       0       0       0
      Locals:        59       0       0       0       0       0       0
      Temps:          8       0       0       0       0       0       0
      Totals:        67       0       0       0       0       0       0
Total ram usage:       67 bytes
 Hardware stack levels required when called:    2
 This function calls:
		_MY_DELAY
		_Send_Data
		___lwdiv
		___wmul
		_strlen
 This function is called by:
		Startup code after reset
 This function uses a non-reentrant model


 *************** function _strlen *****************
 Defined at:
		line 4 in file "C:\Program Files (x86)\Microchip\xc8\v1.33\sources\common\strlen.c"
 Parameters:    Size  Location     Type
  s               2    0[COMRAM] PTR const unsigned char 
		 -> main@default_message(37), 
 Auto vars:     Size  Location     Type
  cp              2    4[COMRAM] PTR const unsigned char 
		 -> main@default_message(37), 
 Return value:  Size  Location     Type
                  2    0[COMRAM] unsigned int 
 Registers used:
		wreg, fsr2l, fsr2h, status,2, status,0
 Tracked objects:
		On entry : 
		On exit  : 
		Unchanged: 
 Data sizes:     COMRAM   BANK0   BANK1   BANK2   BANK3   BANK4   BANK5
      Params:         2       0       0       0       0       0       0
      Locals:         2       0       0       0       0       0       0
      Temps:          2       0       0       0       0       0       0
      Totals:         6       0       0       0       0       0       0
Total ram usage:        6 bytes
 Hardware stack levels used:    1
 This function calls:
		Nothing
 This function is called by:
		_main
 This function uses a non-reentrant model


 *************** function ___lwdiv *****************
 Defined at:
		line 8 in file "C:\Program Files (x86)\Microchip\xc8\v1.33\sources\common\lwdiv.c"
 Parameters:    Size  Location     Type
  dividend        2    0[COMRAM] unsigned int 
  divisor         2    2[COMRAM] unsigned int 
 Auto vars:     Size  Location     Type
  quotient        2    4[COMRAM] unsigned int 
  counter         1    6[COMRAM] unsigned char 
 Return value:  Size  Location     Type
                  2    0[COMRAM] unsigned int 
 Registers used:
		wreg, status,2, status,0
 Tracked objects:
		On entry : 
		On exit  : 
		Unchanged: 
 Data sizes:     COMRAM   BANK0   BANK1   BANK2   BANK3   BANK4   BANK5
      Params:         4       0       0       0       0       0       0
      Locals:         3       0       0       0       0       0       0
      Temps:          0       0       0       0       0       0       0
      Totals:         7       0       0       0       0       0       0
Total ram usage:        7 bytes
 Hardware stack levels used:    1
 This function calls:
		Nothing
 This function is called by:
		_main
 This function uses a non-reentrant model


 *************** function _Send_Data *****************
 Defined at:
		line 212 in file "E:\Study Material\XC8 PROJECTS\Scrolling Message\Scrolling.c"
 Parameters:    Size  Location     Type
  row             2    6[COMRAM] unsigned short 
 Auto vars:     Size  Location     Type
  column          2   18[COMRAM] unsigned short 
  bits            2   16[COMRAM] unsigned short 
  Mask            2   14[COMRAM] unsigned short 
  Flag            2   12[COMRAM] unsigned short 
 Return value:  Size  Location     Type
		None               void
 Registers used:
		wreg, fsr2l, fsr2h, status,2, status,0, prodl, prodh, cstack
 Tracked objects:
		On entry : 
		On exit  : 
		Unchanged: 
 Data sizes:     COMRAM   BANK0   BANK1   BANK2   BANK3   BANK4   BANK5
      Params:         2       0       0       0       0       0       0
      Locals:         8       0       0       0       0       0       0
      Temps:          4       0       0       0       0       0       0
      Totals:        14       0       0       0       0       0       0
Total ram usage:       14 bytes
 Hardware stack levels used:    1
 Hardware stack levels required when called:    1
 This function calls:
		___wmul
 This function is called by:
		_main
 This function uses a non-reentrant model


 *************** function ___wmul *****************
 Defined at:
		line 15 in file "C:\Program Files (x86)\Microchip\xc8\v1.33\sources\common\Umul16.c"
 Parameters:    Size  Location     Type
  multiplier      2    0[COMRAM] unsigned int 
  multiplicand    2    2[COMRAM] unsigned int 
 Auto vars:     Size  Location     Type
  product         2    4[COMRAM] unsigned int 
 Return value:  Size  Location     Type
                  2    0[COMRAM] unsigned int 
 Registers used:
		wreg, status,2, status,0, prodl, prodh
 Tracked objects:
		On entry : 
		On exit  : 
		Unchanged: 
 Data sizes:     COMRAM   BANK0   BANK1   BANK2   BANK3   BANK4   BANK5
      Params:         4       0       0       0       0       0       0
      Locals:         2       0       0       0       0       0       0
      Temps:          0       0       0       0       0       0       0
      Totals:         6       0       0       0       0       0       0
Total ram usage:        6 bytes
 Hardware stack levels used:    1
 This function calls:
		Nothing
 This function is called by:
		_main
		_Send_Data
 This function uses a non-reentrant model


 *************** function _MY_DELAY *****************
 Defined at:
		line 202 in file "E:\Study Material\XC8 PROJECTS\Scrolling Message\Scrolling.c"
 Parameters:    Size  Location     Type
  ms              2    0[COMRAM] int 
 Auto vars:     Size  Location     Type
		None
 Return value:  Size  Location     Type
		None               void
 Registers used:
		wreg, status,2, status,0, prodl
 Tracked objects:
		On entry : 
		On exit  : 
		Unchanged: 
 Data sizes:     COMRAM   BANK0   BANK1   BANK2   BANK3   BANK4   BANK5
      Params:         2       0       0       0       0       0       0
      Locals:         0       0       0       0       0       0       0
      Temps:          1       0       0       0       0       0       0
      Totals:         3       0       0       0       0       0       0
Total ram usage:        3 bytes
 Hardware stack levels used:    1
 This function calls:
		Nothing
 This function is called by:
		_main
 This function uses a non-reentrant model



MODULE INFORMATION

Module		Function		Class		Link	Load	Size
C:\Program Files (x86)\Microchip\xc8\v1.33\sources\common\Umul16.c
		___wmul        		CODE           	38A6	0000	42

C:\Program Files (x86)\Microchip\xc8\v1.33\sources\common\Umul16.c estimated size: 42

C:\Program Files (x86)\Microchip\xc8\v1.33\sources\common\lwdiv.c
		___lwdiv       		CODE           	3940	0000	86

C:\Program Files (x86)\Microchip\xc8\v1.33\sources\common\lwdiv.c estimated size: 86

shared
		main@F3733     		MEDIUMCONST    	7FD9	0000	37
		__initializatio		CODE           	3890	0000	12
		_CharData      		MEDIUMCONST    	79E9	0000	1520

shared estimated size: 1569

C:\Program Files (x86)\Microchip\xc8\v1.33\sources\common\strlen.c
		_strlen        		CODE           	3902	0000	62

C:\Program Files (x86)\Microchip\xc8\v1.33\sources\common\strlen.c estimated size: 62

E:\Study Material\XC8 PROJECTS\Scrolling Message\Scrolling.c
		_main          		CODE           	3A5A	0000	1446
		_MY_DELAY      		CODE           	38D0	0000	50
		_Send_Data     		CODE           	3996	0000	196

E:\Study Material\XC8 PROJECTS\Scrolling Message\Scrolling.c estimated size: 1692

