Microchip MPLAB XC8 Compiler V1.33 ()

Linker command line:

--edf=C:\Program Files (x86)\Microchip\xc8\v1.33\dat\en_msgs.txt -cs \
  -h+LCDTest.sym --cmf=LCDTest.cmf -z -Q16F877A \
  -oC:\Users\AMIEian\AppData\Local\Temp\s50o.6 -MLCDTest.map -E1 -ver=XC8 \
  -ASTACK=0110h-016fh -pstack=STACK -ACONST=00h-0FFhx32 -ACODE=00h-07FFhx4 \
  -ASTRCODE=00h-01FFFh -AENTRY=00h-0FFhx32 -ASTRING=00h-0FFhx32 \
  -ACOMMON=070h-07Fh -ABANK0=020h-06Fh -ABANK1=0A0h-0EFh \
  -ABANK2=0110h-016Fh -ABANK3=0190h-01EFh \
  -ARAM=020h-06Fh,0A0h-0EFh,0110h-016Fh,0190h-01EFh \
  -AABS1=020h-07Fh,0A0h-0EFh,0110h-016Fh,0190h-01EFh -ASFR0=00h-01Fh \
  -ASFR1=080h-09Fh -ASFR2=0100h-010Fh -ASFR3=0180h-018Fh \
  -preset_vec=00h,intentry,init,end_init -ppowerup=CODE -pcinit=CODE \
  -pfunctab=CODE -ACONFIG=02007h-02007h -pconfig=CONFIG -DCONFIG=2 \
  -AIDLOC=02000h-02003h -pidloc=IDLOC -DIDLOC=2 -AEEDATA=00h-0FFh/02100h \
  -peeprom_data=EEDATA -DEEDATA=2 -DCODE=2 -DSTRCODE=2 -DSTRING=2 -DCONST=2 \
  -DENTRY=2 -k startup.obj LCDTest.obj 

Object code version is 3.11

Machine type is 16F877A



                Name                               Link     Load   Length Selector   Space Scale
startup.obj     end_init                              0        0        3        0       0
                config                             2007     2007        1     400E       0
LCDTest.obj     cinit                               7EB      7EB       15      FD6       0
                text4                               733      733       56      E66       0
                text3                               69A      69A       49      D34       0
                text2                               789      789       62      F12       0
                text1                               6E3      6E3       50      DC6       0
                maintext                            646      646       14      C8C       0
                cstackBANK0                          65       65        2       20       1
                cstackCOMMON                         70       70        E       70       1
                inittext                            635      635       11      C6A       0
                dataBANK0                            20       20       40       20       1
                bssBANK0                             60       60        5       20       1
                strings                               3        3       18        6       0
                idataBANK0                          65A      65A       40      CB4       0

TOTAL           Name                               Link     Load   Length     Space
        CLASS   STACK          

        CLASS   CONST          

        CLASS   CODE           
                end_init                              0        0        3         0
                cinit                               7EB      7EB       15         0
                text4                               733      733       56         0
                text3                               69A      69A       49         0
                text2                               789      789       62         0
                text1                               6E3      6E3       50         0
                maintext                            646      646       14         0
                inittext                            635      635       11         0
                idataBANK0                          65A      65A       40         0

        CLASS   STRCODE        

        CLASS   ENTRY          

        CLASS   STRING         
                strings                               3        3       18         0

        CLASS   COMMON         
                cstackCOMMON                         70       70        E         1

        CLASS   BANK0          
                cstackBANK0                          65       65        2         1
                dataBANK0                            20       20       40         1
                bssBANK0                             60       60        5         1

        CLASS   BANK1          

        CLASS   BANK2          

        CLASS   BANK3          

        CLASS   RAM            

        CLASS   ABS1           
                abs_s1                               7E       7E        2         1

        CLASS   SFR0           

        CLASS   SFR1           

        CLASS   SFR2           

        CLASS   SFR3           

        CLASS   CONFIG         
                config                             2007     2007        1         0

        CLASS   IDLOC          

        CLASS   EEDATA         



SEGMENTS        Name                           Load    Length   Top    Selector   Space  Class     Delta

                reset_vec                      000000  000003  000003         0       0  CODE        2
                strings                        000003  000018  00001B         6       0  STRING      2
                dataBANK0                      000020  000047  000067        20       1  BANK0       1
                cstackCOMMON                   000070  00000E  00007E        70       1  COMMON      1
                inittext                       000635  000011  000646       C6A       0  CODE        2
                maintext                       000646  000014  00065A       C8C       0  CODE        2
                idataBANK0                     00065A  000040  00069A       CB4       0  CODE        2
                text3                          00069A  000049  0006E3       D34       0  CODE        2
                text1                          0006E3  000050  000733       DC6       0  CODE        2
                text4                          000733  000056  000789       E66       0  CODE        2
                text2                          000789  000062  0007EB       F12       0  CODE        2
                cinit                          0007EB  000015  000800       FD6       0  CODE        2
                config                         002007  000001  002008      400E       0  CONFIG      2


UNUSED ADDRESS RANGES

        Name                Unused          Largest block    Delta
        BANK0            0067-006F              9           1
        BANK1            00A0-00EF             50           1
        BANK2            0110-016F             60           1
        BANK3            0190-01EF             60           1
        CODE             001B-0634            61A           2
                         0800-1FFF            800
        CONST            001B-0634            100           2
                         0800-1FFF            100
        EEDATA           2100-21FF            100           2
        ENTRY            001B-0634            100           2
                         0800-1FFF            100
        IDLOC            2000-2003              4           2
        RAM              0067-006F              9           1
                         00A0-00EF             50
                         0110-016F             60
                         0190-01EF             60
        SFR0             0000-001F             20           1
        SFR1             0080-009F             20           1
        SFR2             0100-010F             10           1
        SFR3             0180-018F             10           1
        STACK            0110-016F             60           1
        STRCODE          001B-0634            61A           2
                         0800-1FFF           1800
        STRING           001B-0634            100           2
                         0800-1FFF            100

                                  Symbol Table

LCDBusyLoop@busy         cstackCOMMON 0072
LCDBusyLoop@status       cstackCOMMON 0074
LCDBusyLoop@temp         cstackCOMMON 0073
LCDByte@c                cstackCOMMON 007A
LCDByte@hn               cstackCOMMON 0078
LCDByte@isdata           cstackCOMMON 0075
LCDByte@ln               cstackCOMMON 0079
LCDByte@temp             cstackCOMMON 007B
LCDInit@__i              cstackBANK0  0066
LCDInit@style            cstackBANK0  0065
LCDWriteInt@F1164        bssBANK0     0060
LCDWriteString@cc        cstackBANK0  0065
LCDWriteString@msg       cstackBANK0  0066
_LCDBusyLoop             text4        0733
_LCDByte                 text3        069A
_LCDInit                 text2        0789
_LCDWriteString          text1        06E3
_PORTD                   (abs)        0008
_RD4                     (abs)        0044
_RD5                     (abs)        0045
_RD6                     (abs)        0046
_TRISD                   (abs)        0088
_TRISDbits               (abs)        0088
__CFG_BOREN$ON           (abs)        0000
__CFG_CP$OFF             (abs)        0000
__CFG_CPD$OFF            (abs)        0000
__CFG_FOSC$HS            (abs)        0000
__CFG_LVP$ON             (abs)        0000
__CFG_PWRTE$OFF          (abs)        0000
__CFG_WDTE$OFF           (abs)        0000
__CFG_WRT$OFF            (abs)        0000
__Habs1                  abs1         0000
__Hbank0                 bank0        0000
__Hbank1                 bank1        0000
__Hbank2                 bank2        0000
__Hbank3                 bank3        0000
__HbssBANK0              bssBANK0     0000
__Hcinit                 cinit        0800
__Hclrtext               clrtext      0000
__Hcode                  code         0000
__Hcommon                common       0000
__Hconfig                config       2008
__HcstackBANK0           cstackBANK0  0000
__HcstackCOMMON          cstackCOMMON 0000
__HdataBANK0             dataBANK0    0000
__Heeprom_data           eeprom_data  0000
__Hend_init              end_init     0003
__Hfunctab               functab      0000
__HidataBANK0            idataBANK0   0000
__Hidloc                 idloc        0000
__Hinit                  init         0000
__Hinittext              inittext     0000
__Hintentry              intentry     0000
__Hmaintext              maintext     0000
__Hpowerup               powerup      0000
__Hram                   ram          0000
__Hreset_vec             reset_vec    0000
__Hsfr0                  sfr0         0000
__Hsfr1                  sfr1         0000
__Hsfr2                  sfr2         0000
__Hsfr3                  sfr3         0000
__Hspace_0               (abs)        2008
__Hspace_1               (abs)        007E
__Hspace_2               (abs)        0000
__Hspace_3               (abs)        0000
__Hstack                 stack        0000
__Hstrings               strings      0000
__Htext                  text         0000
__Labs1                  abs1         0000
__Lbank0                 bank0        0000
__Lbank1                 bank1        0000
__Lbank2                 bank2        0000
__Lbank3                 bank3        0000
__LbssBANK0              bssBANK0     0000
__Lcinit                 cinit        07EB
__Lclrtext               clrtext      0000
__Lcode                  code         0000
__Lcommon                common       0000
__Lconfig                config       2007
__LcstackBANK0           cstackBANK0  0000
__LcstackCOMMON          cstackCOMMON 0000
__LdataBANK0             dataBANK0    0000
__Leeprom_data           eeprom_data  0000
__Lend_init              end_init     0000
__Lfunctab               functab      0000
__LidataBANK0            idataBANK0   0000
__Lidloc                 idloc        0000
__Linit                  init         0000
__Linittext              inittext     0000
__Lintentry              intentry     0000
__Lmaintext              maintext     0000
__Lpowerup               powerup      0000
__Lram                   ram          0000
__Lreset_vec             reset_vec    0000
__Lsfr0                  sfr0         0000
__Lsfr1                  sfr1         0000
__Lsfr2                  sfr2         0000
__Lsfr3                  sfr3         0000
__Lspace_0               (abs)        0000
__Lspace_1               (abs)        0000
__Lspace_2               (abs)        0000
__Lspace_3               (abs)        0000
__Lstack                 stack        0000
__Lstrings               strings      0000
__Ltext                  text         0000
__S0                     (abs)        2008
__S1                     (abs)        007E
__S2                     (abs)        0000
__S3                     (abs)        0000
___cgram                 dataBANK0    0020
___int_sp                stack        0000
___latbits               (abs)        0002
___sp                    stack        0000
__end_of_LCDBusyLoop     text4        0789
__end_of_LCDByte         text3        06E3
__end_of_LCDInit         text2        07EB
__end_of_LCDWriteString  text1        0733
__end_of__initialization cinit        07FC
__end_of__stringdata     strings      001B
__end_of__stringtab      strings      0009
__end_of_main            maintext     065A
__initialization         cinit        07EB
__pbssBANK0              bssBANK0     0060
__pcstackBANK0           cstackBANK0  0065
__pcstackCOMMON          cstackCOMMON 0070
__pdataBANK0             dataBANK0    0020
__pidataBANK0            idataBANK0   065A
__pmaintext              maintext     0646
__pstrings               strings      0003
__ptext1                 text1        06E3
__ptext2                 text2        0789
__ptext3                 text3        069A
__ptext4                 text4        0733
__size_of_LCDBusyLoop    (abs)        0000
__size_of_LCDByte        (abs)        0000
__size_of_LCDInit        (abs)        0000
__size_of_LCDWriteString (abs)        0000
__size_of_main           (abs)        0000
__stringbase             strings      0008
__stringdata             strings      0009
__stringtab              strings      0003
_main                    maintext     0646
btemp                    (abs)        007E
end_of_initialization    cinit        07FC
init_fetch0              inittext     0635
init_ram0                inittext     0639
intlevel0                functab      0000
intlevel1                functab      0000
intlevel2                functab      0000
intlevel3                functab      0000
intlevel4                functab      0000
intlevel5                functab      0000
ltemp                    (abs)        007E
ltemp0                   (abs)        007E
ltemp1                   (abs)        0082
ltemp2                   (abs)        0086
ltemp3                   (abs)        0080
reset_vec                reset_vec    0000
stackhi                  (abs)        0000
stacklo                  (abs)        0000
start                    init         0000
start_initialization     cinit        07EB
ttemp                    (abs)        007E
ttemp0                   (abs)        007E
ttemp1                   (abs)        0081
ttemp2                   (abs)        0084
ttemp3                   (abs)        0087
ttemp4                   (abs)        007F
wtemp                    (abs)        007E
wtemp0                   (abs)        007E
wtemp1                   (abs)        0080
wtemp2                   (abs)        0082
wtemp3                   (abs)        0084
wtemp4                   (abs)        0086
wtemp5                   (abs)        0088
wtemp6                   (abs)        007F


FUNCTION INFORMATION:

 *************** function _main *****************
 Defined at:
		line 44 in file "E:\Study Material\XC8 PROJECTS\LCD Test\LCDTest.c"
 Parameters:    Size  Location     Type
		None
 Auto vars:     Size  Location     Type
		None
 Return value:  Size  Location     Type
		None               void
 Registers used:
		wreg, fsr0l, fsr0h, status,2, status,0, pclath, cstack
 Tracked objects:
		On entry : 
		On exit  : 
		Unchanged: 
 Data sizes:     COMMON   BANK0   BANK1   BANK3   BANK2
      Params:         0       0       0       0       0
      Locals:         0       0       0       0       0
      Temps:          0       0       0       0       0
      Totals:         0       0       0       0       0
Total ram usage:        0 bytes
 Hardware stack levels required when called:    3
 This function calls:
		_LCDByte
		_LCDInit
		_LCDWriteString
 This function is called by:
		Startup code after reset
 This function uses a non-reentrant model


 *************** function _LCDWriteString *****************
 Defined at:
		line 253 in file "E:\Study Material\XC8 PROJECTS\LCD Test\lcd_hd44780_pic16.c"
 Parameters:    Size  Location     Type
  msg             1    wreg     PTR const unsigned char 
		 -> STR_1(18), 
 Auto vars:     Size  Location     Type
  msg             1    1[BANK0 ] PTR const unsigned char 
		 -> STR_1(18), 
  cc              1    0[BANK0 ] char 
 Return value:  Size  Location     Type
		None               void
 Registers used:
		wreg, fsr0l, fsr0h, status,2, status,0, pclath, cstack
 Tracked objects:
		On entry : 
		On exit  : 
		Unchanged: 
 Data sizes:     COMMON   BANK0   BANK1   BANK3   BANK2
      Params:         0       0       0       0       0
      Locals:         0       2       0       0       0
      Temps:          1       0       0       0       0
      Totals:         1       2       0       0       0
Total ram usage:        3 bytes
 Hardware stack levels used:    1
 Hardware stack levels required when called:    2
 This function calls:
		_LCDByte
 This function is called by:
		_main
 This function uses a non-reentrant model


 *************** function _LCDInit *****************
 Defined at:
		line 195 in file "E:\Study Material\XC8 PROJECTS\LCD Test\lcd_hd44780_pic16.c"
 Parameters:    Size  Location     Type
  style           1    wreg     unsigned char 
 Auto vars:     Size  Location     Type
  style           1    0[BANK0 ] unsigned char 
  __i             1    1[BANK0 ] unsigned char 
 Return value:  Size  Location     Type
		None               void
 Registers used:
		wreg, fsr0l, fsr0h, status,2, status,0, pclath, cstack
 Tracked objects:
		On entry : 
		On exit  : 
		Unchanged: 
 Data sizes:     COMMON   BANK0   BANK1   BANK3   BANK2
      Params:         0       0       0       0       0
      Locals:         0       2       0       0       0
      Temps:          2       0       0       0       0
      Totals:         2       2       0       0       0
Total ram usage:        4 bytes
 Hardware stack levels used:    1
 Hardware stack levels required when called:    2
 This function calls:
		_LCDBusyLoop
		_LCDByte
 This function is called by:
		_main
 This function uses a non-reentrant model


 *************** function _LCDByte *****************
 Defined at:
		line 82 in file "E:\Study Material\XC8 PROJECTS\LCD Test\lcd_hd44780_pic16.c"
 Parameters:    Size  Location     Type
  c               1    wreg     unsigned char 
  isdata          1    5[COMMON] unsigned char 
 Auto vars:     Size  Location     Type
  c               1   10[COMMON] unsigned char 
  temp            1   11[COMMON] unsigned char 
  ln              1    9[COMMON] unsigned char 
  hn              1    8[COMMON] unsigned char 
 Return value:  Size  Location     Type
		None               void
 Registers used:
		wreg, status,2, status,0, pclath, cstack
 Tracked objects:
		On entry : 
		On exit  : 
		Unchanged: 
 Data sizes:     COMMON   BANK0   BANK1   BANK3   BANK2
      Params:         1       0       0       0       0
      Locals:         4       0       0       0       0
      Temps:          2       0       0       0       0
      Totals:         7       0       0       0       0
Total ram usage:        7 bytes
 Hardware stack levels used:    1
 Hardware stack levels required when called:    1
 This function calls:
		_LCDBusyLoop
 This function is called by:
		_main
		_LCDInit
		_LCDWriteString
		_LCDWriteInt
		_LCDGotoXY
 This function uses a non-reentrant model


 *************** function _LCDBusyLoop *****************
 Defined at:
		line 137 in file "E:\Study Material\XC8 PROJECTS\LCD Test\lcd_hd44780_pic16.c"
 Parameters:    Size  Location     Type
		None
 Auto vars:     Size  Location     Type
  status          1    4[COMMON] unsigned char 
  temp            1    3[COMMON] unsigned char 
  busy            1    2[COMMON] unsigned char 
 Return value:  Size  Location     Type
		None               void
 Registers used:
		wreg, status,2, status,0
 Tracked objects:
		On entry : 
		On exit  : 
		Unchanged: 
 Data sizes:     COMMON   BANK0   BANK1   BANK3   BANK2
      Params:         0       0       0       0       0
      Locals:         3       0       0       0       0
      Temps:          2       0       0       0       0
      Totals:         5       0       0       0       0
Total ram usage:        5 bytes
 Hardware stack levels used:    1
 This function calls:
		Nothing
 This function is called by:
		_LCDByte
		_LCDInit
 This function uses a non-reentrant model



MODULE INFORMATION

Module		Function		Class		Link	Load	Size
E:\Study Material\XC8 PROJECTS\LCD Test\lcd_hd44780_pic16.c
		_LCDByte       		CODE           	069A	0000	73
		_LCDInit       		CODE           	0789	0000	98
		_LCDWriteString		CODE           	06E3	0000	80
		_LCDBusyLoop   		CODE           	0733	0000	86

E:\Study Material\XC8 PROJECTS\LCD Test\lcd_hd44780_pic16.c estimated size: 337

shared
		__stringtab    		STRING         	0003	0000	6
		__stringdata   		STRING         	0009	0000	18
		__initializatio		CODE           	07EB	0000	17

shared estimated size: 41

E:\Study Material\XC8 PROJECTS\LCD Test\LCDTest.c
		_main          		CODE           	0646	0000	20

E:\Study Material\XC8 PROJECTS\LCD Test\LCDTest.c estimated size: 20

