Microchip MPLAB XC8 Compiler V1.33 ()

Linker command line:

--edf=C:\Program Files (x86)\Microchip\xc8\v1.33\dat\en_msgs.txt -cs \
  -h+Cautry.sym --cmf=Cautry.cmf -z -Q18F452 \
  -oC:\Users\AMIEian\AppData\Local\Temp\s1p8.6 -MCautry.map -E1 -ver=XC8 \
  -ASTACK=080h-05ffh -pstack=STACK -ACODE=00h-03FFFhx2 -ACONST=00h-07FFFh \
  -ASMALLCONST=0600h-06FFhx122 -AMEDIUMCONST=0600h-07FFFh -ACOMRAM=01h-07Fh \
  -AABS1=00h-05FFh -ABIGRAM=01h-05FFh -ARAM=080h-0FFh,0100h-01FFhx5 \
  -ABANK0=080h-0FFh -ABANK1=0100h-01FFh -ABANK2=0200h-02FFh \
  -ABANK3=0300h-03FFh -ABANK4=0400h-04FFh -ABANK5=0500h-05FFh \
  -ASFR=0F80h-0FFFh \
  -preset_vec=00h,intcode=08h,intcodelo,powerup,init,end_init \
  -pramtop=0600h -psmallconst=SMALLCONST -pmediumconst=MEDIUMCONST \
  -pconst=CONST -AFARRAM=00h-00h -ACONFIG=0300000h-030000Dh -pconfig=CONFIG \
  -AIDLOC=0200000h-0200007h -pidloc=IDLOC -AEEDATA=0F00000h-0F000FFh \
  -peeprom_data=EEDATA \
  -prdata=COMRAM,nvrram=COMRAM,nvbit=COMRAM,rbss=COMRAM,rbit=COMRAM \
  -pfarbss=FARRAM,fardata=FARRAM,nvFARRAM=FARRAM \
  -pintsave_regs=BIGRAM,bigbss=BIGRAM,bigdata=BIGRAM -pbss=RAM \
  -pidata=CODE,irdata=CODE,ibigdata=CODE,ifardata=CODE \
  C:\Users\AMIEian\AppData\Local\Temp\s1p8.obj Cautry.obj 

Object code version is 3.11

Machine type is 18F452

Call graph: (short form)




                Name                               Link     Load   Length Selector   Space Scale
C:\Users\AMIEian\AppData\Local\Temp\s1p8.obj
                end_init                            122      122        4        4       0
                text                                2EC      2EC        2      176       0
                reset_vec                             0        0        6        0       0
                config                           300000   300000        8   300000       0
Cautry.obj      intcode                               8        8      11A        4       0
                text5                               27A      27A       24        4       0
                text3                               248      248       32        4       0
                text2                               2C0      2C0       1C        4       0
                text1                               29E      29E       22        4       0
                text0                               126      126       EC        4       0
                cstackCOMRAM                          1        1       15        1       1
                dataCOMRAM                           16       16        F        1       1
                bssCOMRAM                            25       25        6        1       1
                cinit                               212      212       36        4       0
                idataCOMRAM                         2DC      2DC        F        4       0

TOTAL           Name                               Link     Load   Length     Space
        CLASS   STACK          

        CLASS   CODE           
                end_init                            122      122        4         0
                text                                2EC      2EC        2         0
                intcode                               8        8      11A         0
                reset_vec                             0        0        6         0
                text5                               27A      27A       24         0
                text3                               248      248       32         0
                text2                               2C0      2C0       1C         0
                text1                               29E      29E       22         0
                text0                               126      126       EC         0
                cinit                               212      212       36         0
                idataCOMRAM                         2DC      2DC        F         0

        CLASS   CONST          

        CLASS   SMALLCONST     

        CLASS   MEDIUMCONST    

        CLASS   COMRAM         
                cstackCOMRAM                          1        1       15         1
                dataCOMRAM                           16       16        F         1
                bssCOMRAM                            25       25        6         1

        CLASS   ABS1           

        CLASS   BIGRAM         

        CLASS   RAM            

        CLASS   BANK0          

        CLASS   BANK1          

        CLASS   BANK2          

        CLASS   BANK3          

        CLASS   BANK4          

        CLASS   BANK5          

        CLASS   SFR            

        CLASS   FARRAM         

        CLASS   CONFIG         
                config                           300000   300000        8         0

        CLASS   IDLOC          

        CLASS   EEDATA         



SEGMENTS        Name                           Load    Length   Top    Selector   Space  Class

                reset_vec                      000000  000006  000006         0       0  CODE    
                cstackCOMRAM                   000001  00002A  00002B         1       1  COMRAM  
                intcode                        000008  0002E3  0002EB         4       0  CODE    
                text                           0002EC  000002  0002EE       176       0  CODE    
                config                         300000  000008  300008    300000       0  CONFIG  


UNUSED ADDRESS RANGES

        Name                Unused          Largest block    Delta
        BANK0            000080-0000FF               80
        BANK1            000100-0001FF              100
        BANK2            000200-0002FF              100
        BANK3            000300-0003FF              100
        BANK4            000400-0004FF              100
        BANK5            000500-0005FF              100
        BIGRAM           00002B-0005FF              5D5
        CODE             000006-000007                2
                         0002EB-0002EB                1
                         0002EE-007FFF             3D12
        COMRAM           00002B-00007F               55
        CONFIG           300008-30000D                6
        CONST            000006-000007                2
                         0002EB-0002EB                1
                         0002EE-007FFF             7D12
        EEDATA           F00000-F000FF              100
        IDLOC            200000-200007                8
        MEDIUMCONST      000600-007FFF             7A00
        RAM              000080-0005FF              100
        SFR              000F80-000FFF               80
        SMALLCONST       000600-007FFF              100
        STACK            000080-0005FF              580

                                  Symbol Table

MY_DELAY@ms                                                 cstackCOMRAM 000012
ReadUSART@data                                              cstackCOMRAM 000001
SerialRx@index                                              cstackCOMRAM 000011
SerialRx@value                                              cstackCOMRAM 000010
USARTWriteChar@ch                                           cstackCOMRAM 000015
_ADCON1                                                     (abs)        000FC1
_Command                                                    dataCOMRAM   000024
_Display_Values                                             dataCOMRAM   000016
_INTCONbits                                                 (abs)        000FF2
_MY_DELAY                                                   text3        000248
_PIE1                                                       (abs)        000F9D
_PIE1bits                                                   (abs)        000F9D
_PIR1bits                                                   (abs)        000F9E
_PORTB                                                      (abs)        000F81
_PORTC                                                      (abs)        000F82
_PORTD                                                      (abs)        000F83
_RA0                                                        (abs)        007C00
_RBIE                                                       (abs)        007F93
_RBIF                                                       (abs)        007F90
_RC2                                                        (abs)        007C12
_RCIE                                                       (abs)        007CED
_RCIF                                                       (abs)        007CF5
_RCREG                                                      (abs)        000FAE
_RCSTA                                                      (abs)        000FAB
_RCSTAbits                                                  (abs)        000FAB
_RD0                                                        (abs)        007C18
_ReadUSART                                                  text5        00027A
_SPBRG                                                      (abs)        000FAF
_Send_Value                                                 bssCOMRAM    000025
_SerialRx                                                   intcode      000008
_TRISA                                                      (abs)        000F92
_TRISB                                                      (abs)        000F93
_TRISC                                                      (abs)        000F94
_TRISCbits                                                  (abs)        000F94
_TRISD                                                      (abs)        000F95
_TRISE                                                      (abs)        000F96
_TXREG                                                      (abs)        000FAD
_TXSTAbits                                                  (abs)        000FAC
_USARTWriteChar                                             text2        0002C0
_USART_Status                                               bssCOMRAM    000026
_USART_initialize                                           text1        00029E
__CFG_BOR$OFF                                               (abs)        000000
__CFG_LVP$OFF                                               (abs)        000000
__CFG_OSC$HS                                                (abs)        000000
__CFG_OSCS$ON                                               (abs)        000000
__CFG_PWRT$ON                                               (abs)        000000
__CFG_WDT$OFF                                               (abs)        000000
__HRAM                                                      (abs)        000000
__Habs1                                                     abs1         000000
__Hbank0                                                    bank0        000000
__Hbank1                                                    bank1        000000
__Hbank2                                                    bank2        000000
__Hbank3                                                    bank3        000000
__Hbank4                                                    bank4        000000
__Hbank5                                                    bank5        000000
__Hbigbss                                                   bigbss       000000
__Hbigdata                                                  bigdata      000000
__Hbigram                                                   bigram       000000
__Hbss                                                      bss          000000
__HbssCOMRAM                                                bssCOMRAM    000000
__Hcinit                                                    cinit        000000
__Hclrtext                                                  clrtext      000000
__Hcomram                                                   comram       000000
__Hconfig                                                   config       300008
__Hconst                                                    const        000000
__HcstackCOMRAM                                             cstackCOMRAM 000000
__Hdata                                                     data         000000
__HdataCOMRAM                                               dataCOMRAM   000000
__Heeprom_data                                              eeprom_data  000000
__Hend_init                                                 end_init     000126
__Hfarbss                                                   farbss       000000
__Hfardata                                                  fardata      000000
__Hibigdata                                                 ibigdata     000000
__Hidata                                                    idata        000000
__HidataCOMRAM                                              idataCOMRAM  000000
__Hidloc                                                    idloc        000000
__Hifardata                                                 ifardata     000000
__Hinit                                                     init         000122
__Hintcode                                                  intcode      000122
__Hintcode_body                                             intcode_body 000000
__Hintcodelo                                                intcodelo    000122
__Hintentry                                                 intentry     000000
__Hintret                                                   intret       000000
__Hintsave_regs                                             intsave_regs 000000
__Hirdata                                                   irdata       000000
__Hmediumconst                                              mediumconst  000000
__HnvFARRAM                                                 nvFARRAM     000000
__Hnvbit                                                    nvbit        000000
__Hnvrram                                                   nvrram       000000
__Hparam                                                    rparam       000000
__Hpowerup                                                  powerup      000122
__Hram                                                      ram          000000
__Hramtop                                                   ramtop       000600
__Hrbit                                                     rbit         000000
__Hrbss                                                     rbss         000000
__Hrdata                                                    rdata        000000
__Hreset_vec                                                reset_vec    000006
__Hrparam                                                   rparam       000000
__Hsfr                                                      sfr          000000
__Hsmallconst                                               smallconst   000000
__Hspace_0                                                  (abs)        300008
__Hspace_1                                                  (abs)        00002B
__Hspace_2                                                  (abs)        000000
__Hstack                                                    stack        000000
__Hstruct                                                   struct       000000
__Htemp                                                     temp         000000
__Htext                                                     text         000000
__Htext0                                                    text0        000000
__Htext1                                                    text1        000000
__Htext2                                                    text2        000000
__Htext3                                                    text3        000000
__Htext5                                                    text5        000000
__LRAM                                                      (abs)        000001
__Labs1                                                     abs1         000000
__Lbank0                                                    bank0        000000
__Lbank1                                                    bank1        000000
__Lbank2                                                    bank2        000000
__Lbank3                                                    bank3        000000
__Lbank4                                                    bank4        000000
__Lbank5                                                    bank5        000000
__Lbigbss                                                   bigbss       000000
__Lbigdata                                                  bigdata      000000
__Lbigram                                                   bigram       000000
__Lbss                                                      bss          000000
__LbssCOMRAM                                                bssCOMRAM    000000
__Lcinit                                                    cinit        000000
__Lclrtext                                                  clrtext      000000
__Lcomram                                                   comram       000000
__Lconfig                                                   config       300000
__Lconst                                                    const        000000
__LcstackCOMRAM                                             cstackCOMRAM 000000
__Ldata                                                     data         000000
__LdataCOMRAM                                               dataCOMRAM   000000
__Leeprom_data                                              eeprom_data  000000
__Lend_init                                                 end_init     000122
__Lfarbss                                                   farbss       000000
__Lfardata                                                  fardata      000000
__Libigdata                                                 ibigdata     000000
__Lidata                                                    idata        000000
__LidataCOMRAM                                              idataCOMRAM  000000
__Lidloc                                                    idloc        000000
__Lifardata                                                 ifardata     000000
__Linit                                                     init         000122
__Lintcode                                                  intcode      000008
__Lintcode_body                                             intcode_body 000000
__Lintcodelo                                                intcodelo    000122
__Lintentry                                                 intentry     000000
__Lintret                                                   intret       000000
__Lintsave_regs                                             intsave_regs 000000
__Lirdata                                                   irdata       000000
__Lmediumconst                                              mediumconst  000000
__LnvFARRAM                                                 nvFARRAM     000000
__Lnvbit                                                    nvbit        000000
__Lnvrram                                                   nvrram       000000
__Lparam                                                    rparam       000000
__Lpowerup                                                  powerup      000122
__Lram                                                      ram          000000
__Lramtop                                                   ramtop       000600
__Lrbit                                                     rbit         000000
__Lrbss                                                     rbss         000000
__Lrdata                                                    rdata        000000
__Lreset_vec                                                reset_vec    000000
__Lrparam                                                   rparam       000000
__Lsfr                                                      sfr          000000
__Lsmallconst                                               smallconst   000000
__Lspace_0                                                  (abs)        000000
__Lspace_1                                                  (abs)        000000
__Lspace_2                                                  (abs)        000000
__Lstack                                                    stack        000000
__Lstruct                                                   struct       000000
__Ltemp                                                     temp         000000
__Ltext                                                     text         000000
__Ltext0                                                    text0        000000
__Ltext1                                                    text1        000000
__Ltext2                                                    text2        000000
__Ltext3                                                    text3        000000
__Ltext5                                                    text5        000000
__S0                                                        (abs)        300008
__S1                                                        (abs)        00002B
__S2                                                        (abs)        000000
___inthi_sp                                                 stack        000000
___intlo_sp                                                 stack        000000
___sp                                                       stack        000000
__accesstop                                                 (abs)        000080
__activetblptr                                              (abs)        000002
__cntErrataNOP_C:\Users\AMIEian\AppData\Local\Temp\s1p8.obj (abs)        000001
__cntErrataNOP_Cautry.obj                                   (abs)        00000D
__end_of_MY_DELAY                                           text3        00027A
__end_of_ReadUSART                                          text5        00029C
__end_of_SerialRx                                           intcode      000122
__end_of_USARTWriteChar                                     text2        0002DC
__end_of_USART_initialize                                   text1        0002C0
__end_of__initialization                                    cinit        00023E
__end_of_main                                               text0        000212
__initialization                                            cinit        000212
__mediumconst                                               mediumconst  000000
__pbssCOMRAM                                                bssCOMRAM    000025
__pcinit                                                    cinit        000212
__pcstackCOMRAM                                             cstackCOMRAM 000001
__pdataCOMRAM                                               dataCOMRAM   000016
__pidataCOMRAM                                              idataCOMRAM  0002DC
__pintcode                                                  intcode      000008
__ptext0                                                    text0        000126
__ptext1                                                    text1        00029E
__ptext2                                                    text2        0002C0
__ptext3                                                    text3        000248
__ptext5                                                    text5        00027A
__ramtop                                                    ramtop       000600
__size_of_MY_DELAY                                          (abs)        000000
__size_of_ReadUSART                                         (abs)        000000
__size_of_SerialRx                                          (abs)        000000
__size_of_USARTWriteChar                                    (abs)        000000
__size_of_USART_initialize                                  (abs)        000000
__size_of_main                                              (abs)        000000
__smallconst                                                smallconst   000000
_ch                                                         bssCOMRAM    000027
_count                                                      bssCOMRAM    000028
_data                                                       bssCOMRAM    000029
_main                                                       text0        000126
_rx                                                         bssCOMRAM    00002A
end_of_initialization                                       cinit        00023E
intlevel0                                                   text         0002EC
intlevel1                                                   text         0002EC
intlevel2                                                   text         0002EC
intlevel3                                                   text         0002EC
stackhi                                                     (abs)        0005FF
stacklo                                                     (abs)        000080
start                                                       init         000122
start_initialization                                        cinit        000212


FUNCTION INFORMATION:

 *************** function _main *****************
 Defined at:
		line 30 in file "E:\Study Material\XC8 PROJECTS\Cautry\cut_test.c"
 Parameters:    Size  Location     Type
		None
 Auto vars:     Size  Location     Type
		None
 Return value:  Size  Location     Type
		None               void
 Registers used:
		wreg, status,2, status,0, prodl, cstack
 Tracked objects:
		On entry : 
		On exit  : 
		Unchanged: 
 Data sizes:     COMRAM   BANK0   BANK1   BANK2   BANK3   BANK4   BANK5
      Params:         0       0       0       0       0       0       0
      Locals:         0       0       0       0       0       0       0
      Temps:          0       0       0       0       0       0       0
      Totals:         0       0       0       0       0       0       0
Total ram usage:        0 bytes
 Hardware stack levels required when called:    4
 This function calls:
		_MY_DELAY
		_USARTWriteChar
		_USART_initialize
 This function is called by:
		Startup code after reset
 This function uses a non-reentrant model


 *************** function _USART_initialize *****************
 Defined at:
		line 197 in file "E:\Study Material\XC8 PROJECTS\Cautry\cut_test.c"
 Parameters:    Size  Location     Type
		None
 Auto vars:     Size  Location     Type
		None
 Return value:  Size  Location     Type
		None               void
 Registers used:
		wreg, status,2
 Tracked objects:
		On entry : 
		On exit  : 
		Unchanged: 
 Data sizes:     COMRAM   BANK0   BANK1   BANK2   BANK3   BANK4   BANK5
      Params:         0       0       0       0       0       0       0
      Locals:         0       0       0       0       0       0       0
      Temps:          0       0       0       0       0       0       0
      Totals:         0       0       0       0       0       0       0
Total ram usage:        0 bytes
 Hardware stack levels used:    1
 Hardware stack levels required when called:    2
 This function calls:
		Nothing
 This function is called by:
		_main
 This function uses a non-reentrant model


 *************** function _USARTWriteChar *****************
 Defined at:
		line 223 in file "E:\Study Material\XC8 PROJECTS\Cautry\cut_test.c"
 Parameters:    Size  Location     Type
  ch              1    wreg     unsigned char 
 Auto vars:     Size  Location     Type
  ch              1   20[COMRAM] unsigned char 
 Return value:  Size  Location     Type
		None               void
 Registers used:
		wreg, status,2, status,0, prodl, cstack
 Tracked objects:
		On entry : 
		On exit  : 
		Unchanged: 
 Data sizes:     COMRAM   BANK0   BANK1   BANK2   BANK3   BANK4   BANK5
      Params:         0       0       0       0       0       0       0
      Locals:         1       0       0       0       0       0       0
      Temps:          0       0       0       0       0       0       0
      Totals:         1       0       0       0       0       0       0
Total ram usage:        1 bytes
 Hardware stack levels used:    1
 Hardware stack levels required when called:    3
 This function calls:
		_MY_DELAY
 This function is called by:
		_main
 This function uses a non-reentrant model


 *************** function _MY_DELAY *****************
 Defined at:
		line 187 in file "E:\Study Material\XC8 PROJECTS\Cautry\cut_test.c"
 Parameters:    Size  Location     Type
  ms              2   17[COMRAM] int 
 Auto vars:     Size  Location     Type
		None
 Return value:  Size  Location     Type
		None               void
 Registers used:
		wreg, status,2, status,0, prodl
 Tracked objects:
		On entry : 
		On exit  : 
		Unchanged: 
 Data sizes:     COMRAM   BANK0   BANK1   BANK2   BANK3   BANK4   BANK5
      Params:         2       0       0       0       0       0       0
      Locals:         0       0       0       0       0       0       0
      Temps:          1       0       0       0       0       0       0
      Totals:         3       0       0       0       0       0       0
Total ram usage:        3 bytes
 Hardware stack levels used:    1
 Hardware stack levels required when called:    2
 This function calls:
		Nothing
 This function is called by:
		_main
		_USARTWriteChar
 This function uses a non-reentrant model


 *************** function _SerialRx *****************
 Defined at:
		line 137 in file "E:\Study Material\XC8 PROJECTS\Cautry\cut_test.c"
 Parameters:    Size  Location     Type
		None
 Auto vars:     Size  Location     Type
  index           1   16[COMRAM] unsigned char 
  value           1   15[COMRAM] unsigned char 
 Return value:  Size  Location     Type
		None               void
 Registers used:
		wreg, fsr2l, fsr2h, status,2, status,0, prodl, prodh, cstack
 Tracked objects:
		On entry : 
		On exit  : 
		Unchanged: 
 Data sizes:     COMRAM   BANK0   BANK1   BANK2   BANK3   BANK4   BANK5
      Params:         0       0       0       0       0       0       0
      Locals:         2       0       0       0       0       0       0
      Temps:         14       0       0       0       0       0       0
      Totals:        16       0       0       0       0       0       0
Total ram usage:       16 bytes
 Hardware stack levels used:    1
 Hardware stack levels required when called:    1
 This function calls:
		_ReadUSART
 This function is called by:
		Interrupt level 2
 This function uses a non-reentrant model


 *************** function _ReadUSART *****************
 Defined at:
		line 15 in file "C:\Program Files (x86)\Microchip\xc8\v1.33\sources\pic18\plib\USART\uread.c"
 Parameters:    Size  Location     Type
		None
 Auto vars:     Size  Location     Type
  data            1    0[COMRAM] unsigned char 
 Return value:  Size  Location     Type
                  1    wreg      unsigned char 
 Registers used:
		wreg, status,2, status,0
 Tracked objects:
		On entry : 
		On exit  : 
		Unchanged: 
 Data sizes:     COMRAM   BANK0   BANK1   BANK2   BANK3   BANK4   BANK5
      Params:         0       0       0       0       0       0       0
      Locals:         1       0       0       0       0       0       0
      Temps:          0       0       0       0       0       0       0
      Totals:         1       0       0       0       0       0       0
Total ram usage:        1 bytes
 Hardware stack levels used:    1
 This function calls:
		Nothing
 This function is called by:
		_SerialRx
 This function uses a non-reentrant model



MODULE INFORMATION

Module		Function		Class		Link	Load	Size
E:\Study Material\XC8 PROJECTS\Cautry\cut_test.c
		_USART_initiali		CODE           	029E	0000	34
		_main          		CODE           	0126	0000	236
		_SerialRx      		CODE           	0008	0000	282
		_MY_DELAY      		CODE           	0248	0000	50
		_USARTWriteChar		CODE           	02C0	0000	28

E:\Study Material\XC8 PROJECTS\Cautry\cut_test.c estimated size: 630

shared
		__initializatio		CODE           	0212	0000	44

shared estimated size: 44

C:\Program Files (x86)\Microchip\xc8\v1.33\sources\pic18\plib\USART\uread.c
		_ReadUSART     		CODE           	027A	0000	34

C:\Program Files (x86)\Microchip\xc8\v1.33\sources\pic18\plib\USART\uread.c estimated size: 34

