Microchip MPLAB XC8 Compiler V1.33 ()

Linker command line:

--edf=C:\Program Files (x86)\Microchip\xc8\v1.33\dat\en_msgs.txt -cs \
  -h+Token_Display.sym --cmf=Token_Display.cmf -z -Q16F870 \
  -oC:\Users\AMIEian\AppData\Local\Temp\s4kk.6 -MToken_Display.map -E1 \
  -ver=XC8 -ASTACK=03Dh-06fh -pstack=STACK -ACONST=00h-0FFhx8 \
  -ACODE=00h-07FFh -ASTRCODE=00h-07FFh -AENTRY=00h-0FFhx8 \
  -ASTRING=00h-0FFhx8 -ACOMMON=070h-07Fh -ABANK0=020h-06Fh \
  -ABANK1=0A0h-0BFh -ARAM=020h-06Fh,0A0h-0BFh -AABS1=020h-07Fh,0A0h-0BFh \
  -ASFR0=00h-01Fh -ASFR1=080h-09Fh -ASFR2=0100h-016Fh -ASFR3=0180h-01EFh \
  -preset_vec=00h,intentry=04h,init,end_init -ppowerup=CODE -pcinit=CODE \
  -pfunctab=CODE -ACONFIG=02007h-02007h -pconfig=CONFIG -DCONFIG=2 \
  -AIDLOC=02000h-02003h -pidloc=IDLOC -DIDLOC=2 -AEEDATA=00h-03Fh/02100h \
  -peeprom_data=EEDATA -DEEDATA=2 -DCODE=2 -DSTRCODE=2 -DSTRING=2 -DCONST=2 \
  -DENTRY=2 -k startup.obj Token_Display.obj 

Object code version is 3.11

Machine type is 16F870



                Name                               Link     Load   Length Selector   Space Scale
startup.obj     end_init                             10       10        1        8       0
                reset_vec                             0        0        1        0       0
Token_Display.obj
                cinit                                11       11       24        8       0
                intentry                              4        4        C        8       0
                text2                                35       35       DE        8       0
                text1                               113      113       70        8       0
                maintext                            183      183       50        8       0
                cstackBANK0                          20       20        F       20       1
                cstackCOMMON                         70       70        6       70       1
                dataBANK0                            2F       2F        B       20       1
                bssBANK0                             3A       3A        3       20       1
                dataCOMMON                           79       79        3       70       1
                bssCOMMON                            76       76        3       70       1
                idataBANK0                          1D3      1D3        B        8       0
                idataCOMMON                         1DE      1DE        3        8       0

TOTAL           Name                               Link     Load   Length     Space
        CLASS   STACK          

        CLASS   CONST          

        CLASS   CODE           
                end_init                             10       10        1         0
                cinit                                11       11       24         0
                intentry                              4        4        C         0
                reset_vec                             0        0        1         0
                text2                                35       35       DE         0
                text1                               113      113       70         0
                maintext                            183      183       50         0
                idataBANK0                          1D3      1D3        B         0
                idataCOMMON                         1DE      1DE        3         0

        CLASS   STRCODE        

        CLASS   ENTRY          

        CLASS   STRING         

        CLASS   COMMON         
                cstackCOMMON                         70       70        6         1
                dataCOMMON                           79       79        3         1
                bssCOMMON                            76       76        3         1

        CLASS   BANK0          
                cstackBANK0                          20       20        F         1
                dataBANK0                            2F       2F        B         1
                bssBANK0                             3A       3A        3         1

        CLASS   BANK1          

        CLASS   RAM            

        CLASS   ABS1           
                abs_s1                               7E       7E        2         1

        CLASS   SFR0           

        CLASS   SFR1           

        CLASS   SFR2           

        CLASS   SFR3           

        CLASS   CONFIG         

        CLASS   IDLOC          

        CLASS   EEDATA         

        CLASS   BANK3          

        CLASS   BANK2          



SEGMENTS        Name                           Load    Length   Top    Selector   Space  Class     Delta

                reset_vec                      000000  000001  000001         0       0  CODE        2
                intentry                       000004  0001DD  0001E1         8       0  CODE        2
                cstackBANK0                    000020  00001D  00003D        20       1  BANK0       1
                cstackCOMMON                   000070  00000C  00007C        70       1  COMMON      1


UNUSED ADDRESS RANGES

        Name                Unused          Largest block    Delta
        BANK0            03D-06F            33           1
        BANK1            0A0-0BF            20           1
        CODE             001-003             3           2
                         1E1-7FF           61F
        COMMON           07C-07D             2           1
        CONFIG           2007-2007             1           2
        CONST            001-003             3           2
                         1E1-7FF           100
        EEDATA           2100-213F            40           2
        ENTRY            001-003             3           2
                         1E1-7FF           100
        IDLOC            2000-2003             4           2
        RAM              03D-06F            33           1
                         0A0-0BF            20
        SFR0             000-01F            20           1
        SFR1             080-09F            20           1
        SFR2             100-16F            70           1
        SFR3             180-1EF            70           1
        STACK            03D-06F            33           1
        STRCODE          001-003             3           2
                         1E1-7FF           61F
        STRING           001-003             3           2
                         1E1-7FF           100

                                  Symbol Table

ISR@digit                cstackCOMMON 075
Send_Data@Flag           cstackBANK0  024
Send_Data@Mask           cstackBANK0  026
Send_Data@bits           cstackBANK0  028
Send_Data@byte           cstackBANK0  02A
Send_Data@number         cstackBANK0  022
_ADCON1                  (abs)        09F
_INTCON                  (abs)        00B
_INTE                    (abs)        05C
_INTF                    (abs)        059
_ISR                     text2        035
_OPTION_REG              (abs)        081
_PORTA                   (abs)        005
_PORTC                   (abs)        007
_RB4                     (abs)        034
_RB5                     (abs)        035
_RB6                     (abs)        036
_RB7                     (abs)        037
_RC4                     (abs)        03C
_RC5                     (abs)        03D
_Send_Data               text1        113
_T0IE                    (abs)        05D
_T0IF                    (abs)        05A
_TMR0                    (abs)        001
_TRISA                   (abs)        085
_TRISB                   (abs)        086
_TRISC                   (abs)        087
__Habs1                  abs1         000
__Hbank0                 bank0        000
__Hbank1                 bank1        000
__Hbank2                 bank2        000
__Hbank3                 bank3        000
__HbssBANK0              bssBANK0     000
__HbssCOMMON             bssCOMMON    000
__Hcinit                 cinit        035
__Hclrtext               clrtext      000
__Hcode                  code         000
__Hcommon                common       000
__Hconfig                config       000
__HcstackBANK0           cstackBANK0  000
__HcstackCOMMON          cstackCOMMON 000
__HdataBANK0             dataBANK0    000
__HdataCOMMON            dataCOMMON   000
__Heeprom_data           eeprom_data  000
__Hend_init              end_init     011
__Hfunctab               functab      000
__HidataBANK0            idataBANK0   000
__HidataCOMMON           idataCOMMON  000
__Hidloc                 idloc        000
__Hinit                  init         010
__Hintentry              intentry     010
__Hmaintext              maintext     000
__Hpowerup               powerup      000
__Hram                   ram          000
__Hreset_vec             reset_vec    001
__Hsfr0                  sfr0         000
__Hsfr1                  sfr1         000
__Hsfr2                  sfr2         000
__Hsfr3                  sfr3         000
__Hspace_0               (abs)        1E1
__Hspace_1               (abs)        07C
__Hspace_2               (abs)        000
__Hspace_3               (abs)        000
__Hstack                 stack        000
__Hstrings               strings      000
__Htext                  text         000
__Labs1                  abs1         000
__Lbank0                 bank0        000
__Lbank1                 bank1        000
__Lbank2                 bank2        000
__Lbank3                 bank3        000
__LbssBANK0              bssBANK0     000
__LbssCOMMON             bssCOMMON    000
__Lcinit                 cinit        011
__Lclrtext               clrtext      000
__Lcode                  code         000
__Lcommon                common       000
__Lconfig                config       000
__LcstackBANK0           cstackBANK0  000
__LcstackCOMMON          cstackCOMMON 000
__LdataBANK0             dataBANK0    000
__LdataCOMMON            dataCOMMON   000
__Leeprom_data           eeprom_data  000
__Lend_init              end_init     010
__Lfunctab               functab      000
__LidataBANK0            idataBANK0   000
__LidataCOMMON           idataCOMMON  000
__Lidloc                 idloc        000
__Linit                  init         010
__Lintentry              intentry     004
__Lmaintext              maintext     000
__Lpowerup               powerup      000
__Lram                   ram          000
__Lreset_vec             reset_vec    000
__Lsfr0                  sfr0         000
__Lsfr1                  sfr1         000
__Lsfr2                  sfr2         000
__Lsfr3                  sfr3         000
__Lspace_0               (abs)        000
__Lspace_1               (abs)        000
__Lspace_2               (abs)        000
__Lspace_3               (abs)        000
__Lstack                 stack        000
__Lstrings               strings      000
__Ltext                  text         000
__S0                     (abs)        1E1
__S1                     (abs)        07C
__S2                     (abs)        000
__S3                     (abs)        000
___int_sp                stack        000
___latbits               (abs)        000
___sp                    stack        000
__end_of_ISR             text2        113
__end_of_Send_Data       text1        183
__end_of__initialization cinit        033
__end_of_main            maintext     1D3
__initialization         cinit        011
__pbssBANK0              bssBANK0     03A
__pbssCOMMON             bssCOMMON    076
__pcstackBANK0           cstackBANK0  020
__pcstackCOMMON          cstackCOMMON 070
__pdataBANK0             dataBANK0    02F
__pdataCOMMON            dataCOMMON   079
__pidataBANK0            idataBANK0   1D3
__pidataCOMMON           idataCOMMON  1DE
__pintentry              intentry     004
__pmaintext              maintext     183
__ptext1                 text1        113
__ptext2                 text2        035
__size_of_ISR            (abs)        000
__size_of_Send_Data      (abs)        000
__size_of_main           (abs)        000
_address                 dataBANK0    039
_count                   bssBANK0     03A
_data_received           bssCOMMON    078
_data_timer              bssCOMMON    076
_digit_received          bssBANK0     03B
_digits                  dataCOMMON   079
_display                 dataBANK0    02F
_index                   bssBANK0     03C
_main                    maintext     183
btemp                    (abs)        07E
end_of_initialization    cinit        033
interrupt_function       intentry     004
intlevel0                functab      000
intlevel1                functab      000
intlevel2                functab      000
intlevel3                functab      000
intlevel4                functab      000
intlevel5                functab      000
ltemp                    (abs)        07E
ltemp0                   (abs)        07E
ltemp1                   (abs)        082
ltemp2                   (abs)        086
ltemp3                   (abs)        080
reset_vec                reset_vec    000
saved_w                  (abs)        07E
stackhi                  (abs)        000
stacklo                  (abs)        000
start                    init         010
start_initialization     cinit        011
ttemp                    (abs)        07E
ttemp0                   (abs)        07E
ttemp1                   (abs)        081
ttemp2                   (abs)        084
ttemp3                   (abs)        087
ttemp4                   (abs)        07F
wtemp                    (abs)        07E
wtemp0                   (abs)        07E
wtemp1                   (abs)        080
wtemp2                   (abs)        082
wtemp3                   (abs)        084
wtemp4                   (abs)        086
wtemp5                   (abs)        088
wtemp6                   (abs)        07F


FUNCTION INFORMATION:

 *************** function _main *****************
 Defined at:
		line 17 in file "E:\Study Material\XC8 PROJECTS\Token Display\Big_Token.C"
 Parameters:    Size  Location     Type
		None
 Auto vars:     Size  Location     Type
		None
 Return value:  Size  Location     Type
		None               void
 Registers used:
		wreg, fsr0l, fsr0h, status,2, status,0, pclath, cstack
 Tracked objects:
		On entry : 
		On exit  : 
		Unchanged: 
 Data sizes:     COMMON   BANK0   BANK1
      Params:         0       0       0
      Locals:         0       0       0
      Temps:          0       3       0
      Totals:         0       3       0
Total ram usage:        3 bytes
 Hardware stack levels required when called:    2
 This function calls:
		_Send_Data
 This function is called by:
		Startup code after reset
 This function uses a non-reentrant model


 *************** function _Send_Data *****************
 Defined at:
		line 199 in file "E:\Study Material\XC8 PROJECTS\Token Display\Big_Token.C"
 Parameters:    Size  Location     Type
		None
 Auto vars:     Size  Location     Type
  byte            2   10[BANK0 ] unsigned short 
  bits            2    8[BANK0 ] unsigned short 
  Mask            2    6[BANK0 ] unsigned short 
  Flag            2    4[BANK0 ] unsigned short 
  number          2    2[BANK0 ] unsigned short 
 Return value:  Size  Location     Type
		None               void
 Registers used:
		wreg, fsr0l, fsr0h, status,2, status,0
 Tracked objects:
		On entry : 
		On exit  : 
		Unchanged: 
 Data sizes:     COMMON   BANK0   BANK1
      Params:         0       0       0
      Locals:         0      10       0
      Temps:          0       2       0
      Totals:         0      12       0
Total ram usage:       12 bytes
 Hardware stack levels used:    1
 Hardware stack levels required when called:    1
 This function calls:
		Nothing
 This function is called by:
		_main
 This function uses a non-reentrant model


 *************** function _ISR *****************
 Defined at:
		line 88 in file "E:\Study Material\XC8 PROJECTS\Token Display\Big_Token.C"
 Parameters:    Size  Location     Type
		None
 Auto vars:     Size  Location     Type
  digit           1    5[COMMON] unsigned char 
 Return value:  Size  Location     Type
		None               void
 Registers used:
		wreg, fsr0l, fsr0h, status,2, status,0, btemp+1
 Tracked objects:
		On entry : 
		On exit  : 
		Unchanged: 
 Data sizes:     COMMON   BANK0   BANK1
      Params:         0       0       0
      Locals:         1       0       0
      Temps:          5       0       0
      Totals:         6       0       0
Total ram usage:        6 bytes
 Hardware stack levels used:    1
 This function calls:
		Nothing
 This function is called by:
		Interrupt level 1
 This function uses a non-reentrant model



MODULE INFORMATION

Module		Function		Class		Link	Load	Size
shared
		__initializatio		CODE           	0011	0000	34

shared estimated size: 34

E:\Study Material\XC8 PROJECTS\Token Display\Big_Token.C
		_ISR           		CODE           	0035	0000	222
		_main          		CODE           	0183	0000	80
		_Send_Data     		CODE           	0113	0000	112

E:\Study Material\XC8 PROJECTS\Token Display\Big_Token.C estimated size: 414

